Archive member included to satisfy reference by file (symbol)

/Applications/ArmGNUToolchain/14.3.rel1/arm-none-eabi/bin/../lib/gcc/arm-none-eabi/14.3.1/../../../../arm-none-eabi/lib/thumb/v7e-m+fp/hard/libc_nano.a(libc_a-exit.o)
                              /Applications/ArmGNUToolchain/14.3.rel1/arm-none-eabi/bin/../lib/gcc/arm-none-eabi/14.3.1/../../../../arm-none-eabi/lib/thumb/v7e-m+fp/hard/crt0.o (exit)
/Applications/ArmGNUToolchain/14.3.rel1/arm-none-eabi/bin/../lib/gcc/arm-none-eabi/14.3.1/../../../../arm-none-eabi/lib/thumb/v7e-m+fp/hard/libc_nano.a(libc_a-malloc.o)
                              build/usbh_cdc.o (malloc)
/Applications/ArmGNUToolchain/14.3.rel1/arm-none-eabi/bin/../lib/gcc/arm-none-eabi/14.3.1/../../../../arm-none-eabi/lib/thumb/v7e-m+fp/hard/libc_nano.a(libc_a-mallocr.o)
                              /Applications/ArmGNUToolchain/14.3.rel1/arm-none-eabi/bin/../lib/gcc/arm-none-eabi/14.3.1/../../../../arm-none-eabi/lib/thumb/v7e-m+fp/hard/libc_nano.a(libc_a-malloc.o) (_malloc_r)
/Applications/ArmGNUToolchain/14.3.rel1/arm-none-eabi/bin/../lib/gcc/arm-none-eabi/14.3.1/../../../../arm-none-eabi/lib/thumb/v7e-m+fp/hard/libc_nano.a(libc_a-mlock.o)
                              /Applications/ArmGNUToolchain/14.3.rel1/arm-none-eabi/bin/../lib/gcc/arm-none-eabi/14.3.1/../../../../arm-none-eabi/lib/thumb/v7e-m+fp/hard/libc_nano.a(libc_a-mallocr.o) (__malloc_lock)
/Applications/ArmGNUToolchain/14.3.rel1/arm-none-eabi/bin/../lib/gcc/arm-none-eabi/14.3.1/../../../../arm-none-eabi/lib/thumb/v7e-m+fp/hard/libc_nano.a(libc_a-findfp.o)
                              /Applications/ArmGNUToolchain/14.3.rel1/arm-none-eabi/bin/../lib/gcc/arm-none-eabi/14.3.1/../../../../arm-none-eabi/lib/thumb/v7e-m+fp/hard/libc_nano.a(libc_a-exit.o) (__stdio_exit_handler)
/Applications/ArmGNUToolchain/14.3.rel1/arm-none-eabi/bin/../lib/gcc/arm-none-eabi/14.3.1/../../../../arm-none-eabi/lib/thumb/v7e-m+fp/hard/libc_nano.a(libc_a-fwalk.o)
                              /Applications/ArmGNUToolchain/14.3.rel1/arm-none-eabi/bin/../lib/gcc/arm-none-eabi/14.3.1/../../../../arm-none-eabi/lib/thumb/v7e-m+fp/hard/libc_nano.a(libc_a-findfp.o) (_fwalk_sglue)
/Applications/ArmGNUToolchain/14.3.rel1/arm-none-eabi/bin/../lib/gcc/arm-none-eabi/14.3.1/../../../../arm-none-eabi/lib/thumb/v7e-m+fp/hard/libc_nano.a(libc_a-printf.o)
                              build/main.o (printf)
/Applications/ArmGNUToolchain/14.3.rel1/arm-none-eabi/bin/../lib/gcc/arm-none-eabi/14.3.1/../../../../arm-none-eabi/lib/thumb/v7e-m+fp/hard/libc_nano.a(libc_a-puts.o)
                              build/main.o (puts)
/Applications/ArmGNUToolchain/14.3.rel1/arm-none-eabi/bin/../lib/gcc/arm-none-eabi/14.3.1/../../../../arm-none-eabi/lib/thumb/v7e-m+fp/hard/libc_nano.a(libc_a-memset.o)
                              /Applications/ArmGNUToolchain/14.3.rel1/arm-none-eabi/bin/../lib/gcc/arm-none-eabi/14.3.1/../../../../arm-none-eabi/lib/thumb/v7e-m+fp/hard/crt0.o (memset)
/Applications/ArmGNUToolchain/14.3.rel1/arm-none-eabi/bin/../lib/gcc/arm-none-eabi/14.3.1/../../../../arm-none-eabi/lib/thumb/v7e-m+fp/hard/libc_nano.a(libc_a-sbrkr.o)
                              /Applications/ArmGNUToolchain/14.3.rel1/arm-none-eabi/bin/../lib/gcc/arm-none-eabi/14.3.1/../../../../arm-none-eabi/lib/thumb/v7e-m+fp/hard/libc_nano.a(libc_a-mallocr.o) (_sbrk_r)
/Applications/ArmGNUToolchain/14.3.rel1/arm-none-eabi/bin/../lib/gcc/arm-none-eabi/14.3.1/../../../../arm-none-eabi/lib/thumb/v7e-m+fp/hard/libc_nano.a(libc_a-errno.o)
                              build/sysmem.o (__errno)
/Applications/ArmGNUToolchain/14.3.rel1/arm-none-eabi/bin/../lib/gcc/arm-none-eabi/14.3.1/../../../../arm-none-eabi/lib/thumb/v7e-m+fp/hard/libc_nano.a(libc_a-init.o)
                              /Applications/ArmGNUToolchain/14.3.rel1/arm-none-eabi/bin/../lib/gcc/arm-none-eabi/14.3.1/../../../../arm-none-eabi/lib/thumb/v7e-m+fp/hard/crt0.o (__libc_init_array)
/Applications/ArmGNUToolchain/14.3.rel1/arm-none-eabi/bin/../lib/gcc/arm-none-eabi/14.3.1/../../../../arm-none-eabi/lib/thumb/v7e-m+fp/hard/libc_nano.a(libc_a-lock.o)
                              /Applications/ArmGNUToolchain/14.3.rel1/arm-none-eabi/bin/../lib/gcc/arm-none-eabi/14.3.1/../../../../arm-none-eabi/lib/thumb/v7e-m+fp/hard/libc_nano.a(libc_a-findfp.o) (__retarget_lock_init_recursive)
/Applications/ArmGNUToolchain/14.3.rel1/arm-none-eabi/bin/../lib/gcc/arm-none-eabi/14.3.1/../../../../arm-none-eabi/lib/thumb/v7e-m+fp/hard/libc_nano.a(libc_a-reent.o)
                              /Applications/ArmGNUToolchain/14.3.rel1/arm-none-eabi/bin/../lib/gcc/arm-none-eabi/14.3.1/../../../../arm-none-eabi/lib/thumb/v7e-m+fp/hard/libc_nano.a(libc_a-sbrkr.o) (errno)
/Applications/ArmGNUToolchain/14.3.rel1/arm-none-eabi/bin/../lib/gcc/arm-none-eabi/14.3.1/../../../../arm-none-eabi/lib/thumb/v7e-m+fp/hard/libc_nano.a(libc_a-impure.o)
[...]
Memory Configuration

Name             Origin             Length             Attributes
RAM              0x20000000         0x00030000         xrw
CCMRAM           0x10000000         0x00010000         xrw
FLASH            0x08000000         0x00200000         xr
*default*        0x00000000         0xffffffff

Linker script and memory map

LOAD /Applications/ArmGNUToolchain/14.3.rel1/arm-none-eabi/bin/../lib/gcc/arm-none-eabi/14.3.1/thumb/v7e-m+fp/hard/crti.o
LOAD /Applications/ArmGNUToolchain/14.3.rel1/arm-none-eabi/bin/../lib/gcc/arm-none-eabi/14.3.1/thumb/v7e-m+fp/hard/crtbegin.o
LOAD /Applications/ArmGNUToolchain/14.3.rel1/arm-none-eabi/bin/../lib/gcc/arm-none-eabi/14.3.1/../../../../arm-none-eabi/lib/thumb/v7e-m+fp/hard/crt0.o
LOAD build/main.o
LOAD build/gpio.o
LOAD build/freertos.o
LOAD build/crc.o
LOAD build/dma2d.o
LOAD build/fmc.o
LOAD build/i2c.o
LOAD build/ltdc.o
LOAD build/spi.o
LOAD build/tim.o
LOAD build/usart.o
LOAD build/stm32f4xx_it.o
LOAD build/stm32f4xx_hal_msp.o
LOAD build/stm32f4xx_hal_timebase_tim.o
LOAD build/usb_host.o
LOAD build/usbh_conf.o
LOAD build/usbh_platform.o
LOAD build/stm32f4xx_hal_tim.o
LOAD build/stm32f4xx_hal_tim_ex.o
LOAD build/stm32f4xx_hal_hcd.o
LOAD build/stm32f4xx_ll_usb.o
LOAD build/stm32f4xx_hal_rcc.o
LOAD build/stm32f4xx_hal_rcc_ex.o
LOAD build/stm32f4xx_hal_flash.o
LOAD build/stm32f4xx_hal_flash_ex.o
LOAD build/stm32f4xx_hal_flash_ramfunc.o
LOAD build/stm32f4xx_hal_gpio.o
LOAD build/stm32f4xx_hal_dma_ex.o
LOAD build/stm32f4xx_hal_dma.o
LOAD build/stm32f4xx_hal_pwr.o
LOAD build/stm32f4xx_hal_pwr_ex.o
LOAD build/stm32f4xx_hal_cortex.o
LOAD build/stm32f4xx_hal.o
LOAD build/stm32f4xx_hal_exti.o
LOAD build/stm32f4xx_hal_crc.o
LOAD build/stm32f4xx_hal_dma2d.o
LOAD build/stm32f4xx_ll_fmc.o
LOAD build/stm32f4xx_hal_nor.o
LOAD build/stm32f4xx_hal_sram.o
LOAD build/stm32f4xx_hal_nand.o
LOAD build/stm32f4xx_hal_pccard.o
LOAD build/stm32f4xx_hal_sdram.o
LOAD build/stm32f4xx_hal_i2c.o
LOAD build/stm32f4xx_hal_i2c_ex.o
LOAD build/stm32f4xx_hal_ltdc.o
LOAD build/stm32f4xx_hal_ltdc_ex.o
LOAD build/stm32f4xx_hal_dsi.o
LOAD build/stm32f4xx_hal_spi.o
LOAD build/stm32f4xx_hal_uart.o
LOAD build/system_stm32f4xx.o
LOAD build/croutine.o
LOAD build/event_groups.o
LOAD build/list.o
LOAD build/queue.o
LOAD build/stream_buffer.o
LOAD build/tasks.o
LOAD build/timers.o
LOAD build/cmsis_os.o
LOAD build/heap_4.o
LOAD build/port.o
LOAD build/usbh_core.o
LOAD build/usbh_ctlreq.o
LOAD build/usbh_ioreq.o
LOAD build/usbh_pipes.o
LOAD build/usbh_cdc.o
LOAD build/sysmem.o
LOAD build/syscalls.o
LOAD build/adc.o
LOAD build/dma.o
LOAD build/stm32f4xx_hal_adc.o
LOAD build/stm32f4xx_hal_adc_ex.o
LOAD build/startup_stm32f429xx.o
LOAD /Applications/ArmGNUToolchain/14.3.rel1/arm-none-eabi/bin/../lib/gcc/arm-none-eabi/14.3.1/../../../../arm-none-eabi/lib/thumb/v7e-m+fp/hard/libc_nano.a
LOAD /Applications/ArmGNUToolchain/14.3.rel1/arm-none-eabi/bin/../lib/gcc/arm-none-eabi/14.3.1/../../../../arm-none-eabi/lib/thumb/v7e-m+fp/hard/libm.a
LOAD /Applications/ArmGNUToolchain/14.3.rel1/arm-none-eabi/bin/../lib/gcc/arm-none-eabi/14.3.1/../../../../arm-none-eabi/lib/thumb/v7e-m+fp/hard/libnosys.a
START GROUP
LOAD /Applications/ArmGNUToolchain/14.3.rel1/arm-none-eabi/bin/../lib/gcc/arm-none-eabi/14.3.1/thumb/v7e-m+fp/hard/libgcc.a
LOAD /Applications/ArmGNUToolchain/14.3.rel1/arm-none-eabi/bin/../lib/gcc/arm-none-eabi/14.3.1/../../../../arm-none-eabi/lib/thumb/v7e-m+fp/hard/libc_nano.a
END GROUP
START GROUP
LOAD /Applications/ArmGNUToolchain/14.3.rel1/arm-none-eabi/bin/../lib/gcc/arm-none-eabi/14.3.1/thumb/v7e-m+fp/hard/libgcc.a
LOAD /Applications/ArmGNUToolchain/14.3.rel1/arm-none-eabi/bin/../lib/gcc/arm-none-eabi/14.3.1/../../../../arm-none-eabi/lib/thumb/v7e-m+fp/hard/libc_nano.a
END GROUP
LOAD /Applications/ArmGNUToolchain/14.3.rel1/arm-none-eabi/bin/../lib/gcc/arm-none-eabi/14.3.1/thumb/v7e-m+fp/hard/crtend.o
LOAD /Applications/ArmGNUToolchain/14.3.rel1/arm-none-eabi/bin/../lib/gcc/arm-none-eabi/14.3.1/thumb/v7e-m+fp/hard/crtn.o
                0x20030000                        _estack = (ORIGIN (RAM) + LENGTH (RAM))
                0x00000200                        _Min_Heap_Size = 0x200
                0x00000400                        _Min_Stack_Size = 0x400

.isr_vector     0x08000000      0x1ac
                0x08000000                        . = ALIGN (0x4)
 *(.isr_vector)
 .isr_vector    0x08000000      0x1ac build/startup_stm32f429xx.o
                0x08000000                g_pfnVectors
                0x080001ac                        . = ALIGN (0x4)

.text           0x080001b0     0xc7d4
                0x080001b0                        . = ALIGN (0x4)
 *(.text)
 .text          0x080001b0       0xa0 /Applications/ArmGNUToolchain/14.3.rel1/arm-none-eabi/bin/../lib/gcc/arm-none-eabi/14.3.1/../../../../arm-none-eabi/lib/thumb/v7e-m+fp/hard/libc_nano.a(libc_a-memchr.o)
                0x080001b0                memchr
 .text          0x08000250      0x378 /Applications/ArmGNUToolchain/14.3.rel1/arm-none-eabi/bin/../lib/gcc/arm-none-eabi/14.3.1/thumb/v7e-m+fp/hard/libgcc.a(_arm_addsubdf3.o)
                0x08000250                __aeabi_drsub
                0x08000258                __subdf3
                0x08000258                __aeabi_dsub
                0x0800025c                __aeabi_dadd
                0x0800025c                __adddf3
                0x080004d4                __aeabi_ui2d
                0x080004d4                __floatunsidf
                0x080004f4                __floatsidf
                0x080004f4                __aeabi_i2d
                0x08000518                __extendsfdf2
                0x08000518                __aeabi_f2d
                0x0800055c                __aeabi_ul2d
                0x0800055c                __floatundidf
                0x0800056c                __aeabi_l2d
                0x0800056c                __floatdidf
 .text          0x080005c8      0x424 /Applications/ArmGNUToolchain/14.3.rel1/arm-none-eabi/bin/../lib/gcc/arm-none-eabi/14.3.1/thumb/v7e-m+fp/hard/libgcc.a(_arm_muldivdf3.o)
                0x080005c8                __aeabi_dmul
                0x080005c8                __muldf3
                0x0800081c                __aeabi_ddiv
                0x0800081c                __divdf3
 .text          0x080009ec       0xa0 /Applications/ArmGNUToolchain/14.3.rel1/arm-none-eabi/bin/../lib/gcc/arm-none-eabi/14.3.1/thumb/v7e-m+fp/hard/libgcc.a(_arm_truncdfsf2.o)
                0x080009ec                __aeabi_d2f
                0x080009ec                __truncdfsf2
 .text          0x08000a8c       0x30 /Applications/ArmGNUToolchain/14.3.rel1/arm-none-eabi/bin/../lib/gcc/arm-none-eabi/14.3.1/thumb/v7e-m+fp/hard/libgcc.a(_aeabi_uldivmod.o)
                0x08000a8c                __aeabi_uldivmod
 .text          0x08000abc        0x4 /Applications/ArmGNUToolchain/14.3.rel1/arm-none-eabi/bin/../lib/gcc/arm-none-eabi/14.3.1/thumb/v7e-m+fp/hard/libgcc.a(_dvmd_tls.o)
                0x08000abc                __aeabi_ldiv0
                0x08000abc                __aeabi_idiv0
 *(.text*)
 .text.deregister_tm_clones
                0x08000ac0       0x1c /Applications/ArmGNUToolchain/14.3.rel1/arm-none-eabi/bin/../lib/gcc/arm-none-eabi/14.3.1/thumb/v7e-m+fp/hard/crtbegin.o
 .text.register_tm_clones
                0x08000adc       0x24 /Applications/ArmGNUToolchain/14.3.rel1/arm-none-eabi/bin/../lib/gcc/arm-none-eabi/14.3.1/thumb/v7e-m+fp/hard/crtbegin.o
 .text.__do_global_dtors_aux
                0x08000b00       0x28 /Applications/ArmGNUToolchain/14.3.rel1/arm-none-eabi/bin/../lib/gcc/arm-none-eabi/14.3.1/thumb/v7e-m+fp/hard/crtbegin.o
 .text.frame_dummy
                0x08000b28       0x24 /Applications/ArmGNUToolchain/14.3.rel1/arm-none-eabi/bin/../lib/gcc/arm-none-eabi/14.3.1/thumb/v7e-m+fp/hard/crtbegin.o
 .text._write   0x08000b4c       0x18 build/main.o
                0x08000b4c                _write
 .text.HAL_GPIO_EXTI_Callback
                0x08000b64       0x3c build/main.o
                0x08000b64                HAL_GPIO_EXTI_Callback
 .text.HAL_ADC_ConvHalfCpltCallback
                0x08000ba0       0x44 build/main.o
                0x08000ba0                HAL_ADC_ConvHalfCpltCallback
 .text.HAL_ADC_ConvCpltCallback
                0x08000be4       0x44 build/main.o
                0x08000be4                HAL_ADC_ConvCpltCallback
 .text.HAL_ADC_ErrorCallback
                0x08000c28       0x50 build/main.o
                0x08000c28                HAL_ADC_ErrorCallback
 .text.HAL_TIM_PeriodElapsedCallback
                0x08000c78       0x18 build/main.o
                0x08000c78                HAL_TIM_PeriodElapsedCallback
 .text.Error_Handler
                0x08000c90        0x4 build/main.o
                0x08000c90                Error_Handler
 .text.SystemClock_Config
                0x08000c94       0xa8 build/main.o
                0x08000c94                SystemClock_Config
 .text.main     0x08000d3c       0xec build/main.o
                0x08000d3c                main
 .text.assert_failed
                0x08000e28        0x2 build/main.o
                0x08000e28                assert_failed
 *fill*         0x08000e2a        0x2 
 .text.MX_GPIO_Init
                0x08000e2c      0x1b8 build/gpio.o
                0x08000e2c                MX_GPIO_Init
 .text.StartDefaultTask
                0x08000fe4        0xe build/freertos.o
                0x08000fe4                StartDefaultTask
 *fill*         0x08000ff2        0x6 
 .text.StartAdcProcessTask
                0x08000ff8      0x17c build/freertos.o
                0x08000ff8                StartAdcProcessTask
 .text.vApplicationIdleHook
                0x08001174        0x2 build/freertos.o
                0x08001174                vApplicationIdleHook
 *fill*         0x08001176        0x2 
 .text.vApplicationStackOverflowHook
                0x08001178       0x2c build/freertos.o
                0x08001178                vApplicationStackOverflowHook
 .text.vApplicationMallocFailedHook
                0x080011a4        0x2 build/freertos.o
                0x080011a4                vApplicationMallocFailedHook
 *fill*         0x080011a6        0x2 
 .text.vApplicationGetIdleTaskMemory
                0x080011a8       0x18 build/freertos.o
                0x080011a8                vApplicationGetIdleTaskMemory
 .text.MX_FREERTOS_Init
                0x080011c0       0xc4 build/freertos.o
                0x080011c0                MX_FREERTOS_Init
 .text.MX_CRC_Init
                0x08001284       0x20 build/crc.o
                0x08001284                MX_CRC_Init
 .text.HAL_CRC_MspInit
                0x080012a4       0x30 build/crc.o
                0x080012a4                HAL_CRC_MspInit
 .text.MX_DMA2D_Init
                0x080012d4       0x40 build/dma2d.o
                0x080012d4                MX_DMA2D_Init
 .text.HAL_DMA2D_MspInit
                0x08001314       0x40 build/dma2d.o
                0x08001314                HAL_DMA2D_MspInit
 .text.HAL_FMC_MspInit
                0x08001354       0xf8 build/fmc.o
 .text.MX_FMC_Init
                0x0800144c       0x70 build/fmc.o
                0x0800144c                MX_FMC_Init
 .text.HAL_SDRAM_MspInit
                0x080014bc        0x8 build/fmc.o
                0x080014bc                HAL_SDRAM_MspInit
 .text.MX_I2C3_Init
                0x080014c4       0x5c build/i2c.o
                0x080014c4                MX_I2C3_Init
 .text.HAL_I2C_MspInit
                0x08001520       0xb0 build/i2c.o
                0x08001520                HAL_I2C_MspInit
 .text.MX_LTDC_Init
                0x080015d0       0xb8 build/ltdc.o
                0x080015d0                MX_LTDC_Init
 .text.HAL_LTDC_MspInit
                0x08001688      0x1c8 build/ltdc.o
                0x08001688                HAL_LTDC_MspInit
 .text.MX_SPI5_Init
                0x08001850       0x44 build/spi.o
                0x08001850                MX_SPI5_Init
 .text.HAL_SPI_MspInit
                0x08001894       0x6c build/spi.o
                0x08001894                HAL_SPI_MspInit
 .text.MX_TIM1_Init
                0x08001900       0x70 build/tim.o
                0x08001900                MX_TIM1_Init
 .text.HAL_TIM_Base_MspInit
                0x08001970       0x30 build/tim.o
                0x08001970                HAL_TIM_Base_MspInit
 .text.MX_USART1_UART_Init
                0x080019a0       0x34 build/usart.o
                0x080019a0                MX_USART1_UART_Init
 .text.HAL_UART_MspInit
                0x080019d4       0x80 build/usart.o
                0x080019d4                HAL_UART_MspInit
 .text.NMI_Handler
                0x08001a54        0x2 build/stm32f4xx_it.o
                0x08001a54                NMI_Handler
 .text.HardFault_Handler
                0x08001a56        0x2 build/stm32f4xx_it.o
                0x08001a56                HardFault_Handler
 .text.MemManage_Handler
                0x08001a58        0x2 build/stm32f4xx_it.o
                0x08001a58                MemManage_Handler
 .text.BusFault_Handler
                0x08001a5a        0x2 build/stm32f4xx_it.o
                0x08001a5a                BusFault_Handler
 .text.UsageFault_Handler
                0x08001a5c        0x2 build/stm32f4xx_it.o
                0x08001a5c                UsageFault_Handler
 .text.DebugMon_Handler
                0x08001a5e        0x2 build/stm32f4xx_it.o
                0x08001a5e                DebugMon_Handler
 .text.ADC_IRQHandler
                0x08001a60       0x10 build/stm32f4xx_it.o
                0x08001a60                ADC_IRQHandler
 .text.USART1_IRQHandler
                0x08001a70       0x10 build/stm32f4xx_it.o
                0x08001a70                USART1_IRQHandler
 .text.TIM6_DAC_IRQHandler
                0x08001a80       0x10 build/stm32f4xx_it.o
                0x08001a80                TIM6_DAC_IRQHandler
 .text.DMA2_Stream0_IRQHandler
                0x08001a90       0x10 build/stm32f4xx_it.o
                0x08001a90                DMA2_Stream0_IRQHandler
 .text.OTG_HS_IRQHandler
                0x08001aa0       0x10 build/stm32f4xx_it.o
                0x08001aa0                OTG_HS_IRQHandler
 .text.LTDC_IRQHandler
                0x08001ab0       0x10 build/stm32f4xx_it.o
                0x08001ab0                LTDC_IRQHandler
 .text.DMA2D_IRQHandler
                0x08001ac0       0x10 build/stm32f4xx_it.o
                0x08001ac0                DMA2D_IRQHandler
 .text.EXTI0_IRQHandler
                0x08001ad0        0xa build/stm32f4xx_it.o
                0x08001ad0                EXTI0_IRQHandler
 *fill*         0x08001ada        0x2 
 .text.HAL_MspInit
                0x08001adc       0x44 build/stm32f4xx_hal_msp.o
                0x08001adc                HAL_MspInit
 .text.HAL_InitTick
                0x08001b20       0xa4 build/stm32f4xx_hal_timebase_tim.o
                0x08001b20                HAL_InitTick
 .text.USBH_UserProcess
                0x08001bc4       0x2c build/usb_host.o
 .text.MX_USB_HOST_Init
                0x08001bf0       0x40 build/usb_host.o
                0x08001bf0                MX_USB_HOST_Init
 .text.HAL_HCD_MspInit
                0x08001c30       0x94 build/usbh_conf.o
                0x08001c30                HAL_HCD_MspInit
 .text.HAL_HCD_SOF_Callback
                0x08001cc4        0xc build/usbh_conf.o
                0x08001cc4                HAL_HCD_SOF_Callback
 .text.HAL_HCD_Connect_Callback
                0x08001cd0        0xc build/usbh_conf.o
                0x08001cd0                HAL_HCD_Connect_Callback
 .text.HAL_HCD_Disconnect_Callback
                0x08001cdc        0xc build/usbh_conf.o
                0x08001cdc                HAL_HCD_Disconnect_Callback
 .text.HAL_HCD_HC_NotifyURBChange_Callback
                0x08001ce8        0xc build/usbh_conf.o
                0x08001ce8                HAL_HCD_HC_NotifyURBChange_Callback
 .text.HAL_HCD_PortEnabled_Callback
                0x08001cf4        0xc build/usbh_conf.o
                0x08001cf4                HAL_HCD_PortEnabled_Callback
 .text.HAL_HCD_PortDisabled_Callback
                0x08001d00        0xc build/usbh_conf.o
                0x08001d00                HAL_HCD_PortDisabled_Callback
 .text.USBH_LL_Init
                0x08001d0c       0x5c build/usbh_conf.o
                0x08001d0c                USBH_LL_Init
 .text.USBH_LL_GetSpeed
                0x08001d68       0x20 build/usbh_conf.o
                0x08001d68                USBH_LL_GetSpeed
 .text.USBH_LL_GetLastXferSize
                0x08001d88        0xc build/usbh_conf.o
                0x08001d88                USBH_LL_GetLastXferSize
 .text.USBH_LL_ClosePipe
                0x08001d94        0x4 build/usbh_conf.o
                0x08001d94                USBH_LL_ClosePipe
 .text.USBH_LL_GetURBState
                0x08001d98        0xc build/usbh_conf.o
                0x08001d98                USBH_LL_GetURBState
 .text.USBH_LL_DriverVBUS
                0x08001da4       0x1a build/usbh_conf.o
                0x08001da4                USBH_LL_DriverVBUS
 .text.USBH_LL_SetToggle
                0x08001dbe       0x2e build/usbh_conf.o
                0x08001dbe                USBH_LL_SetToggle
 .text.USBH_Delay
                0x08001dec        0x8 build/usbh_conf.o
                0x08001dec                USBH_Delay
 .text.USBH_Get_USB_Status
                0x08001df4       0x14 build/usbh_conf.o
                0x08001df4                USBH_Get_USB_Status
 .text.USBH_LL_Start
                0x08001e08       0x10 build/usbh_conf.o
                0x08001e08                USBH_LL_Start
 .text.USBH_LL_Stop
                0x08001e18       0x10 build/usbh_conf.o
                0x08001e18                USBH_LL_Stop
 .text.USBH_LL_ResetPort
                0x08001e28       0x10 build/usbh_conf.o
                0x08001e28                USBH_LL_ResetPort
 .text.USBH_LL_OpenPipe
                0x08001e38       0x26 build/usbh_conf.o
                0x08001e38                USBH_LL_OpenPipe
 .text.USBH_LL_SubmitURB
                0x08001e5e       0x2a build/usbh_conf.o
                0x08001e5e                USBH_LL_SubmitURB
 .text.MX_DriverVbusHS
                0x08001e88       0x18 build/usbh_platform.o
                0x08001e88                MX_DriverVbusHS
 .text.TIM_TI1_ConfigInputStage
                0x08001ea0       0x26 build/stm32f4xx_hal_tim.o
 .text.TIM_TI2_ConfigInputStage
                0x08001ec6       0x28 build/stm32f4xx_hal_tim.o
 .text.TIM_ITRx_SetConfig
                0x08001eee       0x10 build/stm32f4xx_hal_tim.o
 *fill*         0x08001efe        0x2 
 .text.HAL_TIM_Base_Start_IT
                0x08001f00      0x104 build/stm32f4xx_hal_tim.o
                0x08001f00                HAL_TIM_Base_Start_IT
 .text.HAL_TIM_OC_DelayElapsedCallback
                0x08002004        0x2 build/stm32f4xx_hal_tim.o
                0x08002004                HAL_TIM_OC_DelayElapsedCallback
 .text.HAL_TIM_IC_CaptureCallback
                0x08002006        0x2 build/stm32f4xx_hal_tim.o
                0x08002006                HAL_TIM_IC_CaptureCallback
 .text.HAL_TIM_PWM_PulseFinishedCallback
                0x08002008        0x2 build/stm32f4xx_hal_tim.o
                0x08002008                HAL_TIM_PWM_PulseFinishedCallback
 .text.HAL_TIM_TriggerCallback
                0x0800200a        0x2 build/stm32f4xx_hal_tim.o
                0x0800200a                HAL_TIM_TriggerCallback
 .text.HAL_TIM_IRQHandler
                0x0800200c      0x15e build/stm32f4xx_hal_tim.o
                0x0800200c                HAL_TIM_IRQHandler
 *fill*         0x0800216a        0x2 
 .text.TIM_Base_SetConfig
                0x0800216c       0xd0 build/stm32f4xx_hal_tim.o
                0x0800216c                TIM_Base_SetConfig
 .text.HAL_TIM_Base_Init
                0x0800223c      0x168 build/stm32f4xx_hal_tim.o
                0x0800223c                HAL_TIM_Base_Init
 .text.TIM_ETR_SetConfig
                0x080023a4       0x1a build/stm32f4xx_hal_tim.o
                0x080023a4                TIM_ETR_SetConfig
 *fill*         0x080023be        0x2 
 .text.HAL_TIM_ConfigClockSource
                0x080023c0      0x4f8 build/stm32f4xx_hal_tim.o
                0x080023c0                HAL_TIM_ConfigClockSource
 .text.HAL_TIMEx_MasterConfigSynchronization
                0x080028b8      0x118 build/stm32f4xx_hal_tim_ex.o
                0x080028b8                HAL_TIMEx_MasterConfigSynchronization
 .text.HAL_TIMEx_CommutCallback
                0x080029d0        0x2 build/stm32f4xx_hal_tim_ex.o
                0x080029d0                HAL_TIMEx_CommutCallback
 .text.HAL_TIMEx_BreakCallback
                0x080029d2        0x2 build/stm32f4xx_hal_tim_ex.o
                0x080029d2                HAL_TIMEx_BreakCallback
 .text.HCD_RXQLVL_IRQHandler
                0x080029d4       0xac build/stm32f4xx_hal_hcd.o
 .text.HAL_HCD_Init
                0x08002a80       0xb0 build/stm32f4xx_hal_hcd.o
                0x08002a80                HAL_HCD_Init
 .text.HAL_HCD_HC_SubmitRequest
                0x08002b30      0x1ce build/stm32f4xx_hal_hcd.o
                0x08002b30                HAL_HCD_HC_SubmitRequest
 .text.HCD_Port_IRQHandler
                0x08002cfe       0xb0 build/stm32f4xx_hal_hcd.o
 *fill*         0x08002dae        0x2 
 .text.HCD_HC_IN_IRQHandler
                0x08002db0      0x5bc build/stm32f4xx_hal_hcd.o
 .text.HCD_HC_OUT_IRQHandler
                0x0800336c      0x48c build/stm32f4xx_hal_hcd.o
 .text.HAL_HCD_IRQHandler
                0x080037f8      0x15c build/stm32f4xx_hal_hcd.o
                0x080037f8                HAL_HCD_IRQHandler
 .text.HAL_HCD_Start
                0x08003954       0x2a build/stm32f4xx_hal_hcd.o
                0x08003954                HAL_HCD_Start
 .text.HAL_HCD_Stop
                0x0800397e       0x24 build/stm32f4xx_hal_hcd.o
                0x0800397e                HAL_HCD_Stop
 .text.HAL_HCD_ResetPort
                0x080039a2        0xa build/stm32f4xx_hal_hcd.o
                0x080039a2                HAL_HCD_ResetPort
 .text.HAL_HCD_HC_GetURBState
                0x080039ac        0xe build/stm32f4xx_hal_hcd.o
                0x080039ac                HAL_HCD_HC_GetURBState
 .text.HAL_HCD_HC_GetXferCount
                0x080039ba        0xc build/stm32f4xx_hal_hcd.o
                0x080039ba                HAL_HCD_HC_GetXferCount
 .text.HAL_HCD_GetCurrentFrame
                0x080039c6        0xa build/stm32f4xx_hal_hcd.o
                0x080039c6                HAL_HCD_GetCurrentFrame
 .text.HAL_HCD_GetCurrentSpeed
                0x080039d0        0xa build/stm32f4xx_hal_hcd.o
                0x080039d0                HAL_HCD_GetCurrentSpeed
 .text.HAL_HCD_HC_ClearHubInfo
                0x080039da       0x18 build/stm32f4xx_hal_hcd.o
                0x080039da                HAL_HCD_HC_ClearHubInfo
 .text.HAL_HCD_HC_Init
                0x080039f2       0xca build/stm32f4xx_hal_hcd.o
                0x080039f2                HAL_HCD_HC_Init
 .text.USB_CoreReset
                0x08003abc       0x58 build/stm32f4xx_ll_usb.o
 .text.USB_CoreInit
                0x08003b14       0x92 build/stm32f4xx_ll_usb.o
                0x08003b14                USB_CoreInit
 .text.USB_EnableGlobalInt
                0x08003ba6        0xc build/stm32f4xx_ll_usb.o
                0x08003ba6                USB_EnableGlobalInt
 .text.USB_DisableGlobalInt
                0x08003bb2        0xc build/stm32f4xx_ll_usb.o
                0x08003bb2                USB_DisableGlobalInt
 .text.USB_FlushTxFifo
                0x08003bbe       0x4a build/stm32f4xx_ll_usb.o
                0x08003bbe                USB_FlushTxFifo
 .text.USB_FlushRxFifo
                0x08003c08       0x46 build/stm32f4xx_ll_usb.o
                0x08003c08                USB_FlushRxFifo
 .text.USB_WritePacket
                0x08003c4e       0x2e build/stm32f4xx_ll_usb.o
                0x08003c4e                USB_WritePacket
 .text.USB_ReadPacket
                0x08003c7c       0x46 build/stm32f4xx_ll_usb.o
                0x08003c7c                USB_ReadPacket
 .text.USB_ReadInterrupts
                0x08003cc2        0x8 build/stm32f4xx_ll_usb.o
                0x08003cc2                USB_ReadInterrupts
 .text.USB_ReadChInterrupts
                0x08003cca       0x12 build/stm32f4xx_ll_usb.o
                0x08003cca                USB_ReadChInterrupts
 .text.USB_GetMode
                0x08003cdc        0x8 build/stm32f4xx_ll_usb.o
                0x08003cdc                USB_GetMode
 .text.USB_SetCurrentMode
                0x08003ce4       0x62 build/stm32f4xx_ll_usb.o
                0x08003ce4                USB_SetCurrentMode
 *fill*         0x08003d46        0x2 
 .text.USB_HostInit
                0x08003d48      0x100 build/stm32f4xx_ll_usb.o
                0x08003d48                USB_HostInit
 .text.USB_InitFSLSPClkSel
                0x08003e48       0x42 build/stm32f4xx_ll_usb.o
                0x08003e48                USB_InitFSLSPClkSel
 .text.USB_ResetPort
                0x08003e8a       0x3e build/stm32f4xx_ll_usb.o
                0x08003e8a                USB_ResetPort
 .text.USB_DriveVbus
                0x08003ec8       0x46 build/stm32f4xx_ll_usb.o
                0x08003ec8                USB_DriveVbus
 .text.USB_GetHostSpeed
                0x08003f0e       0x16 build/stm32f4xx_ll_usb.o
                0x08003f0e                USB_GetHostSpeed
 .text.USB_GetCurrentFrame
                0x08003f24        0xa build/stm32f4xx_ll_usb.o
                0x08003f24                USB_GetCurrentFrame
 *fill*         0x08003f2e        0x2 
 .text.USB_HC_Init
                0x08003f30      0x130 build/stm32f4xx_ll_usb.o
                0x08003f30                USB_HC_Init
 .text.USB_HC_ReadInterrupt
                0x08004060        0xa build/stm32f4xx_ll_usb.o
                0x08004060                USB_HC_ReadInterrupt
 .text.USB_HC_Halt
                0x0800406a       0xfc build/stm32f4xx_ll_usb.o
                0x0800406a                USB_HC_Halt
 *fill*         0x08004166        0x2 
 .text.USB_DoPing
                0x08004168       0x24 build/stm32f4xx_ll_usb.o
                0x08004168                USB_DoPing
 .text.USB_HC_StartXfer
                0x0800418c      0x2c8 build/stm32f4xx_ll_usb.o
                0x0800418c                USB_HC_StartXfer
 .text.USB_StopHost
                0x08004454       0x92 build/stm32f4xx_ll_usb.o
                0x08004454                USB_StopHost
 *fill*         0x080044e6        0x2 
 .text.HAL_RCC_OscConfig
                0x080044e8      0x4fc build/stm32f4xx_hal_rcc.o
                0x080044e8                HAL_RCC_OscConfig
 .text.HAL_RCC_GetSysClockFreq
                0x080049e4       0xdc build/stm32f4xx_hal_rcc.o
                0x080049e4                HAL_RCC_GetSysClockFreq
 .text.HAL_RCC_ClockConfig
                0x08004ac0      0x224 build/stm32f4xx_hal_rcc.o
                0x08004ac0                HAL_RCC_ClockConfig
 .text.HAL_RCC_GetHCLKFreq
                0x08004ce4        0xc build/stm32f4xx_hal_rcc.o
                0x08004ce4                HAL_RCC_GetHCLKFreq
 .text.HAL_RCC_GetPCLK1Freq
                0x08004cf0       0x20 build/stm32f4xx_hal_rcc.o
                0x08004cf0                HAL_RCC_GetPCLK1Freq
 .text.HAL_RCC_GetPCLK2Freq
                0x08004d10       0x20 build/stm32f4xx_hal_rcc.o
                0x08004d10                HAL_RCC_GetPCLK2Freq
 .text.HAL_RCC_GetClockConfig
                0x08004d30       0x3c build/stm32f4xx_hal_rcc.o
                0x08004d30                HAL_RCC_GetClockConfig
 .text.HAL_RCCEx_PeriphCLKConfig
                0x08004d6c      0x4a0 build/stm32f4xx_hal_rcc_ex.o
                0x08004d6c                HAL_RCCEx_PeriphCLKConfig
 .text.HAL_GPIO_Init
                0x0800520c      0x2dc build/stm32f4xx_hal_gpio.o
                0x0800520c                HAL_GPIO_Init
 .text.HAL_GPIO_WritePin
                0x080054e8       0x38 build/stm32f4xx_hal_gpio.o
                0x080054e8                HAL_GPIO_WritePin
 .text.HAL_GPIO_TogglePin
                0x08005520       0x2c build/stm32f4xx_hal_gpio.o
                0x08005520                HAL_GPIO_TogglePin
 .text.HAL_GPIO_EXTI_IRQHandler
                0x0800554c       0x1c build/stm32f4xx_hal_gpio.o
                0x0800554c                HAL_GPIO_EXTI_IRQHandler
 .text.DMA_SetConfig
                0x08005568       0x2c build/stm32f4xx_hal_dma.o
 .text.DMA_CalcBaseAndBitshift
                0x08005594       0x3c build/stm32f4xx_hal_dma.o
 .text.DMA_CheckFifoParam
                0x080055d0       0x8e build/stm32f4xx_hal_dma.o
 *fill*         0x0800565e        0x2 
 .text.HAL_DMA_Init
                0x08005660      0x290 build/stm32f4xx_hal_dma.o
                0x08005660                HAL_DMA_Init
 .text.HAL_DMA_Start_IT
                0x080058f0       0x98 build/stm32f4xx_hal_dma.o
                0x080058f0                HAL_DMA_Start_IT
 .text.HAL_DMA_Abort
                0x08005988       0x92 build/stm32f4xx_hal_dma.o
                0x08005988                HAL_DMA_Abort
 .text.HAL_DMA_Abort_IT
                0x08005a1a       0x24 build/stm32f4xx_hal_dma.o
                0x08005a1a                HAL_DMA_Abort_IT
 *fill*         0x08005a3e        0x2 
 .text.HAL_DMA_IRQHandler
                0x08005a40      0x1dc build/stm32f4xx_hal_dma.o
                0x08005a40                HAL_DMA_IRQHandler
 .text.__NVIC_EnableIRQ
                0x08005c1c       0x1c build/stm32f4xx_hal_cortex.o
 .text.__NVIC_SetPriority
                0x08005c38       0x28 build/stm32f4xx_hal_cortex.o
 .text.NVIC_EncodePriority
                0x08005c60       0x3e build/stm32f4xx_hal_cortex.o
 *fill*         0x08005c9e        0x2 
 .text.HAL_NVIC_SetPriorityGrouping
                0x08005ca0       0x3c build/stm32f4xx_hal_cortex.o
                0x08005ca0                HAL_NVIC_SetPriorityGrouping
 .text.HAL_NVIC_SetPriority
                0x08005cdc       0x48 build/stm32f4xx_hal_cortex.o
                0x08005cdc                HAL_NVIC_SetPriority
 .text.HAL_NVIC_EnableIRQ
                0x08005d24       0x1c build/stm32f4xx_hal_cortex.o
                0x08005d24                HAL_NVIC_EnableIRQ
 .text.HAL_Init
                0x08005d40       0x34 build/stm32f4xx_hal.o
                0x08005d40                HAL_Init
 .text.HAL_IncTick
                0x08005d74       0x18 build/stm32f4xx_hal.o
                0x08005d74                HAL_IncTick
 .text.HAL_GetTick
                0x08005d8c        0xc build/stm32f4xx_hal.o
                0x08005d8c                HAL_GetTick
 .text.HAL_Delay
                0x08005d98       0x28 build/stm32f4xx_hal.o
                0x08005d98                HAL_Delay
 .text.HAL_CRC_Init
                0x08005dc0       0x38 build/stm32f4xx_hal_crc.o
                0x08005dc0                HAL_CRC_Init
 .text.HAL_DMA2D_Init
                0x08005df8       0xb4 build/stm32f4xx_hal_dma2d.o
                0x08005df8                HAL_DMA2D_Init
 .text.HAL_DMA2D_LineEventCallback
                0x08005eac        0x2 build/stm32f4xx_hal_dma2d.o
                0x08005eac                HAL_DMA2D_LineEventCallback
 .text.HAL_DMA2D_CLUTLoadingCpltCallback
                0x08005eae        0x2 build/stm32f4xx_hal_dma2d.o
                0x08005eae                HAL_DMA2D_CLUTLoadingCpltCallback
 .text.HAL_DMA2D_IRQHandler
                0x08005eb0      0x13c build/stm32f4xx_hal_dma2d.o
                0x08005eb0                HAL_DMA2D_IRQHandler
 .text.HAL_DMA2D_ConfigLayer
                0x08005fec      0x12c build/stm32f4xx_hal_dma2d.o
                0x08005fec                HAL_DMA2D_ConfigLayer
 .text.FMC_SDRAM_Init
                0x08006118      0x174 build/stm32f4xx_ll_fmc.o
                0x08006118                FMC_SDRAM_Init
 .text.FMC_SDRAM_Timing_Init
                0x0800628c      0x150 build/stm32f4xx_ll_fmc.o
                0x0800628c                FMC_SDRAM_Timing_Init
 .text.HAL_SDRAM_Init
                0x080063dc       0x40 build/stm32f4xx_hal_sdram.o
                0x080063dc                HAL_SDRAM_Init
 .text.HAL_I2C_Init
                0x0800641c      0x294 build/stm32f4xx_hal_i2c.o
                0x0800641c                HAL_I2C_Init
 .text.HAL_I2CEx_ConfigAnalogFilter
                0x080066b0       0x80 build/stm32f4xx_hal_i2c_ex.o
                0x080066b0                HAL_I2CEx_ConfigAnalogFilter
 .text.HAL_I2CEx_ConfigDigitalFilter
                0x08006730       0x80 build/stm32f4xx_hal_i2c_ex.o
                0x08006730                HAL_I2CEx_ConfigDigitalFilter
 .text.LTDC_SetConfig
                0x080067b0      0x18c build/stm32f4xx_hal_ltdc.o
 .text.HAL_LTDC_Init
                0x0800693c      0x1d4 build/stm32f4xx_hal_ltdc.o
                0x0800693c                HAL_LTDC_Init
 .text.HAL_LTDC_ErrorCallback
                0x08006b10        0x2 build/stm32f4xx_hal_ltdc.o
                0x08006b10                HAL_LTDC_ErrorCallback
 .text.HAL_LTDC_LineEventCallback
                0x08006b12        0x2 build/stm32f4xx_hal_ltdc.o
                0x08006b12                HAL_LTDC_LineEventCallback
 .text.HAL_LTDC_ReloadEventCallback
                0x08006b14        0x2 build/stm32f4xx_hal_ltdc.o
                0x08006b14                HAL_LTDC_ReloadEventCallback
 .text.HAL_LTDC_IRQHandler
                0x08006b16       0xda build/stm32f4xx_hal_ltdc.o
                0x08006b16                HAL_LTDC_IRQHandler
 .text.HAL_LTDC_ConfigLayer
                0x08006bf0      0x15c build/stm32f4xx_hal_ltdc.o
                0x08006bf0                HAL_LTDC_ConfigLayer
 .text.HAL_SPI_Init
                0x08006d4c      0x274 build/stm32f4xx_hal_spi.o
                0x08006d4c                HAL_SPI_Init
 .text.UART_EndRxTransfer
                0x08006fc0       0x5c build/stm32f4xx_hal_uart.o
 .text.UART_Transmit_IT
                0x0800701c       0x5e build/stm32f4xx_hal_uart.o
 *fill*         0x0800707a        0x2 
 .text.UART_SetConfig
                0x0800707c      0x174 build/stm32f4xx_hal_uart.o
 .text.UART_WaitOnFlagUntilTimeout
                0x080071f0       0x86 build/stm32f4xx_hal_uart.o
 *fill*         0x08007276        0x2 
 .text.HAL_UART_Init
                0x08007278      0x13c build/stm32f4xx_hal_uart.o
                0x08007278                HAL_UART_Init
 .text.HAL_UART_Transmit
                0x080073b4       0xca build/stm32f4xx_hal_uart.o
                0x080073b4                HAL_UART_Transmit
 .text.HAL_UART_TxCpltCallback
                0x0800747e        0x2 build/stm32f4xx_hal_uart.o
                0x0800747e                HAL_UART_TxCpltCallback
 .text.UART_EndTransmit_IT
                0x08007480       0x1a build/stm32f4xx_hal_uart.o
 .text.HAL_UART_RxCpltCallback
                0x0800749a        0x2 build/stm32f4xx_hal_uart.o
                0x0800749a                HAL_UART_RxCpltCallback
 .text.HAL_UART_ErrorCallback
                0x0800749c        0x2 build/stm32f4xx_hal_uart.o
                0x0800749c                HAL_UART_ErrorCallback
 .text.UART_DMAAbortOnError
                0x0800749e        0xe build/stm32f4xx_hal_uart.o
 .text.HAL_UARTEx_RxEventCallback
                0x080074ac        0x2 build/stm32f4xx_hal_uart.o
                0x080074ac                HAL_UARTEx_RxEventCallback
 .text.UART_Receive_IT
                0x080074ae       0xe4 build/stm32f4xx_hal_uart.o
 *fill*         0x08007592        0x2 
 .text.HAL_UART_IRQHandler
                0x08007594      0x2a0 build/stm32f4xx_hal_uart.o
                0x08007594                HAL_UART_IRQHandler
 .text.SystemInit
                0x08007834       0x14 build/system_stm32f4xx.o
                0x08007834                SystemInit
 .text.vListInitialise
                0x08007848       0x16 build/list.o
                0x08007848                vListInitialise
 .text.vListInitialiseItem
                0x0800785e        0x6 build/list.o
                0x0800785e                vListInitialiseItem
 .text.vListInsertEnd
                0x08007864       0x16 build/list.o
                0x08007864                vListInsertEnd
 .text.vListInsert
                0x0800787a       0x32 build/list.o
                0x0800787a                vListInsert
 .text.uxListRemove
                0x080078ac       0x26 build/list.o
                0x080078ac                uxListRemove
 .text.prvGetDisinheritPriorityAfterTimeout
                0x080078d2       0x10 build/queue.o
 .text.prvIsQueueFull
                0x080078e2       0x1e build/queue.o
 .text.prvIsQueueEmpty
                0x08007900       0x1a build/queue.o
 .text.prvCopyDataToQueue
                0x0800791a       0x76 build/queue.o
 .text.prvCopyDataFromQueue
                0x08007990       0x24 build/queue.o
 .text.prvUnlockQueue
                0x080079b4       0x6e build/queue.o
 .text.xQueueGenericReset
                0x08007a22       0x84 build/queue.o
                0x08007a22                xQueueGenericReset
 .text.prvInitialiseNewQueue
                0x08007aa6       0x1c build/queue.o
 .text.xQueueGenericCreateStatic
                0x08007ac2       0x94 build/queue.o
                0x08007ac2                xQueueGenericCreateStatic
 .text.xQueueGenericCreate
                0x08007b56       0x48 build/queue.o
                0x08007b56                xQueueGenericCreate
 .text.xQueueGenericSend
                0x08007b9e      0x188 build/queue.o
                0x08007b9e                xQueueGenericSend
 .text.xQueueGenericSendFromISR
                0x08007d26       0xce build/queue.o
                0x08007d26                xQueueGenericSendFromISR
 .text.xQueueGiveFromISR
                0x08007df4       0xb2 build/queue.o
                0x08007df4                xQueueGiveFromISR
 .text.xQueueReceive
                0x08007ea6      0x15e build/queue.o
                0x08007ea6                xQueueReceive
 .text.xQueueSemaphoreTake
                0x08008004      0x1a6 build/queue.o
                0x08008004                xQueueSemaphoreTake
 .text.xQueueReceiveFromISR
                0x080081aa       0xae build/queue.o
                0x080081aa                xQueueReceiveFromISR
 .text.uxQueueMessagesWaiting
                0x08008258       0x26 build/queue.o
                0x08008258                uxQueueMessagesWaiting
 .text.uxQueueMessagesWaitingFromISR
                0x0800827e       0x18 build/queue.o
                0x0800827e                uxQueueMessagesWaitingFromISR
 *fill*         0x08008296        0x2 
 .text.prvResetNextTaskUnblockTime
                0x08008298       0x2c build/tasks.o
 .text.prvInitialiseNewTask
                0x080082c4       0xa4 build/tasks.o
 .text.prvInitialiseTaskLists
                0x08008368       0x68 build/tasks.o
 .text.prvAddNewTaskToReadyList
                0x080083d0       0xa8 build/tasks.o
 .text.prvDeleteTCB
                0x08008478       0x38 build/tasks.o
 .text.prvCheckTasksWaitingTermination
                0x080084b0       0x4c build/tasks.o
 .text.prvAddCurrentTaskToDelayedList
                0x080084fc       0x98 build/tasks.o
 .text.prvIdleTask
                0x08008594       0x30 build/tasks.o
 .text.xTaskCreateStatic
                0x080085c4       0x76 build/tasks.o
                0x080085c4                xTaskCreateStatic
 .text.xTaskCreate
                0x0800863a       0x64 build/tasks.o
                0x0800863a                xTaskCreate
 *fill*         0x0800869e        0x2 
 .text.vTaskStartScheduler
                0x080086a0       0x74 build/tasks.o
                0x080086a0                vTaskStartScheduler
 .text.vTaskSuspendAll
                0x08008714       0x10 build/tasks.o
                0x08008714                vTaskSuspendAll
 .text.xTaskIncrementTick
                0x08008724      0x118 build/tasks.o
                0x08008724                xTaskIncrementTick
 .text.xTaskResumeAll
                0x0800883c       0xf8 build/tasks.o
                0x0800883c                xTaskResumeAll
 .text.vTaskDelay
                0x08008934       0x4c build/tasks.o
                0x08008934                vTaskDelay
 .text.vTaskSwitchContext
                0x08008980       0xcc build/tasks.o
                0x08008980                vTaskSwitchContext
 .text.vTaskPlaceOnEventList
                0x08008a4c       0x30 build/tasks.o
                0x08008a4c                vTaskPlaceOnEventList
 .text.xTaskRemoveFromEventList
                0x08008a7c       0x8c build/tasks.o
                0x08008a7c                xTaskRemoveFromEventList
 .text.vTaskInternalSetTimeOutState
                0x08008b08       0x18 build/tasks.o
                0x08008b08                vTaskInternalSetTimeOutState
 .text.xTaskCheckForTimeOut
                0x08008b20       0x88 build/tasks.o
                0x08008b20                xTaskCheckForTimeOut
 .text.vTaskMissedYield
                0x08008ba8        0xc build/tasks.o
                0x08008ba8                vTaskMissedYield
 .text.xTaskGetSchedulerState
                0x08008bb4       0x20 build/tasks.o
                0x08008bb4                xTaskGetSchedulerState
 .text.xTaskPriorityInherit
                0x08008bd4       0xac build/tasks.o
                0x08008bd4                xTaskPriorityInherit
 .text.xTaskPriorityDisinherit
                0x08008c80       0xb0 build/tasks.o
                0x08008c80                xTaskPriorityDisinherit
 .text.vTaskPriorityDisinheritAfterTimeout
                0x08008d30       0xb4 build/tasks.o
                0x08008d30                vTaskPriorityDisinheritAfterTimeout
 .text.pvTaskIncrementMutexHeldCount
                0x08008de4       0x1c build/tasks.o
                0x08008de4                pvTaskIncrementMutexHeldCount
 .text.makeFreeRtosPriority
                0x08008e00        0xc build/cmsis_os.o
 .text.inHandlerMode
                0x08008e0c        0xc build/cmsis_os.o
 .text.osKernelStart
                0x08008e18        0xa build/cmsis_os.o
                0x08008e18                osKernelStart
 .text.osThreadCreate
                0x08008e22       0x66 build/cmsis_os.o
                0x08008e22                osThreadCreate
 .text.osDelay  0x08008e88        0xe build/cmsis_os.o
                0x08008e88                osDelay
 .text.osMessageCreate
                0x08008e96       0x2a build/cmsis_os.o
                0x08008e96                osMessageCreate
 .text.osMessagePut
                0x08008ec0       0x66 build/cmsis_os.o
                0x08008ec0                osMessagePut
 .text.osMessageGet
                0x08008f26       0x84 build/cmsis_os.o
                0x08008f26                osMessageGet
 .text.osMessageWaiting
                0x08008faa       0x1a build/cmsis_os.o
                0x08008faa                osMessageWaiting
 .text.prvHeapInit
                0x08008fc4       0x64 build/heap_4.o
 .text.prvInsertBlockIntoFreeList
                0x08009028       0x64 build/heap_4.o
 .text.pvPortMalloc
                0x0800908c      0x118 build/heap_4.o
                0x0800908c                pvPortMalloc
 .text.vPortFree
                0x080091a4       0x7c build/heap_4.o
                0x080091a4                vPortFree
 .text.prvTaskExitError
                0x08009220       0x40 build/port.o
 .text.prvPortStartFirstTask
                0x08009260       0x28 build/port.o
 .text.vPortEnableVFP
                0x08009288       0x14 build/port.o
 .text.pxPortInitialiseStack
                0x0800929c       0x2c build/port.o
                0x0800929c                pxPortInitialiseStack
 *fill*         0x080092c8        0x8 
 .text.SVC_Handler
                0x080092d0       0x24 build/port.o
                0x080092d0                SVC_Handler
 .text.vPortEnterCritical
                0x080092f4       0x44 build/port.o
                0x080092f4                vPortEnterCritical
 .text.vPortExitCritical
                0x08009338       0x2c build/port.o
                0x08009338                vPortExitCritical
 *fill*         0x08009364        0xc 
 .text.PendSV_Handler
                0x08009370       0x64 build/port.o
                0x08009370                PendSV_Handler
 .text.SysTick_Handler
                0x080093d4       0x2c build/port.o
                0x080093d4                SysTick_Handler
 .text.vPortSetupTimerInterrupt
                0x08009400       0x28 build/port.o
                0x08009400                vPortSetupTimerInterrupt
 .text.xPortStartScheduler
                0x08009428      0x118 build/port.o
                0x08009428                xPortStartScheduler
 .text.vPortValidateInterruptPriority
                0x08009540       0x5c build/port.o
                0x08009540                vPortValidateInterruptPriority
 .text.USBH_HandleSof
                0x0800959c       0x18 build/usbh_core.o
 .text.DeInitStateMachine
                0x080095b4       0x94 build/usbh_core.o
 .text.USBH_Init
                0x08009648       0x88 build/usbh_core.o
                0x08009648                USBH_Init
 .text.USBH_RegisterClass
                0x080096d0       0x22 build/usbh_core.o
                0x080096d0                USBH_RegisterClass
 .text.USBH_SelectInterface
                0x080096f2       0x14 build/usbh_core.o
                0x080096f2                USBH_SelectInterface
 .text.USBH_FindInterface
                0x08009706       0x54 build/usbh_core.o
                0x08009706                USBH_FindInterface
 .text.USBH_Start
                0x0800975a       0x14 build/usbh_core.o
                0x0800975a                USBH_Start
 .text.USBH_LL_SetTimer
                0x0800976e        0x6 build/usbh_core.o
                0x0800976e                USBH_LL_SetTimer
 .text.USBH_LL_IncTimer
                0x08009774       0x12 build/usbh_core.o
                0x08009774                USBH_LL_IncTimer
 .text.USBH_LL_PortDisabled
                0x08009786        0xe build/usbh_core.o
                0x08009786                USBH_LL_PortDisabled
 .text.USBH_OS_PutMessage
                0x08009794       0x28 build/usbh_core.o
                0x08009794                USBH_OS_PutMessage
 .text.USBH_HandleEnum
                0x080097bc      0x2a6 build/usbh_core.o
 .text.USBH_Process
                0x08009a62      0x2f2 build/usbh_core.o
                0x08009a62                USBH_Process
 .text.USBH_Process_OS
                0x08009d54       0x22 build/usbh_core.o
 .text.USBH_LL_PortEnabled
                0x08009d76       0x12 build/usbh_core.o
                0x08009d76                USBH_LL_PortEnabled
 .text.USBH_LL_Connect
                0x08009d88       0x1e build/usbh_core.o
                0x08009d88                USBH_LL_Connect
 .text.USBH_LL_Disconnect
                0x08009da6       0x38 build/usbh_core.o
                0x08009da6                USBH_LL_Disconnect
 .text.USBH_LL_NotifyURBChange
                0x08009dde       0x10 build/usbh_core.o
                0x08009dde                USBH_LL_NotifyURBChange
 *fill*         0x08009dee        0x2 
 .text.USBH_ParseDevDesc
                0x08009df0       0xf4 build/usbh_ctlreq.o
 .text.USBH_ParseInterfaceDesc
                0x08009ee4       0x26 build/usbh_ctlreq.o
 .text.USBH_ParseEPDesc
                0x08009f0a       0xe4 build/usbh_ctlreq.o
 .text.USBH_ParseStringDesc
                0x08009fee       0x32 build/usbh_ctlreq.o
 .text.USBH_HandleControl
                0x0800a020      0x298 build/usbh_ctlreq.o
 .text.USBH_GetNextDesc
                0x0800a2b8        0xe build/usbh_ctlreq.o
                0x0800a2b8                USBH_GetNextDesc
 .text.USBH_ParseCfgDesc
                0x0800a2c6      0x182 build/usbh_ctlreq.o
 .text.USBH_CtlReq
                0x0800a448       0x58 build/usbh_ctlreq.o
                0x0800a448                USBH_CtlReq
 .text.USBH_GetDescriptor
                0x0800a4a0       0x42 build/usbh_ctlreq.o
                0x0800a4a0                USBH_GetDescriptor
 .text.USBH_Get_DevDesc
                0x0800a4e2       0x36 build/usbh_ctlreq.o
                0x0800a4e2                USBH_Get_DevDesc
 .text.USBH_Get_CfgDesc
                0x0800a518       0x36 build/usbh_ctlreq.o
                0x0800a518                USBH_Get_CfgDesc
 .text.USBH_Get_StringDesc
                0x0800a54e       0x40 build/usbh_ctlreq.o
                0x0800a54e                USBH_Get_StringDesc
 .text.USBH_SetAddress
                0x0800a58e       0x22 build/usbh_ctlreq.o
                0x0800a58e                USBH_SetAddress
 .text.USBH_SetCfg
                0x0800a5b0       0x22 build/usbh_ctlreq.o
                0x0800a5b0                USBH_SetCfg
 .text.USBH_SetFeature
                0x0800a5d2       0x22 build/usbh_ctlreq.o
                0x0800a5d2                USBH_SetFeature
 .text.USBH_ClrFeature
                0x0800a5f4       0x24 build/usbh_ctlreq.o
                0x0800a5f4                USBH_ClrFeature
 .text.USBH_CtlSendSetup
                0x0800a618       0x22 build/usbh_ioreq.o
                0x0800a618                USBH_CtlSendSetup
 .text.USBH_CtlSendData
                0x0800a63a       0x2c build/usbh_ioreq.o
                0x0800a63a                USBH_CtlSendData
 .text.USBH_CtlReceiveData
                0x0800a666       0x20 build/usbh_ioreq.o
                0x0800a666                USBH_CtlReceiveData
 .text.USBH_BulkSendData
                0x0800a686       0x2c build/usbh_ioreq.o
                0x0800a686                USBH_BulkSendData
 .text.USBH_BulkReceiveData
                0x0800a6b2       0x20 build/usbh_ioreq.o
                0x0800a6b2                USBH_BulkReceiveData
 .text.USBH_GetFreePipe
                0x0800a6d2       0x26 build/usbh_pipes.o
 .text.USBH_OpenPipe
                0x0800a6f8       0x20 build/usbh_pipes.o
                0x0800a6f8                USBH_OpenPipe
 .text.USBH_ClosePipe
                0x0800a718        0xa build/usbh_pipes.o
                0x0800a718                USBH_ClosePipe
 .text.USBH_AllocPipe
                0x0800a722       0x26 build/usbh_pipes.o
                0x0800a722                USBH_AllocPipe
 .text.USBH_FreePipe
                0x0800a748       0x16 build/usbh_pipes.o
                0x0800a748                USBH_FreePipe
 .text.USBH_CDC_SOFProcess
                0x0800a75e        0x4 build/usbh_cdc.o
 .text.SetLineCoding
                0x0800a762       0x1a build/usbh_cdc.o
 .text.GetLineCoding
                0x0800a77c       0x1a build/usbh_cdc.o
 .text.USBH_CDC_ClassRequest
                0x0800a796       0x22 build/usbh_cdc.o
 .text.USBH_CDC_InterfaceDeInit
                0x0800a7b8       0x68 build/usbh_cdc.o
 .text.USBH_CDC_InterfaceInit
                0x0800a820      0x186 build/usbh_cdc.o
 .text.USBH_CDC_TransmitCallback
                0x0800a9a6        0x2 build/usbh_cdc.o
                0x0800a9a6                USBH_CDC_TransmitCallback
 .text.CDC_ProcessTransmission
                0x0800a9a8       0xaa build/usbh_cdc.o
 .text.USBH_CDC_ReceiveCallback
                0x0800aa52        0x2 build/usbh_cdc.o
                0x0800aa52                USBH_CDC_ReceiveCallback
 .text.CDC_ProcessReception
                0x0800aa54       0x72 build/usbh_cdc.o
 .text.USBH_CDC_LineCodingChanged
                0x0800aac6        0x2 build/usbh_cdc.o
                0x0800aac6                USBH_CDC_LineCodingChanged
 .text.USBH_CDC_Process
                0x0800aac8       0xae build/usbh_cdc.o
 *fill*         0x0800ab76        0x2 
 .text._sbrk    0x0800ab78       0x48 build/sysmem.o
                0x0800ab78                _sbrk
 .text._read    0x0800abc0       0x20 build/syscalls.o
                0x0800abc0                _read
 .text._close   0x0800abe0        0x6 build/syscalls.o
                0x0800abe0                _close
 .text._fstat   0x0800abe6        0xa build/syscalls.o
                0x0800abe6                _fstat
 .text._isatty  0x0800abf0        0x4 build/syscalls.o
                0x0800abf0                _isatty
 .text._lseek   0x0800abf4        0x4 build/syscalls.o
                0x0800abf4                _lseek
 .text.MX_ADC1_Init
                0x0800abf8       0x70 build/adc.o
                0x0800abf8                MX_ADC1_Init
 .text.HAL_ADC_MspInit
                0x0800ac68       0x8c build/adc.o
                0x0800ac68                HAL_ADC_MspInit
 .text.MX_DMA_Init
                0x0800acf4       0x34 build/dma.o
                0x0800acf4                MX_DMA_Init
 .text.ADC_Init
                0x0800ad28      0x150 build/stm32f4xx_hal_adc.o
 .text.HAL_ADC_Init
                0x0800ae78      0x1f4 build/stm32f4xx_hal_adc.o
                0x0800ae78                HAL_ADC_Init
 .text.HAL_ADC_Start_DMA
                0x0800b06c      0x1c0 build/stm32f4xx_hal_adc.o
                0x0800b06c                HAL_ADC_Start_DMA
 .text.HAL_ADC_Stop_DMA
                0x0800b22c       0xa0 build/stm32f4xx_hal_adc.o
                0x0800b22c                HAL_ADC_Stop_DMA
 .text.ADC_DMAHalfConvCplt
                0x0800b2cc        0xa build/stm32f4xx_hal_adc.o
 .text.HAL_ADC_LevelOutOfWindowCallback
                0x0800b2d6        0x2 build/stm32f4xx_hal_adc.o
                0x0800b2d6                HAL_ADC_LevelOutOfWindowCallback
 .text.HAL_ADC_IRQHandler
                0x0800b2d8      0x188 build/stm32f4xx_hal_adc.o
                0x0800b2d8                HAL_ADC_IRQHandler
 .text.ADC_DMAError
                0x0800b460       0x16 build/stm32f4xx_hal_adc.o
 .text.ADC_DMAConvCplt
                0x0800b476       0x72 build/stm32f4xx_hal_adc.o
 .text.HAL_ADC_ConfigChannel
                0x0800b4e8      0x1e4 build/stm32f4xx_hal_adc.o
                0x0800b4e8                HAL_ADC_ConfigChannel
 .text.HAL_ADCEx_InjectedConvCpltCallback
                0x0800b6cc        0x2 build/stm32f4xx_hal_adc_ex.o
                0x0800b6cc                HAL_ADCEx_InjectedConvCpltCallback
 *fill*         0x0800b6ce        0x2 
 .text.Reset_Handler
                0x0800b6d0       0x50 build/startup_stm32f429xx.o
                0x0800b6d0                Reset_Handler
 .text.Default_Handler
                0x0800b720        0x2 build/startup_stm32f429xx.o
                0x0800b720                DMA1_Stream3_IRQHandler
                0x0800b720                HASH_RNG_IRQHandler
                0x0800b720                EXTI2_IRQHandler
                0x0800b720                TIM8_CC_IRQHandler
                0x0800b720                UART8_IRQHandler
                0x0800b720                SPI4_IRQHandler
                0x0800b720                TIM1_CC_IRQHandler
                0x0800b720                DMA2_Stream5_IRQHandler
                0x0800b720                DMA1_Stream5_IRQHandler
                0x0800b720                PVD_IRQHandler
                0x0800b720                SDIO_IRQHandler
                0x0800b720                TAMP_STAMP_IRQHandler
                0x0800b720                CAN2_RX1_IRQHandler
                0x0800b720                EXTI3_IRQHandler
                0x0800b720                TIM8_TRG_COM_TIM14_IRQHandler
                0x0800b720                TIM1_UP_TIM10_IRQHandler
                0x0800b720                TIM8_UP_TIM13_IRQHandler
                0x0800b720                I2C3_ER_IRQHandler
                0x0800b720                I2C2_EV_IRQHandler
                0x0800b720                DMA1_Stream2_IRQHandler
                0x0800b720                CAN1_RX0_IRQHandler
                0x0800b720                FPU_IRQHandler
                0x0800b720                OTG_HS_WKUP_IRQHandler
                0x0800b720                LTDC_ER_IRQHandler
                0x0800b720                CAN2_SCE_IRQHandler
                0x0800b720                DMA2_Stream2_IRQHandler
                0x0800b720                SPI1_IRQHandler
                0x0800b720                TIM1_BRK_TIM9_IRQHandler
                0x0800b720                DCMI_IRQHandler
                0x0800b720                CAN2_RX0_IRQHandler
                0x0800b720                DMA2_Stream3_IRQHandler
                0x0800b720                USART6_IRQHandler
                0x0800b720                USART3_IRQHandler
                0x0800b720                CAN1_RX1_IRQHandler
                0x0800b720                UART5_IRQHandler
                0x0800b720                TIM4_IRQHandler
                0x0800b720                I2C1_EV_IRQHandler
                0x0800b720                DMA1_Stream6_IRQHandler
                0x0800b720                DMA1_Stream1_IRQHandler
                0x0800b720                UART4_IRQHandler
                0x0800b720                TIM3_IRQHandler
                0x0800b720                RCC_IRQHandler
                0x0800b720                TIM8_BRK_TIM12_IRQHandler
                0x0800b720                Default_Handler
                0x0800b720                EXTI15_10_IRQHandler
                0x0800b720                DMA1_Stream7_IRQHandler
                0x0800b720                SPI5_IRQHandler
                0x0800b720                TIM7_IRQHandler
                0x0800b720                CAN2_TX_IRQHandler
                0x0800b720                TIM5_IRQHandler
                0x0800b720                DMA2_Stream7_IRQHandler
                0x0800b720                I2C3_EV_IRQHandler
                0x0800b720                EXTI9_5_IRQHandler
                0x0800b720                RTC_WKUP_IRQHandler
                0x0800b720                ETH_WKUP_IRQHandler
                0x0800b720                SPI2_IRQHandler
                0x0800b720                OTG_HS_EP1_IN_IRQHandler
                0x0800b720                DMA1_Stream0_IRQHandler
                0x0800b720                CAN1_TX_IRQHandler
                0x0800b720                EXTI4_IRQHandler
                0x0800b720                ETH_IRQHandler
                0x0800b720                OTG_HS_EP1_OUT_IRQHandler
                0x0800b720                WWDG_IRQHandler
                0x0800b720                SPI6_IRQHandler
                0x0800b720                TIM2_IRQHandler
                0x0800b720                OTG_FS_WKUP_IRQHandler
                0x0800b720                TIM1_TRG_COM_TIM11_IRQHandler
                0x0800b720                EXTI1_IRQHandler
                0x0800b720                UART7_IRQHandler
                0x0800b720                USART2_IRQHandler
                0x0800b720                I2C2_ER_IRQHandler
                0x0800b720                DMA2_Stream1_IRQHandler
                0x0800b720                CAN1_SCE_IRQHandler
                0x0800b720                FLASH_IRQHandler
                0x0800b720                DMA2_Stream4_IRQHandler
                0x0800b720                OTG_FS_IRQHandler
                0x0800b720                SPI3_IRQHandler
                0x0800b720                DMA1_Stream4_IRQHandler
                0x0800b720                I2C1_ER_IRQHandler
                0x0800b720                FMC_IRQHandler
                0x0800b720                DMA2_Stream6_IRQHandler
                0x0800b720                SAI1_IRQHandler
                0x0800b720                RTC_Alarm_IRQHandler
 *fill*         0x0800b722        0x2 
 .text.malloc   0x0800b724       0x10 /Applications/ArmGNUToolchain/14.3.rel1/arm-none-eabi/bin/../lib/gcc/arm-none-eabi/14.3.1/../../../../arm-none-eabi/lib/thumb/v7e-m+fp/hard/libc_nano.a(libc_a-malloc.o)
                0x0800b724                malloc
 .text.free     0x0800b734       0x10 /Applications/ArmGNUToolchain/14.3.rel1/arm-none-eabi/bin/../lib/gcc/arm-none-eabi/14.3.1/../../../../arm-none-eabi/lib/thumb/v7e-m+fp/hard/libc_nano.a(libc_a-malloc.o)
                0x0800b734                free
 .text.sbrk_aligned
                0x0800b744       0x44 /Applications/ArmGNUToolchain/14.3.rel1/arm-none-eabi/bin/../lib/gcc/arm-none-eabi/14.3.1/../../../../arm-none-eabi/lib/thumb/v7e-m+fp/hard/libc_nano.a(libc_a-mallocr.o)
 .text._malloc_r
                0x0800b788      0x100 /Applications/ArmGNUToolchain/14.3.rel1/arm-none-eabi/bin/../lib/gcc/arm-none-eabi/14.3.1/../../../../arm-none-eabi/lib/thumb/v7e-m+fp/hard/libc_nano.a(libc_a-mallocr.o)
                0x0800b788                _malloc_r
 .text.__malloc_lock
                0x0800b888        0xc /Applications/ArmGNUToolchain/14.3.rel1/arm-none-eabi/bin/../lib/gcc/arm-none-eabi/14.3.1/../../../../arm-none-eabi/lib/thumb/v7e-m+fp/hard/libc_nano.a(libc_a-mlock.o)
                0x0800b888                __malloc_lock
 .text.__malloc_unlock
                0x0800b894        0xc /Applications/ArmGNUToolchain/14.3.rel1/arm-none-eabi/bin/../lib/gcc/arm-none-eabi/14.3.1/../../../../arm-none-eabi/lib/thumb/v7e-m+fp/hard/libc_nano.a(libc_a-mlock.o)
                0x0800b894                __malloc_unlock
 .text.std      0x0800b8a0       0x6c /Applications/ArmGNUToolchain/14.3.rel1/arm-none-eabi/bin/../lib/gcc/arm-none-eabi/14.3.1/../../../../arm-none-eabi/lib/thumb/v7e-m+fp/hard/libc_nano.a(libc_a-findfp.o)
 .text.stdio_exit_handler
                0x0800b90c       0x18 /Applications/ArmGNUToolchain/14.3.rel1/arm-none-eabi/bin/../lib/gcc/arm-none-eabi/14.3.1/../../../../arm-none-eabi/lib/thumb/v7e-m+fp/hard/libc_nano.a(libc_a-findfp.o)
 .text.cleanup_stdio
                0x0800b924       0x40 /Applications/ArmGNUToolchain/14.3.rel1/arm-none-eabi/bin/../lib/gcc/arm-none-eabi/14.3.1/../../../../arm-none-eabi/lib/thumb/v7e-m+fp/hard/libc_nano.a(libc_a-findfp.o)
 .text.global_stdio_init.part.0
                0x0800b964       0x40 /Applications/ArmGNUToolchain/14.3.rel1/arm-none-eabi/bin/../lib/gcc/arm-none-eabi/14.3.1/../../../../arm-none-eabi/lib/thumb/v7e-m+fp/hard/libc_nano.a(libc_a-findfp.o)
 .text.__sfp_lock_acquire
                0x0800b9a4        0xc /Applications/ArmGNUToolchain/14.3.rel1/arm-none-eabi/bin/../lib/gcc/arm-none-eabi/14.3.1/../../../../arm-none-eabi/lib/thumb/v7e-m+fp/hard/libc_nano.a(libc_a-findfp.o)
                0x0800b9a4                __sfp_lock_acquire
 .text.__sfp_lock_release
                0x0800b9b0        0xc /Applications/ArmGNUToolchain/14.3.rel1/arm-none-eabi/bin/../lib/gcc/arm-none-eabi/14.3.1/../../../../arm-none-eabi/lib/thumb/v7e-m+fp/hard/libc_nano.a(libc_a-findfp.o)
                0x0800b9b0                __sfp_lock_release
 .text.__sinit  0x0800b9bc       0x30 /Applications/ArmGNUToolchain/14.3.rel1/arm-none-eabi/bin/../lib/gcc/arm-none-eabi/14.3.1/../../../../arm-none-eabi/lib/thumb/v7e-m+fp/hard/libc_nano.a(libc_a-findfp.o)
                0x0800b9bc                __sinit
 .text._fwalk_sglue
                0x0800b9ec       0x3c /Applications/ArmGNUToolchain/14.3.rel1/arm-none-eabi/bin/../lib/gcc/arm-none-eabi/14.3.1/../../../../arm-none-eabi/lib/thumb/v7e-m+fp/hard/libc_nano.a(libc_a-fwalk.o)
                0x0800b9ec                _fwalk_sglue
 .text.printf   0x0800ba28       0x24 /Applications/ArmGNUToolchain/14.3.rel1/arm-none-eabi/bin/../lib/gcc/arm-none-eabi/14.3.1/../../../../arm-none-eabi/lib/thumb/v7e-m+fp/hard/libc_nano.a(libc_a-printf.o)
                0x0800ba28                printf
                0x0800ba28                iprintf
 .text._puts_r  0x0800ba4c       0xaa /Applications/ArmGNUToolchain/14.3.rel1/arm-none-eabi/bin/../lib/gcc/arm-none-eabi/14.3.1/../../../../arm-none-eabi/lib/thumb/v7e-m+fp/hard/libc_nano.a(libc_a-puts.o)
                0x0800ba4c                _puts_r
 *fill*         0x0800baf6        0x2 
 .text.puts     0x0800baf8       0x10 /Applications/ArmGNUToolchain/14.3.rel1/arm-none-eabi/bin/../lib/gcc/arm-none-eabi/14.3.1/../../../../arm-none-eabi/lib/thumb/v7e-m+fp/hard/libc_nano.a(libc_a-puts.o)
                0x0800baf8                puts
 .text.memset   0x0800bb08       0x10 /Applications/ArmGNUToolchain/14.3.rel1/arm-none-eabi/bin/../lib/gcc/arm-none-eabi/14.3.1/../../../../arm-none-eabi/lib/thumb/v7e-m+fp/hard/libc_nano.a(libc_a-memset.o)
                0x0800bb08                memset
 .text._sbrk_r  0x0800bb18       0x20 /Applications/ArmGNUToolchain/14.3.rel1/arm-none-eabi/bin/../lib/gcc/arm-none-eabi/14.3.1/../../../../arm-none-eabi/lib/thumb/v7e-m+fp/hard/libc_nano.a(libc_a-sbrkr.o)
                0x0800bb18                _sbrk_r
 .text.__errno  0x0800bb38        0xc /Applications/ArmGNUToolchain/14.3.rel1/arm-none-eabi/bin/../lib/gcc/arm-none-eabi/14.3.1/../../../../arm-none-eabi/lib/thumb/v7e-m+fp/hard/libc_nano.a(libc_a-errno.o)
                0x0800bb38                __errno
 .text.__libc_init_array
                0x0800bb44       0x48 /Applications/ArmGNUToolchain/14.3.rel1/arm-none-eabi/bin/../lib/gcc/arm-none-eabi/14.3.1/../../../../arm-none-eabi/lib/thumb/v7e-m+fp/hard/libc_nano.a(libc_a-init.o)
                0x0800bb44                __libc_init_array
 .text.__retarget_lock_init_recursive
                0x0800bb8c        0x2 /Applications/ArmGNUToolchain/14.3.rel1/arm-none-eabi/bin/../lib/gcc/arm-none-eabi/14.3.1/../../../../arm-none-eabi/lib/thumb/v7e-m+fp/hard/libc_nano.a(libc_a-lock.o)
                0x0800bb8c                __retarget_lock_init_recursive
 .text.__retarget_lock_acquire_recursive
                0x0800bb8e        0x2 /Applications/ArmGNUToolchain/14.3.rel1/arm-none-eabi/bin/../lib/gcc/arm-none-eabi/14.3.1/../../../../arm-none-eabi/lib/thumb/v7e-m+fp/hard/libc_nano.a(libc_a-lock.o)
                0x0800bb8e                __retarget_lock_acquire_recursive
 .text.__retarget_lock_release_recursive
                0x0800bb90        0x2 /Applications/ArmGNUToolchain/14.3.rel1/arm-none-eabi/bin/../lib/gcc/arm-none-eabi/14.3.1/../../../../arm-none-eabi/lib/thumb/v7e-m+fp/hard/libc_nano.a(libc_a-lock.o)
                0x0800bb90                __retarget_lock_release_recursive
 .text.memcpy   0x0800bb92       0x1c /Applications/ArmGNUToolchain/14.3.rel1/arm-none-eabi/bin/../lib/gcc/arm-none-eabi/14.3.1/../../../../arm-none-eabi/lib/thumb/v7e-m+fp/hard/libc_nano.a(libc_a-memcpy-stub.o)
                0x0800bb92                memcpy
 *fill*         0x0800bbae        0x2 
 .text._free_r  0x0800bbb0       0x94 /Applications/ArmGNUToolchain/14.3.rel1/arm-none-eabi/bin/../lib/gcc/arm-none-eabi/14.3.1/../../../../arm-none-eabi/lib/thumb/v7e-m+fp/hard/libc_nano.a(libc_a-freer.o)
                0x0800bbb0                _free_r
 .text.__sfputc_r
                0x0800bc44       0x2e /Applications/ArmGNUToolchain/14.3.rel1/arm-none-eabi/bin/../lib/gcc/arm-none-eabi/14.3.1/../../../../arm-none-eabi/lib/thumb/v7e-m+fp/hard/libc_nano.a(libc_a-nano-vfprintf.o)
 .text.__sfputs_r
                0x0800bc72       0x24 /Applications/ArmGNUToolchain/14.3.rel1/arm-none-eabi/bin/../lib/gcc/arm-none-eabi/14.3.1/../../../../arm-none-eabi/lib/thumb/v7e-m+fp/hard/libc_nano.a(libc_a-nano-vfprintf.o)
                0x0800bc72                __sfputs_r
 *fill*         0x0800bc96        0x2 
 .text._vfprintf_r
                0x0800bc98      0x228 /Applications/ArmGNUToolchain/14.3.rel1/arm-none-eabi/bin/../lib/gcc/arm-none-eabi/14.3.1/../../../../arm-none-eabi/lib/thumb/v7e-m+fp/hard/libc_nano.a(libc_a-nano-vfprintf.o)
                0x0800bc98                _vfiprintf_r
                0x0800bc98                _vfprintf_r
 .text._printf_common
                0x0800bec0       0xda /Applications/ArmGNUToolchain/14.3.rel1/arm-none-eabi/bin/../lib/gcc/arm-none-eabi/14.3.1/../../../../arm-none-eabi/lib/thumb/v7e-m+fp/hard/libc_nano.a(libc_a-nano-vfprintf_i.o)
                0x0800bec0                _printf_common
 *fill*         0x0800bf9a        0x2 
 .text._printf_i
                0x0800bf9c      0x24c /Applications/ArmGNUToolchain/14.3.rel1/arm-none-eabi/bin/../lib/gcc/arm-none-eabi/14.3.1/../../../../arm-none-eabi/lib/thumb/v7e-m+fp/hard/libc_nano.a(libc_a-nano-vfprintf_i.o)
                0x0800bf9c                _printf_i
 .text.__sflush_r
                0x0800c1e8      0x104 /Applications/ArmGNUToolchain/14.3.rel1/arm-none-eabi/bin/../lib/gcc/arm-none-eabi/14.3.1/../../../../arm-none-eabi/lib/thumb/v7e-m+fp/hard/libc_nano.a(libc_a-fflush.o)
                0x0800c1e8                __sflush_r
 .text._fflush_r
                0x0800c2ec       0x50 /Applications/ArmGNUToolchain/14.3.rel1/arm-none-eabi/bin/../lib/gcc/arm-none-eabi/14.3.1/../../../../arm-none-eabi/lib/thumb/v7e-m+fp/hard/libc_nano.a(libc_a-fflush.o)
                0x0800c2ec                _fflush_r
 .text.__sread  0x0800c33c       0x22 /Applications/ArmGNUToolchain/14.3.rel1/arm-none-eabi/bin/../lib/gcc/arm-none-eabi/14.3.1/../../../../arm-none-eabi/lib/thumb/v7e-m+fp/hard/libc_nano.a(libc_a-stdio.o)
                0x0800c33c                __sread
 .text.__swrite
                0x0800c35e       0x38 /Applications/ArmGNUToolchain/14.3.rel1/arm-none-eabi/bin/../lib/gcc/arm-none-eabi/14.3.1/../../../../arm-none-eabi/lib/thumb/v7e-m+fp/hard/libc_nano.a(libc_a-stdio.o)
                0x0800c35e                __swrite
 .text.__sseek  0x0800c396       0x26 /Applications/ArmGNUToolchain/14.3.rel1/arm-none-eabi/bin/../lib/gcc/arm-none-eabi/14.3.1/../../../../arm-none-eabi/lib/thumb/v7e-m+fp/hard/libc_nano.a(libc_a-stdio.o)
                0x0800c396                __sseek
 .text.__sclose
                0x0800c3bc        0x8 /Applications/ArmGNUToolchain/14.3.rel1/arm-none-eabi/bin/../lib/gcc/arm-none-eabi/14.3.1/../../../../arm-none-eabi/lib/thumb/v7e-m+fp/hard/libc_nano.a(libc_a-stdio.o)
                0x0800c3bc                __sclose
 .text.__swbuf_r
                0x0800c3c4       0x7c /Applications/ArmGNUToolchain/14.3.rel1/arm-none-eabi/bin/../lib/gcc/arm-none-eabi/14.3.1/../../../../arm-none-eabi/lib/thumb/v7e-m+fp/hard/libc_nano.a(libc_a-wbuf.o)
                0x0800c3c4                __swbuf_r
 .text.__swsetup_r
                0x0800c440       0xa8 /Applications/ArmGNUToolchain/14.3.rel1/arm-none-eabi/bin/../lib/gcc/arm-none-eabi/14.3.1/../../../../arm-none-eabi/lib/thumb/v7e-m+fp/hard/libc_nano.a(libc_a-wsetup.o)
                0x0800c440                __swsetup_r
 .text.__swhatbuf_r
                0x0800c4e8       0x48 /Applications/ArmGNUToolchain/14.3.rel1/arm-none-eabi/bin/../lib/gcc/arm-none-eabi/14.3.1/../../../../arm-none-eabi/lib/thumb/v7e-m+fp/hard/libc_nano.a(libc_a-makebuf.o)
                0x0800c4e8                __swhatbuf_r
 .text.__smakebuf_r
                0x0800c530       0x72 /Applications/ArmGNUToolchain/14.3.rel1/arm-none-eabi/bin/../lib/gcc/arm-none-eabi/14.3.1/../../../../arm-none-eabi/lib/thumb/v7e-m+fp/hard/libc_nano.a(libc_a-makebuf.o)
                0x0800c530                __smakebuf_r
 *fill*         0x0800c5a2        0x2 
 .text._isatty_r
                0x0800c5a4       0x20 /Applications/ArmGNUToolchain/14.3.rel1/arm-none-eabi/bin/../lib/gcc/arm-none-eabi/14.3.1/../../../../arm-none-eabi/lib/thumb/v7e-m+fp/hard/libc_nano.a(libc_a-isattyr.o)
                0x0800c5a4                _isatty_r
 .text._lseek_r
                0x0800c5c4       0x24 /Applications/ArmGNUToolchain/14.3.rel1/arm-none-eabi/bin/../lib/gcc/arm-none-eabi/14.3.1/../../../../arm-none-eabi/lib/thumb/v7e-m+fp/hard/libc_nano.a(libc_a-lseekr.o)
                0x0800c5c4                _lseek_r
 .text._read_r  0x0800c5e8       0x24 /Applications/ArmGNUToolchain/14.3.rel1/arm-none-eabi/bin/../lib/gcc/arm-none-eabi/14.3.1/../../../../arm-none-eabi/lib/thumb/v7e-m+fp/hard/libc_nano.a(libc_a-readr.o)
                0x0800c5e8                _read_r
 .text._write_r
                0x0800c60c       0x24 /Applications/ArmGNUToolchain/14.3.rel1/arm-none-eabi/bin/../lib/gcc/arm-none-eabi/14.3.1/../../../../arm-none-eabi/lib/thumb/v7e-m+fp/hard/libc_nano.a(libc_a-writer.o)
                0x0800c60c                _write_r
 .text._close_r
                0x0800c630       0x20 /Applications/ArmGNUToolchain/14.3.rel1/arm-none-eabi/bin/../lib/gcc/arm-none-eabi/14.3.1/../../../../arm-none-eabi/lib/thumb/v7e-m+fp/hard/libc_nano.a(libc_a-closer.o)
                0x0800c630                _close_r
 .text._fstat_r
                0x0800c650       0x24 /Applications/ArmGNUToolchain/14.3.rel1/arm-none-eabi/bin/../lib/gcc/arm-none-eabi/14.3.1/../../../../arm-none-eabi/lib/thumb/v7e-m+fp/hard/libc_nano.a(libc_a-fstatr.o)
                0x0800c650                _fstat_r
 .text.__udivmoddi4
                0x0800c674      0x2f8 /Applications/ArmGNUToolchain/14.3.rel1/arm-none-eabi/bin/../lib/gcc/arm-none-eabi/14.3.1/thumb/v7e-m+fp/hard/libgcc.a(_udivmoddi4.o)
                0x0800c674                __udivmoddi4
 *(.glue_7)
 .glue_7        0x0800c96c        0x0 linker stubs
 *(.glue_7t)
 .glue_7t       0x0800c96c        0x0 linker stubs
 *(.eh_frame)
 .eh_frame      0x0800c96c        0x0 /Applications/ArmGNUToolchain/14.3.rel1/arm-none-eabi/bin/../lib/gcc/arm-none-eabi/14.3.1/thumb/v7e-m+fp/hard/crtbegin.o
 *(.init)
 .init          0x0800c96c        0x4 /Applications/ArmGNUToolchain/14.3.rel1/arm-none-eabi/bin/../lib/gcc/arm-none-eabi/14.3.1/thumb/v7e-m+fp/hard/crti.o
                0x0800c96c                _init
 .init          0x0800c970        0x8 /Applications/ArmGNUToolchain/14.3.rel1/arm-none-eabi/bin/../lib/gcc/arm-none-eabi/14.3.1/thumb/v7e-m+fp/hard/crtn.o
 *(.fini)
 .fini          0x0800c978        0x4 /Applications/ArmGNUToolchain/14.3.rel1/arm-none-eabi/bin/../lib/gcc/arm-none-eabi/14.3.1/thumb/v7e-m+fp/hard/crti.o
                0x0800c978                _fini
 .fini          0x0800c97c        0x8 /Applications/ArmGNUToolchain/14.3.rel1/arm-none-eabi/bin/../lib/gcc/arm-none-eabi/14.3.1/thumb/v7e-m+fp/hard/crtn.o
                0x0800c984                        . = ALIGN (0x4)
                0x0800c984                        _etext = .

.vfp11_veneer   0x0800c984        0x0
 .vfp11_veneer  0x0800c984        0x0 linker stubs

.v4_bx          0x0800c984        0x0
 .v4_bx         0x0800c984        0x0 linker stubs

.iplt           0x0800c984        0x0
 .iplt          0x0800c984        0x0 /Applications/ArmGNUToolchain/14.3.rel1/arm-none-eabi/bin/../lib/gcc/arm-none-eabi/14.3.1/thumb/v7e-m+fp/hard/crtbegin.o

.rodata         0x0800c984      0x7f0
                0x0800c984                        . = ALIGN (0x4)
 *(.rodata)
 .rodata        0x0800c984       0x38 build/freertos.o
 .rodata        0x0800c9bc       0x2c build/usbh_core.o
 *(.rodata*)
 .rodata.HAL_ADC_ErrorCallback.str1.4
                0x0800c9e8      0x735 build/main.o
                                 0x3b (size before relaxing)
 .rodata.main.str1.4
                0x0800d11d      0x146 build/main.o
 .rodata.StartAdcProcessTask.str1.4
                0x0800d11d      0x11a build/freertos.o
 .rodata.MX_FREERTOS_Init.str1.4
                0x0800d11d       0xb8 build/freertos.o
 .rodata.str1.4
                0x0800d11d       0x14 build/freertos.o
 .rodata.TIM_OC1_SetConfig.str1.4
                0x0800d11d       0x35 build/stm32f4xx_hal_tim.o
 .rodata.HAL_TIMEx_HallSensor_Init.str1.4
                0x0800d11d       0x38 build/stm32f4xx_hal_tim_ex.o
 .rodata.HAL_HCD_Init.str1.4
                0x0800d11d       0x35 build/stm32f4xx_hal_hcd.o
 .rodata.HAL_RCC_OscConfig.str1.4
                0x0800d11d       0x35 build/stm32f4xx_hal_rcc.o
 .rodata.HAL_RCCEx_PeriphCLKConfig.str1.4
                0x0800d11d       0x38 build/stm32f4xx_hal_rcc_ex.o
 .rodata.HAL_GPIO_Init.str1.4
                0x0800d11d       0x36 build/stm32f4xx_hal_gpio.o
 .rodata.HAL_DMA_Init.str1.4
                0x0800d11d       0x35 build/stm32f4xx_hal_dma.o
 *fill*         0x0800d11d        0x3 
 .rodata.flagBitshiftOffset.0
                0x0800d120        0x8 build/stm32f4xx_hal_dma.o
 .rodata.HAL_NVIC_SetPriorityGrouping.str1.4
                0x0800d128       0x38 build/stm32f4xx_hal_cortex.o
 .rodata.HAL_CRC_Init.str1.4
                0x0800d128       0x35 build/stm32f4xx_hal_crc.o
 .rodata.HAL_DMA2D_Init.str1.4
                0x0800d128       0x37 build/stm32f4xx_hal_dma2d.o
 .rodata.FMC_NORSRAM_Init.str1.4
                0x0800d128       0x34 build/stm32f4xx_ll_fmc.o
 .rodata.HAL_I2C_Init.str1.4
                0x0800d128       0x35 build/stm32f4xx_hal_i2c.o
 .rodata.HAL_I2CEx_ConfigAnalogFilter.str1.4
                0x0800d128       0x38 build/stm32f4xx_hal_i2c_ex.o
 .rodata.HAL_LTDC_Init.str1.4
                0x0800d128       0x36 build/stm32f4xx_hal_ltdc.o
 .rodata.HAL_SPI_Init.str1.4
                0x0800d128       0x35 build/stm32f4xx_hal_spi.o
 .rodata.UART_SetConfig.str1.4
                0x0800d128       0x36 build/stm32f4xx_hal_uart.o
 .rodata.APBPrescTable
                0x0800d128        0x8 build/system_stm32f4xx.o
                0x0800d128                APBPrescTable
 .rodata.AHBPrescTable
                0x0800d130       0x10 build/system_stm32f4xx.o
                0x0800d130                AHBPrescTable
 .rodata.vTaskStartScheduler.str1.4
                0x0800d140        0x5 build/tasks.o
 .rodata.str1.4
                0x0800d140        0xc build/usbh_core.o
 .rodata.str1.4
                0x0800d140        0x4 build/usbh_cdc.o
 .rodata.ADC_Init.str1.4
                0x0800d140       0x35 build/stm32f4xx_hal_adc.o
 .rodata._vfprintf_r.str1.1
                0x0800d140       0x33 /Applications/ArmGNUToolchain/14.3.rel1/arm-none-eabi/bin/../lib/gcc/arm-none-eabi/14.3.1/../../../../arm-none-eabi/lib/thumb/v7e-m+fp/hard/libc_nano.a(libc_a-nano-vfprintf.o)
                                 0x11 (size before relaxing)
 .rodata._printf_i.str1.1
                0x0800d173       0x22 /Applications/ArmGNUToolchain/14.3.rel1/arm-none-eabi/bin/../lib/gcc/arm-none-eabi/14.3.1/../../../../arm-none-eabi/lib/thumb/v7e-m+fp/hard/libc_nano.a(libc_a-nano-vfprintf_i.o)
                0x0800d198                        . = ALIGN (0x4)
 *fill*         0x0800d173        0x1 

.ARM.extab      0x0800d174        0x0
                0x0800d174                        . = ALIGN (0x4)
 *(.ARM.extab* .gnu.linkonce.armextab.*)
                0x0800d174                        . = ALIGN (0x4)

.ARM            0x0800d174        0x8
                0x0800d174                        . = ALIGN (0x4)
                0x0800d174                        __exidx_start = .
 *(.ARM.exidx*)
 .ARM.exidx     0x0800d174        0x8 /Applications/ArmGNUToolchain/14.3.rel1/arm-none-eabi/bin/../lib/gcc/arm-none-eabi/14.3.1/../../../../arm-none-eabi/lib/thumb/v7e-m+fp/hard/libc_nano.a(libc_a-memchr.o)
 .ARM.exidx.text.__udivmoddi4
                0x0800d17c        0x0 /Applications/ArmGNUToolchain/14.3.rel1/arm-none-eabi/bin/../lib/gcc/arm-none-eabi/14.3.1/thumb/v7e-m+fp/hard/libgcc.a(_udivmoddi4.o)
                                  0x8 (size before relaxing)
                0x0800d17c                        __exidx_end = .
                0x0800d17c                        . = ALIGN (0x4)

.preinit_array  0x0800d17c        0x0
                0x0800d17c                        . = ALIGN (0x4)
                0x0800d17c                        PROVIDE (__preinit_array_start = .)
 *(.preinit_array*)
                0x0800d17c                        PROVIDE (__preinit_array_end = .)
                0x0800d17c                        . = ALIGN (0x4)

.init_array     0x0800d17c        0x4
                0x0800d17c                        . = ALIGN (0x4)
                0x0800d17c                        PROVIDE (__init_array_start = .)
 *(SORT_BY_NAME(.init_array.*))
 *(.init_array*)
 .init_array    0x0800d17c        0x4 /Applications/ArmGNUToolchain/14.3.rel1/arm-none-eabi/bin/../lib/gcc/arm-none-eabi/14.3.1/thumb/v7e-m+fp/hard/crtbegin.o
                0x0800d180                        PROVIDE (__init_array_end = .)
                0x0800d180                        . = ALIGN (0x4)

.fini_array     0x0800d180        0x4
                0x0800d180                        . = ALIGN (0x4)
                [!provide]                        PROVIDE (__fini_array_start = .)
 *(SORT_BY_NAME(.fini_array.*))
 *(.fini_array*)
 .fini_array    0x0800d180        0x4 /Applications/ArmGNUToolchain/14.3.rel1/arm-none-eabi/bin/../lib/gcc/arm-none-eabi/14.3.1/thumb/v7e-m+fp/hard/crtbegin.o
                [!provide]                        PROVIDE (__fini_array_end = .)
                0x0800d184                        . = ALIGN (0x4)
                0x0800d184                        _sidata = LOADADDR (.data)

.rel.dyn        0x0800d184        0x0
 .rel.iplt      0x0800d184        0x0 /Applications/ArmGNUToolchain/14.3.rel1/arm-none-eabi/bin/../lib/gcc/arm-none-eabi/14.3.1/thumb/v7e-m+fp/hard/crtbegin.o

.data           0x20000000       0x8c load address 0x0800d184
                0x20000000                        . = ALIGN (0x4)
                0x20000000                        _sdata = .
 *(.data)
 *(.data*)
 .data.uwTickFreq
                0x20000000        0x1 build/stm32f4xx_hal.o
                0x20000000                uwTickFreq
 *fill*         0x20000001        0x3 
 .data.uwTickPrio
                0x20000004        0x4 build/stm32f4xx_hal.o
                0x20000004                uwTickPrio
 .data.SystemCoreClock
                0x20000008        0x4 build/system_stm32f4xx.o
                0x20000008                SystemCoreClock
 .data.uxCriticalNesting
                0x2000000c        0x4 build/port.o
 .data.CDC_Class
                0x20000010       0x20 build/usbh_cdc.o
                0x20000010                CDC_Class
 .data.__sglue  0x20000030        0xc /Applications/ArmGNUToolchain/14.3.rel1/arm-none-eabi/bin/../lib/gcc/arm-none-eabi/14.3.1/../../../../arm-none-eabi/lib/thumb/v7e-m+fp/hard/libc_nano.a(libc_a-findfp.o)
                0x20000030                __sglue
 .data._impure_ptr
                0x2000003c        0x4 /Applications/ArmGNUToolchain/14.3.rel1/arm-none-eabi/bin/../lib/gcc/arm-none-eabi/14.3.1/../../../../arm-none-eabi/lib/thumb/v7e-m+fp/hard/libc_nano.a(libc_a-impure.o)
                0x2000003c                _impure_ptr
 .data._impure_data
                0x20000040       0x4c /Applications/ArmGNUToolchain/14.3.rel1/arm-none-eabi/bin/../lib/gcc/arm-none-eabi/14.3.1/../../../../arm-none-eabi/lib/thumb/v7e-m+fp/hard/libc_nano.a(libc_a-impure.o)
                0x20000040                _impure_data
 *(.RamFunc)
 *(.RamFunc*)
                0x2000008c                        . = ALIGN (0x4)
                0x2000008c                        _edata = .
                0x0800d210                        _siccmram = LOADADDR (.ccmram)

.tm_clone_table
                0x2000008c        0x0 load address 0x0800d210
 .tm_clone_table
                0x2000008c        0x0 /Applications/ArmGNUToolchain/14.3.rel1/arm-none-eabi/bin/../lib/gcc/arm-none-eabi/14.3.1/thumb/v7e-m+fp/hard/crtbegin.o
 .tm_clone_table
                0x2000008c        0x0 /Applications/ArmGNUToolchain/14.3.rel1/arm-none-eabi/bin/../lib/gcc/arm-none-eabi/14.3.1/thumb/v7e-m+fp/hard/crtend.o

.igot.plt       0x2000008c        0x0 load address 0x0800d210
 .igot.plt      0x2000008c        0x0 /Applications/ArmGNUToolchain/14.3.rel1/arm-none-eabi/bin/../lib/gcc/arm-none-eabi/14.3.1/thumb/v7e-m+fp/hard/crtbegin.o

.ccmram         0x10000000        0x0 load address 0x0800d210
                0x10000000                        . = ALIGN (0x4)
                0x10000000                        _sccmram = .
 *(.ccmram)
 *(.ccmram*)
                0x10000000                        . = ALIGN (0x4)
                0x10000000                        _eccmram = .
                0x10000000                        . = ALIGN (0x4)

.bss            0x2000008c     0x9250
                0x2000008c                        _sbss = .
                0x2000008c                        __bss_start__ = _sbss
 *(.bss)
 *(.bss*)
 .bss.completed.1
                0x2000008c        0x1 /Applications/ArmGNUToolchain/14.3.rel1/arm-none-eabi/bin/../lib/gcc/arm-none-eabi/14.3.1/thumb/v7e-m+fp/hard/crtbegin.o
 *fill*         0x2000008d        0x3 
 .bss.object.0  0x20000090       0x18 /Applications/ArmGNUToolchain/14.3.rel1/arm-none-eabi/bin/../lib/gcc/arm-none-eabi/14.3.1/thumb/v7e-m+fp/hard/crtbegin.o
 .bss.xIdleStack
                0x200000a8      0x200 build/freertos.o
 .bss.xIdleTaskTCBBuffer
                0x200002a8       0x58 build/freertos.o
 .bss.defaultTaskHandle
                0x20000300        0x4 build/freertos.o
                0x20000300                defaultTaskHandle
 .bss.full_transfer_count
                0x20000304        0x4 build/freertos.o
                0x20000304                full_transfer_count
 .bss.half_transfer_count
                0x20000308        0x4 build/freertos.o
                0x20000308                half_transfer_count
 .bss.adcFullCpltSem
                0x2000030c        0x4 build/freertos.o
                0x2000030c                adcFullCpltSem
 .bss.adcHalfCpltSem
                0x20000310        0x4 build/freertos.o
                0x20000310                adcHalfCpltSem
 .bss.ButtonSemaphore
                0x20000314        0x4 build/freertos.o
                0x20000314                ButtonSemaphore
 .bss.adc_dma_buffer
                0x20000318      0x200 build/freertos.o
                0x20000318                adc_dma_buffer
 .bss.hcrc      0x20000518        0x8 build/crc.o
                0x20000518                hcrc
 .bss.hdma2d    0x20000520       0x40 build/dma2d.o
                0x20000520                hdma2d
 .bss.FMC_Initialized
                0x20000560        0x4 build/fmc.o
 .bss.hsdram1   0x20000564       0x34 build/fmc.o
                0x20000564                hsdram1
 .bss.hi2c3     0x20000598       0x54 build/i2c.o
                0x20000598                hi2c3
 .bss.hltdc     0x200005ec       0xa8 build/ltdc.o
                0x200005ec                hltdc
 .bss.hspi5     0x20000694       0x58 build/spi.o
                0x20000694                hspi5
 .bss.htim1     0x200006ec       0x48 build/tim.o
                0x200006ec                htim1
 .bss.huart1    0x20000734       0x48 build/usart.o
                0x20000734                huart1
 .bss.htim6     0x2000077c       0x48 build/stm32f4xx_hal_timebase_tim.o
                0x2000077c                htim6
 .bss.Appli_state
                0x200007c4        0x1 build/usb_host.o
                0x200007c4                Appli_state
 *fill*         0x200007c5        0x3 
 .bss.hUsbHostHS
                0x200007c8      0x3e4 build/usb_host.o
                0x200007c8                hUsbHostHS
 .bss.hhcd_USB_OTG_HS
                0x20000bac      0x3e0 build/usbh_conf.o
                0x20000bac                hhcd_USB_OTG_HS
 .bss.uwTick    0x20000f8c        0x4 build/stm32f4xx_hal.o
                0x20000f8c                uwTick
 .bss.uxSchedulerSuspended
                0x20000f90        0x4 build/tasks.o
 .bss.xIdleTaskHandle
                0x20000f94        0x4 build/tasks.o
 .bss.xNextTaskUnblockTime
                0x20000f98        0x4 build/tasks.o
 .bss.uxTaskNumber
                0x20000f9c        0x4 build/tasks.o
 .bss.xNumOfOverflows
                0x20000fa0        0x4 build/tasks.o
 .bss.xYieldPending
                0x20000fa4        0x4 build/tasks.o
 .bss.xPendedTicks
                0x20000fa8        0x4 build/tasks.o
 .bss.xSchedulerRunning
                0x20000fac        0x4 build/tasks.o
 .bss.uxTopReadyPriority
                0x20000fb0        0x4 build/tasks.o
 .bss.xTickCount
                0x20000fb4        0x4 build/tasks.o
 .bss.uxCurrentNumberOfTasks
                0x20000fb8        0x4 build/tasks.o
 .bss.xSuspendedTaskList
                0x20000fbc       0x14 build/tasks.o
 .bss.uxDeletedTasksWaitingCleanUp
                0x20000fd0        0x4 build/tasks.o
 .bss.xTasksWaitingTermination
                0x20000fd4       0x14 build/tasks.o
 .bss.xPendingReadyList
                0x20000fe8       0x14 build/tasks.o
 .bss.pxOverflowDelayedTaskList
                0x20000ffc        0x4 build/tasks.o
 .bss.pxDelayedTaskList
                0x20001000        0x4 build/tasks.o
 .bss.xDelayedTaskList2
                0x20001004       0x14 build/tasks.o
 .bss.xDelayedTaskList1
                0x20001018       0x14 build/tasks.o
 .bss.pxReadyTasksLists
                0x2000102c       0x8c build/tasks.o
 .bss.pxCurrentTCB
                0x200010b8        0x4 build/tasks.o
                0x200010b8                pxCurrentTCB
 .bss.xBlockAllocatedBit
                0x200010bc        0x4 build/heap_4.o
 .bss.xNumberOfSuccessfulFrees
                0x200010c0        0x4 build/heap_4.o
 .bss.xNumberOfSuccessfulAllocations
                0x200010c4        0x4 build/heap_4.o
 .bss.xMinimumEverFreeBytesRemaining
                0x200010c8        0x4 build/heap_4.o
 .bss.xFreeBytesRemaining
                0x200010cc        0x4 build/heap_4.o
 .bss.pxEnd     0x200010d0        0x4 build/heap_4.o
 .bss.xStart    0x200010d4        0x8 build/heap_4.o
 .bss.ucHeap    0x200010dc     0x8000 build/heap_4.o
 .bss.ulMaxPRIGROUPValue
                0x200090dc        0x4 build/port.o
 .bss.ucMaxSysCallPriority
                0x200090e0        0x1 build/port.o
 *fill*         0x200090e1        0x3 
 .bss.__sbrk_heap_end
                0x200090e4        0x4 build/sysmem.o
 .bss.hdma_adc1
                0x200090e8       0x60 build/adc.o
                0x200090e8                hdma_adc1
 .bss.hadc1     0x20009148       0x48 build/adc.o
                0x20009148                hadc1
 .bss.__malloc_sbrk_start
                0x20009190        0x4 /Applications/ArmGNUToolchain/14.3.rel1/arm-none-eabi/bin/../lib/gcc/arm-none-eabi/14.3.1/../../../../arm-none-eabi/lib/thumb/v7e-m+fp/hard/libc_nano.a(libc_a-mallocr.o)
                0x20009190                __malloc_sbrk_start
 .bss.__malloc_free_list
                0x20009194        0x4 /Applications/ArmGNUToolchain/14.3.rel1/arm-none-eabi/bin/../lib/gcc/arm-none-eabi/14.3.1/../../../../arm-none-eabi/lib/thumb/v7e-m+fp/hard/libc_nano.a(libc_a-mallocr.o)
                0x20009194                __malloc_free_list
 .bss.__sf      0x20009198      0x138 /Applications/ArmGNUToolchain/14.3.rel1/arm-none-eabi/bin/../lib/gcc/arm-none-eabi/14.3.1/../../../../arm-none-eabi/lib/thumb/v7e-m+fp/hard/libc_nano.a(libc_a-findfp.o)
                0x20009198                __sf
 .bss.__stdio_exit_handler
                0x200092d0        0x4 /Applications/ArmGNUToolchain/14.3.rel1/arm-none-eabi/bin/../lib/gcc/arm-none-eabi/14.3.1/../../../../arm-none-eabi/lib/thumb/v7e-m+fp/hard/libc_nano.a(libc_a-findfp.o)
                0x200092d0                __stdio_exit_handler
 .bss.__lock___malloc_recursive_mutex
                0x200092d4        0x1 /Applications/ArmGNUToolchain/14.3.rel1/arm-none-eabi/bin/../lib/gcc/arm-none-eabi/14.3.1/../../../../arm-none-eabi/lib/thumb/v7e-m+fp/hard/libc_nano.a(libc_a-lock.o)
                0x200092d4                __lock___malloc_recursive_mutex
 .bss.__lock___sfp_recursive_mutex
                0x200092d5        0x1 /Applications/ArmGNUToolchain/14.3.rel1/arm-none-eabi/bin/../lib/gcc/arm-none-eabi/14.3.1/../../../../arm-none-eabi/lib/thumb/v7e-m+fp/hard/libc_nano.a(libc_a-lock.o)
                0x200092d5                __lock___sfp_recursive_mutex
 *fill*         0x200092d6        0x2 
 .bss.errno     0x200092d8        0x4 /Applications/ArmGNUToolchain/14.3.rel1/arm-none-eabi/bin/../lib/gcc/arm-none-eabi/14.3.1/../../../../arm-none-eabi/lib/thumb/v7e-m+fp/hard/libc_nano.a(libc_a-reent.o)
                0x200092d8                errno
 *(COMMON)
                0x200092dc                        . = ALIGN (0x4)
                0x200092dc                        _ebss = .
                0x200092dc                        __bss_end__ = _ebss

._user_heap_stack
                0x200092dc      0x604
                0x200092e0                        . = ALIGN (0x8)
 *fill*         0x200092dc        0x4 
                [!provide]                        PROVIDE (end = .)
                0x200092e0                        PROVIDE (_end = .)
                0x200094e0                        . = (. + _Min_Heap_Size)
 *fill*         0x200092e0      0x200 
                0x200098e0                        . = (. + _Min_Stack_Size)
 *fill*         0x200094e0      0x400 
                0x200098e0                        . = ALIGN (0x8)

/DISCARD/
 libc.a(*)
 libm.a(*)
 libgcc.a(*)
OUTPUT(build/Black_Hand.elf elf32-littlearm)
LOAD linker stubs
LOAD /Applications/ArmGNUToolchain/14.3.rel1/arm-none-eabi/bin/../lib/gcc/arm-none-eabi/14.3.1/../../../../arm-none-eabi/lib/thumb/v7e-m+fp/hard/libc.a
LOAD /Applications/ArmGNUToolchain/14.3.rel1/arm-none-eabi/bin/../lib/gcc/arm-none-eabi/14.3.1/../../../../arm-none-eabi/lib/thumb/v7e-m+fp/hard/libm.a
LOAD /Applications/ArmGNUToolchain/14.3.rel1/arm-none-eabi/bin/../lib/gcc/arm-none-eabi/14.3.1/thumb/v7e-m+fp/hard/libgcc.a

.ARM.attributes
                0x00000000       0x30
 .ARM.attributes
                0x00000000       0x22 /Applications/ArmGNUToolchain/14.3.rel1/arm-none-eabi/bin/../lib/gcc/arm-none-eabi/14.3.1/thumb/v7e-m+fp/hard/crti.o
 .ARM.attributes
                0x00000022       0x34 /Applications/ArmGNUToolchain/14.3.rel1/arm-none-eabi/bin/../lib/gcc/arm-none-eabi/14.3.1/thumb/v7e-m+fp/hard/crtbegin.o
 .ARM.attributes
                0x00000056       0x34 build/main.o
 .ARM.attributes
                0x0000008a       0x34 build/gpio.o
 .ARM.attributes
                0x000000be       0x34 build/freertos.o
 .ARM.attributes
                0x000000f2       0x34 build/crc.o
 .ARM.attributes
                0x00000126       0x34 build/dma2d.o
 .ARM.attributes
                0x0000015a       0x34 build/fmc.o
 .ARM.attributes
                0x0000018e       0x34 build/i2c.o
 .ARM.attributes
                0x000001c2       0x34 build/ltdc.o
 .ARM.attributes
                0x000001f6       0x34 build/spi.o
 .ARM.attributes
                0x0000022a       0x34 build/tim.o
 .ARM.attributes
                0x0000025e       0x34 build/usart.o
 .ARM.attributes
                0x00000292       0x34 build/stm32f4xx_it.o
 .ARM.attributes
                0x000002c6       0x34 build/stm32f4xx_hal_msp.o
 .ARM.attributes
                0x000002fa       0x34 build/stm32f4xx_hal_timebase_tim.o
 .ARM.attributes
                0x0000032e       0x34 build/usb_host.o
 .ARM.attributes
                0x00000362       0x34 build/usbh_conf.o
 .ARM.attributes
                0x00000396       0x34 build/usbh_platform.o
 .ARM.attributes