Archive member included to satisfy reference by file (symbol)

/Applications/ArmGNUToolchain/14.3.rel1/arm-none-eabi/bin/../lib/gcc/arm-none-eabi/14.3.1/../../../../arm-none-eabi/lib/thumb/v7e-m+fp/hard/libc_nano.a(libc_a-exit.o)
                              /Applications/ArmGNUToolchain/14.3.rel1/arm-none-eabi/bin/../lib/gcc/arm-none-eabi/14.3.1/../../../../arm-none-eabi/lib/thumb/v7e-m+fp/hard/crt0.o (exit)
/Applications/ArmGNUToolchain/14.3.rel1/arm-none-eabi/bin/../lib/gcc/arm-none-eabi/14.3.1/../../../../arm-none-eabi/lib/thumb/v7e-m+fp/hard/libc_nano.a(libc_a-malloc.o)
                              build/usbh_cdc.o (malloc)
/Applications/ArmGNUToolchain/14.3.rel1/arm-none-eabi/bin/../lib/gcc/arm-none-eabi/14.3.1/../../../../arm-none-eabi/lib/thumb/v7e-m+fp/hard/libc_nano.a(libc_a-mallocr.o)
                              /Applications/ArmGNUToolchain/14.3.rel1/arm-none-eabi/bin/../lib/gcc/arm-none-eabi/14.3.1/../../../../arm-none-eabi/lib/thumb/v7e-m+fp/hard/libc_nano.a(libc_a-malloc.o) (_malloc_r)
/Applications/ArmGNUToolchain/14.3.rel1/arm-none-eabi/bin/../lib/gcc/arm-none-eabi/14.3.1/../../../../arm-none-eabi/lib/thumb/v7e-m+fp/hard/libc_nano.a(libc_a-mlock.o)
                              /Applications/ArmGNUToolchain/14.3.rel1/arm-none-eabi/bin/../lib/gcc/arm-none-eabi/14.3.1/../../../../arm-none-eabi/lib/thumb/v7e-m+fp/hard/libc_nano.a(libc_a-mallocr.o) (__malloc_lock)
/Applications/ArmGNUToolchain/14.3.rel1/arm-none-eabi/bin/../lib/gcc/arm-none-eabi/14.3.1/../../../../arm-none-eabi/lib/thumb/v7e-m+fp/hard/libc_nano.a(libc_a-findfp.o)
                              /Applications/ArmGNUToolchain/14.3.rel1/arm-none-eabi/bin/../lib/gcc/arm-none-eabi/14.3.1/../../../../arm-none-eabi/lib/thumb/v7e-m+fp/hard/libc_nano.a(libc_a-exit.o) (__stdio_exit_handler)
/Applications/ArmGNUToolchain/14.3.rel1/arm-none-eabi/bin/../lib/gcc/arm-none-eabi/14.3.1/../../../../arm-none-eabi/lib/thumb/v7e-m+fp/hard/libc_nano.a(libc_a-fwalk.o)
                              /Applications/ArmGNUToolchain/14.3.rel1/arm-none-eabi/bin/../lib/gcc/arm-none-eabi/14.3.1/../../../../arm-none-eabi/lib/thumb/v7e-m+fp/hard/libc_nano.a(libc_a-findfp.o) (_fwalk_sglue)
/Applications/ArmGNUToolchain/14.3.rel1/arm-none-eabi/bin/../lib/gcc/arm-none-eabi/14.3.1/../../../../arm-none-eabi/lib/thumb/v7e-m+fp/hard/libc_nano.a(libc_a-printf.o)
                              build/main.o (printf)
/Applications/ArmGNUToolchain/14.3.rel1/arm-none-eabi/bin/../lib/gcc/arm-none-eabi/14.3.1/../../../../arm-none-eabi/lib/thumb/v7e-m+fp/hard/libc_nano.a(libc_a-puts.o)
                              build/main.o (puts)
/Applications/ArmGNUToolchain/14.3.rel1/arm-none-eabi/bin/../lib/gcc/arm-none-eabi/14.3.1/../../../../arm-none-eabi/lib/thumb/v7e-m+fp/hard/libc_nano.a(libc_a-memset.o)
                              /Applications/ArmGNUToolchain/14.3.rel1/arm-none-eabi/bin/../lib/gcc/arm-none-eabi/14.3.1/../../../../arm-none-eabi/lib/thumb/v7e-m+fp/hard/crt0.o (memset)
/Applications/ArmGNUToolchain/14.3.rel1/arm-none-eabi/bin/../lib/gcc/arm-none-eabi/14.3.1/../../../../arm-none-eabi/lib/thumb/v7e-m+fp/hard/libc_nano.a(libc_a-sbrkr.o)
                              /Applications/ArmGNUToolchain/14.3.rel1/arm-none-eabi/bin/../lib/gcc/arm-none-eabi/14.3.1/../../../../arm-none-eabi/lib/thumb/v7e-m+fp/hard/libc_nano.a(libc_a-mallocr.o) (_sbrk_r)
/Applications/ArmGNUToolchain/14.3.rel1/arm-none-eabi/bin/../lib/gcc/arm-none-eabi/14.3.1/../../../../arm-none-eabi/lib/thumb/v7e-m+fp/hard/libc_nano.a(libc_a-errno.o)
                              build/sysmem.o (__errno)
/Applications/ArmGNUToolchain/14.3.rel1/arm-none-eabi/bin/../lib/gcc/arm-none-eabi/14.3.1/../../../../arm-none-eabi/lib/thumb/v7e-m+fp/hard/libc_nano.a(libc_a-init.o)
                              /Applications/ArmGNUToolchain/14.3.rel1/arm-none-eabi/bin/../lib/gcc/arm-none-eabi/14.3.1/../../../../arm-none-eabi/lib/thumb/v7e-m+fp/hard/crt0.o (__libc_init_array)
/Applications/ArmGNUToolchain/14.3.rel1/arm-none-eabi/bin/../lib/gcc/arm-none-eabi/14.3.1/../../../../arm-none-eabi/lib/thumb/v7e-m+fp/hard/libc_nano.a(libc_a-lock.o)
                              /Applications/ArmGNUToolchain/14.3.rel1/arm-none-eabi/bin/../lib/gcc/arm-none-eabi/14.3.1/../../../../arm-none-eabi/lib/thumb/v7e-m+fp/hard/libc_nano.a(libc_a-findfp.o) (__retarget_lock_init_recursive)
/Applications/ArmGNUToolchain/14.3.rel1/arm-none-eabi/bin/../lib/gcc/arm-none-eabi/14.3.1/../../../../arm-none-eabi/lib/thumb/v7e-m+fp/hard/libc_nano.a(libc_a-reent.o)
                              /Applications/ArmGNUToolchain/14.3.rel1/arm-none-eabi/bin/../lib/gcc/arm-none-eabi/14.3.1/../../../../arm-none-eabi/lib/thumb/v7e-m+fp/hard/libc_nano.a(libc_a-sbrkr.o) (errno)
/Applications/ArmGNUToolchain/14.3.rel1/arm-none-eabi/bin/../lib/gcc/arm-none-eabi/14.3.1/../../../../arm-none-eabi/lib/thumb/v7e-m+fp/hard/libc_nano.a(libc_a-impure.o)
[...]
Memory Configuration

Name             Origin             Length             Attributes
RAM              0x20000000         0x00030000         xrw
CCMRAM           0x10000000         0x00010000         xrw
FLASH            0x08000000         0x00200000         xr
*default*        0x00000000         0xffffffff

Linker script and memory map

LOAD /Applications/ArmGNUToolchain/14.3.rel1/arm-none-eabi/bin/../lib/gcc/arm-none-eabi/14.3.1/thumb/v7e-m+fp/hard/crti.o
LOAD /Applications/ArmGNUToolchain/14.3.rel1/arm-none-eabi/bin/../lib/gcc/arm-none-eabi/14.3.1/thumb/v7e-m+fp/hard/crtbegin.o
LOAD /Applications/ArmGNUToolchain/14.3.rel1/arm-none-eabi/bin/../lib/gcc/arm-none-eabi/14.3.1/../../../../arm-none-eabi/lib/thumb/v7e-m+fp/hard/crt0.o
LOAD build/main.o
LOAD build/gpio.o
LOAD build/freertos.o
LOAD build/crc.o
LOAD build/dma2d.o
LOAD build/fmc.o
LOAD build/i2c.o
LOAD build/ltdc.o
LOAD build/spi.o
LOAD build/tim.o
LOAD build/usart.o
LOAD build/stm32f4xx_it.o
LOAD build/stm32f4xx_hal_msp.o
LOAD build/stm32f4xx_hal_timebase_tim.o
LOAD build/usb_host.o
LOAD build/usbh_conf.o
LOAD build/usbh_platform.o
LOAD build/stm32f4xx_hal_tim.o
LOAD build/stm32f4xx_hal_tim_ex.o
LOAD build/stm32f4xx_hal_hcd.o
LOAD build/stm32f4xx_ll_usb.o
LOAD build/stm32f4xx_hal_rcc.o
LOAD build/stm32f4xx_hal_rcc_ex.o
LOAD build/stm32f4xx_hal_flash.o
LOAD build/stm32f4xx_hal_flash_ex.o
LOAD build/stm32f4xx_hal_flash_ramfunc.o
LOAD build/stm32f4xx_hal_gpio.o
LOAD build/stm32f4xx_hal_dma_ex.o
LOAD build/stm32f4xx_hal_dma.o
LOAD build/stm32f4xx_hal_pwr.o
LOAD build/stm32f4xx_hal_pwr_ex.o
LOAD build/stm32f4xx_hal_cortex.o
LOAD build/stm32f4xx_hal.o
LOAD build/stm32f4xx_hal_exti.o
LOAD build/stm32f4xx_hal_crc.o
LOAD build/stm32f4xx_hal_dma2d.o
LOAD build/stm32f4xx_ll_fmc.o
LOAD build/stm32f4xx_hal_nor.o
LOAD build/stm32f4xx_hal_sram.o
LOAD build/stm32f4xx_hal_nand.o
LOAD build/stm32f4xx_hal_pccard.o
LOAD build/stm32f4xx_hal_sdram.o
LOAD build/stm32f4xx_hal_i2c.o
LOAD build/stm32f4xx_hal_i2c_ex.o
LOAD build/stm32f4xx_hal_ltdc.o
LOAD build/stm32f4xx_hal_ltdc_ex.o
LOAD build/stm32f4xx_hal_dsi.o
LOAD build/stm32f4xx_hal_spi.o
LOAD build/stm32f4xx_hal_uart.o
LOAD build/system_stm32f4xx.o
LOAD build/croutine.o
LOAD build/event_groups.o
LOAD build/list.o
LOAD build/queue.o
LOAD build/stream_buffer.o
LOAD build/tasks.o
LOAD build/timers.o
LOAD build/cmsis_os.o
LOAD build/heap_4.o
LOAD build/port.o
LOAD build/usbh_core.o
LOAD build/usbh_ctlreq.o
LOAD build/usbh_ioreq.o
LOAD build/usbh_pipes.o
LOAD build/usbh_cdc.o
LOAD build/sysmem.o
LOAD build/syscalls.o
LOAD build/adc.o
LOAD build/dma.o
LOAD build/stm32f4xx_hal_adc.o
LOAD build/stm32f4xx_hal_adc_ex.o
LOAD build/startup_stm32f429xx.o
LOAD /Applications/ArmGNUToolchain/14.3.rel1/arm-none-eabi/bin/../lib/gcc/arm-none-eabi/14.3.1/../../../../arm-none-eabi/lib/thumb/v7e-m+fp/hard/libc_nano.a
LOAD /Applications/ArmGNUToolchain/14.3.rel1/arm-none-eabi/bin/../lib/gcc/arm-none-eabi/14.3.1/../../../../arm-none-eabi/lib/thumb/v7e-m+fp/hard/libm.a
LOAD /Applications/ArmGNUToolchain/14.3.rel1/arm-none-eabi/bin/../lib/gcc/arm-none-eabi/14.3.1/../../../../arm-none-eabi/lib/thumb/v7e-m+fp/hard/libnosys.a
START GROUP
LOAD /Applications/ArmGNUToolchain/14.3.rel1/arm-none-eabi/bin/../lib/gcc/arm-none-eabi/14.3.1/thumb/v7e-m+fp/hard/libgcc.a
LOAD /Applications/ArmGNUToolchain/14.3.rel1/arm-none-eabi/bin/../lib/gcc/arm-none-eabi/14.3.1/../../../../arm-none-eabi/lib/thumb/v7e-m+fp/hard/libc_nano.a
END GROUP
START GROUP
LOAD /Applications/ArmGNUToolchain/14.3.rel1/arm-none-eabi/bin/../lib/gcc/arm-none-eabi/14.3.1/thumb/v7e-m+fp/hard/libgcc.a
LOAD /Applications/ArmGNUToolchain/14.3.rel1/arm-none-eabi/bin/../lib/gcc/arm-none-eabi/14.3.1/../../../../arm-none-eabi/lib/thumb/v7e-m+fp/hard/libc_nano.a
END GROUP
LOAD /Applications/ArmGNUToolchain/14.3.rel1/arm-none-eabi/bin/../lib/gcc/arm-none-eabi/14.3.1/thumb/v7e-m+fp/hard/crtend.o
LOAD /Applications/ArmGNUToolchain/14.3.rel1/arm-none-eabi/bin/../lib/gcc/arm-none-eabi/14.3.1/thumb/v7e-m+fp/hard/crtn.o
                0x20030000                        _estack = (ORIGIN (RAM) + LENGTH (RAM))
                0x00000200                        _Min_Heap_Size = 0x200
                0x00000400                        _Min_Stack_Size = 0x400

.isr_vector     0x08000000      0x1ac
                0x08000000                        . = ALIGN (0x4)
 *(.isr_vector)
 .isr_vector    0x08000000      0x1ac build/startup_stm32f429xx.o
                0x08000000                g_pfnVectors
                0x080001ac                        . = ALIGN (0x4)

.text           0x080001b0     0xbde8
                0x080001b0                        . = ALIGN (0x4)
 *(.text)
 .text          0x080001b0       0xa0 /Applications/ArmGNUToolchain/14.3.rel1/arm-none-eabi/bin/../lib/gcc/arm-none-eabi/14.3.1/../../../../arm-none-eabi/lib/thumb/v7e-m+fp/hard/libc_nano.a(libc_a-memchr.o)
                0x080001b0                memchr
 .text          0x08000250      0x378 /Applications/ArmGNUToolchain/14.3.rel1/arm-none-eabi/bin/../lib/gcc/arm-none-eabi/14.3.1/thumb/v7e-m+fp/hard/libgcc.a(_arm_addsubdf3.o)
                0x08000250                __aeabi_drsub
                0x08000258                __subdf3
                0x08000258                __aeabi_dsub
                0x0800025c                __aeabi_dadd
                0x0800025c                __adddf3
                0x080004d4                __aeabi_ui2d
                0x080004d4                __floatunsidf
                0x080004f4                __floatsidf
                0x080004f4                __aeabi_i2d
                0x08000518                __extendsfdf2
                0x08000518                __aeabi_f2d
                0x0800055c                __aeabi_ul2d
                0x0800055c                __floatundidf
                0x0800056c                __aeabi_l2d
                0x0800056c                __floatdidf
 .text          0x080005c8       0x30 /Applications/ArmGNUToolchain/14.3.rel1/arm-none-eabi/bin/../lib/gcc/arm-none-eabi/14.3.1/thumb/v7e-m+fp/hard/libgcc.a(_aeabi_uldivmod.o)
                0x080005c8                __aeabi_uldivmod
 .text          0x080005f8        0x4 /Applications/ArmGNUToolchain/14.3.rel1/arm-none-eabi/bin/../lib/gcc/arm-none-eabi/14.3.1/thumb/v7e-m+fp/hard/libgcc.a(_dvmd_tls.o)
                0x080005f8                __aeabi_ldiv0
                0x080005f8                __aeabi_idiv0
 *(.text*)
 .text.deregister_tm_clones
                0x080005fc       0x1c /Applications/ArmGNUToolchain/14.3.rel1/arm-none-eabi/bin/../lib/gcc/arm-none-eabi/14.3.1/thumb/v7e-m+fp/hard/crtbegin.o
 .text.register_tm_clones
                0x08000618       0x24 /Applications/ArmGNUToolchain/14.3.rel1/arm-none-eabi/bin/../lib/gcc/arm-none-eabi/14.3.1/thumb/v7e-m+fp/hard/crtbegin.o
 .text.__do_global_dtors_aux
                0x0800063c       0x28 /Applications/ArmGNUToolchain/14.3.rel1/arm-none-eabi/bin/../lib/gcc/arm-none-eabi/14.3.1/thumb/v7e-m+fp/hard/crtbegin.o
 .text.frame_dummy
                0x08000664       0x24 /Applications/ArmGNUToolchain/14.3.rel1/arm-none-eabi/bin/../lib/gcc/arm-none-eabi/14.3.1/thumb/v7e-m+fp/hard/crtbegin.o
 .text._write   0x08000688       0x18 build/main.o
                0x08000688                _write
 .text.HAL_GPIO_EXTI_Callback
                0x080006a0       0x3c build/main.o
                0x080006a0                HAL_GPIO_EXTI_Callback
 .text.HAL_TIM_PeriodElapsedCallback
                0x080006dc       0x18 build/main.o
                0x080006dc                HAL_TIM_PeriodElapsedCallback
 .text.Error_Handler
                0x080006f4        0x4 build/main.o
                0x080006f4                Error_Handler
 .text.SystemClock_Config
                0x080006f8       0xa8 build/main.o
                0x080006f8                SystemClock_Config
 .text.main     0x080007a0       0x94 build/main.o
                0x080007a0                main
 .text.assert_failed
                0x08000834        0x2 build/main.o
                0x08000834                assert_failed
 *fill*         0x08000836        0x2 
 .text.MX_GPIO_Init
                0x08000838      0x1b8 build/gpio.o
                0x08000838                MX_GPIO_Init
 .text.StartDefaultTask
                0x080009f0        0xe build/freertos.o
                0x080009f0                StartDefaultTask
 *fill*         0x080009fe        0x2 
 .text.MtMTask  0x08000a00      0x208 build/freertos.o
                0x08000a00                MtMTask
 .text.vApplicationIdleHook
                0x08000c08        0x2 build/freertos.o
                0x08000c08                vApplicationIdleHook
 *fill*         0x08000c0a        0x2 
 .text.vApplicationStackOverflowHook
                0x08000c0c       0x2c build/freertos.o
                0x08000c0c                vApplicationStackOverflowHook
 .text.vApplicationMallocFailedHook
                0x08000c38        0x2 build/freertos.o
                0x08000c38                vApplicationMallocFailedHook
 *fill*         0x08000c3a        0x2 
 .text.vApplicationGetIdleTaskMemory
                0x08000c3c       0x18 build/freertos.o
                0x08000c3c                vApplicationGetIdleTaskMemory
 .text.MX_FREERTOS_Init
                0x08000c54       0x70 build/freertos.o
                0x08000c54                MX_FREERTOS_Init
 .text.MX_CRC_Init
                0x08000cc4       0x20 build/crc.o
                0x08000cc4                MX_CRC_Init
 .text.HAL_CRC_MspInit
                0x08000ce4       0x30 build/crc.o
                0x08000ce4                HAL_CRC_MspInit
 .text.MX_DMA2D_Init
                0x08000d14       0x40 build/dma2d.o
                0x08000d14                MX_DMA2D_Init
 .text.HAL_DMA2D_MspInit
                0x08000d54       0x40 build/dma2d.o
                0x08000d54                HAL_DMA2D_MspInit
 .text.HAL_FMC_MspInit
                0x08000d94       0xf8 build/fmc.o
 .text.MX_FMC_Init
                0x08000e8c       0x70 build/fmc.o
                0x08000e8c                MX_FMC_Init
 .text.HAL_SDRAM_MspInit
                0x08000efc        0x8 build/fmc.o
                0x08000efc                HAL_SDRAM_MspInit
 .text.MX_I2C3_Init
                0x08000f04       0x5c build/i2c.o
                0x08000f04                MX_I2C3_Init
 .text.HAL_I2C_MspInit
                0x08000f60       0xb0 build/i2c.o
                0x08000f60                HAL_I2C_MspInit
 .text.MX_LTDC_Init
                0x08001010       0xb8 build/ltdc.o
                0x08001010                MX_LTDC_Init
 .text.HAL_LTDC_MspInit
                0x080010c8      0x1c8 build/ltdc.o
                0x080010c8                HAL_LTDC_MspInit
 .text.MX_SPI5_Init
                0x08001290       0x44 build/spi.o
                0x08001290                MX_SPI5_Init
 .text.HAL_SPI_MspInit
                0x080012d4       0x6c build/spi.o
                0x080012d4                HAL_SPI_MspInit
 .text.MX_TIM1_Init
                0x08001340       0x70 build/tim.o
                0x08001340                MX_TIM1_Init
 .text.HAL_TIM_Base_MspInit
                0x080013b0       0x30 build/tim.o
                0x080013b0                HAL_TIM_Base_MspInit
 .text.MX_USART1_UART_Init
                0x080013e0       0x34 build/usart.o
                0x080013e0                MX_USART1_UART_Init
 .text.HAL_UART_MspInit
                0x08001414       0x80 build/usart.o
                0x08001414                HAL_UART_MspInit
 .text.NMI_Handler
                0x08001494        0x2 build/stm32f4xx_it.o
                0x08001494                NMI_Handler
 .text.HardFault_Handler
                0x08001496        0x2 build/stm32f4xx_it.o
                0x08001496                HardFault_Handler
 .text.MemManage_Handler
                0x08001498        0x2 build/stm32f4xx_it.o
                0x08001498                MemManage_Handler
 .text.BusFault_Handler
                0x0800149a        0x2 build/stm32f4xx_it.o
                0x0800149a                BusFault_Handler
 .text.UsageFault_Handler
                0x0800149c        0x2 build/stm32f4xx_it.o
                0x0800149c                UsageFault_Handler
 .text.DebugMon_Handler
                0x0800149e        0x2 build/stm32f4xx_it.o
                0x0800149e                DebugMon_Handler
 .text.ADC_IRQHandler
                0x080014a0       0x10 build/stm32f4xx_it.o
                0x080014a0                ADC_IRQHandler
 .text.USART1_IRQHandler
                0x080014b0       0x10 build/stm32f4xx_it.o
                0x080014b0                USART1_IRQHandler
 .text.TIM6_DAC_IRQHandler
                0x080014c0       0x10 build/stm32f4xx_it.o
                0x080014c0                TIM6_DAC_IRQHandler
 .text.DMA2_Stream0_IRQHandler
                0x080014d0       0x10 build/stm32f4xx_it.o
                0x080014d0                DMA2_Stream0_IRQHandler
 .text.OTG_HS_IRQHandler
                0x080014e0       0x10 build/stm32f4xx_it.o
                0x080014e0                OTG_HS_IRQHandler
 .text.LTDC_IRQHandler
                0x080014f0       0x10 build/stm32f4xx_it.o
                0x080014f0                LTDC_IRQHandler
 .text.DMA2D_IRQHandler
                0x08001500       0x10 build/stm32f4xx_it.o
                0x08001500                DMA2D_IRQHandler
 .text.EXTI0_IRQHandler
                0x08001510        0xa build/stm32f4xx_it.o
                0x08001510                EXTI0_IRQHandler
 *fill*         0x0800151a        0x2 
 .text.HAL_MspInit
                0x0800151c       0x44 build/stm32f4xx_hal_msp.o
                0x0800151c                HAL_MspInit
 .text.HAL_InitTick
                0x08001560       0xa4 build/stm32f4xx_hal_timebase_tim.o
                0x08001560                HAL_InitTick
 .text.USBH_UserProcess
                0x08001604       0x2c build/usb_host.o
 .text.MX_USB_HOST_Init
                0x08001630       0x40 build/usb_host.o
                0x08001630                MX_USB_HOST_Init
 .text.HAL_HCD_MspInit
                0x08001670       0x94 build/usbh_conf.o
                0x08001670                HAL_HCD_MspInit
 .text.HAL_HCD_SOF_Callback
                0x08001704        0xc build/usbh_conf.o
                0x08001704                HAL_HCD_SOF_Callback
 .text.HAL_HCD_Connect_Callback
                0x08001710        0xc build/usbh_conf.o
                0x08001710                HAL_HCD_Connect_Callback
 .text.HAL_HCD_Disconnect_Callback
                0x0800171c        0xc build/usbh_conf.o
                0x0800171c                HAL_HCD_Disconnect_Callback
 .text.HAL_HCD_HC_NotifyURBChange_Callback
                0x08001728        0xc build/usbh_conf.o
                0x08001728                HAL_HCD_HC_NotifyURBChange_Callback
 .text.HAL_HCD_PortEnabled_Callback
                0x08001734        0xc build/usbh_conf.o
                0x08001734                HAL_HCD_PortEnabled_Callback
 .text.HAL_HCD_PortDisabled_Callback
                0x08001740        0xc build/usbh_conf.o
                0x08001740                HAL_HCD_PortDisabled_Callback
 .text.USBH_LL_Init
                0x0800174c       0x5c build/usbh_conf.o
                0x0800174c                USBH_LL_Init
 .text.USBH_LL_GetSpeed
                0x080017a8       0x20 build/usbh_conf.o
                0x080017a8                USBH_LL_GetSpeed
 .text.USBH_LL_GetLastXferSize
                0x080017c8        0xc build/usbh_conf.o
                0x080017c8                USBH_LL_GetLastXferSize
 .text.USBH_LL_ClosePipe
                0x080017d4        0x4 build/usbh_conf.o
                0x080017d4                USBH_LL_ClosePipe
 .text.USBH_LL_GetURBState
                0x080017d8        0xc build/usbh_conf.o
                0x080017d8                USBH_LL_GetURBState
 .text.USBH_LL_DriverVBUS
                0x080017e4       0x1a build/usbh_conf.o
                0x080017e4                USBH_LL_DriverVBUS
 .text.USBH_LL_SetToggle
                0x080017fe       0x2e build/usbh_conf.o
                0x080017fe                USBH_LL_SetToggle
 .text.USBH_Delay
                0x0800182c        0x8 build/usbh_conf.o
                0x0800182c                USBH_Delay
 .text.USBH_Get_USB_Status
                0x08001834       0x14 build/usbh_conf.o
                0x08001834                USBH_Get_USB_Status
 .text.USBH_LL_Start
                0x08001848       0x10 build/usbh_conf.o
                0x08001848                USBH_LL_Start
 .text.USBH_LL_Stop
                0x08001858       0x10 build/usbh_conf.o
                0x08001858                USBH_LL_Stop
 .text.USBH_LL_ResetPort
                0x08001868       0x10 build/usbh_conf.o
                0x08001868                USBH_LL_ResetPort
 .text.USBH_LL_OpenPipe
                0x08001878       0x26 build/usbh_conf.o
                0x08001878                USBH_LL_OpenPipe
 .text.USBH_LL_SubmitURB
                0x0800189e       0x2a build/usbh_conf.o
                0x0800189e                USBH_LL_SubmitURB
 .text.MX_DriverVbusHS
                0x080018c8       0x18 build/usbh_platform.o
                0x080018c8                MX_DriverVbusHS
 .text.TIM_TI1_ConfigInputStage
                0x080018e0       0x26 build/stm32f4xx_hal_tim.o
 .text.TIM_TI2_ConfigInputStage
                0x08001906       0x28 build/stm32f4xx_hal_tim.o
 .text.TIM_ITRx_SetConfig
                0x0800192e       0x10 build/stm32f4xx_hal_tim.o
 *fill*         0x0800193e        0x2 
 .text.HAL_TIM_Base_Start_IT
                0x08001940      0x104 build/stm32f4xx_hal_tim.o
                0x08001940                HAL_TIM_Base_Start_IT
 .text.HAL_TIM_OC_DelayElapsedCallback
                0x08001a44        0x2 build/stm32f4xx_hal_tim.o
                0x08001a44                HAL_TIM_OC_DelayElapsedCallback
 .text.HAL_TIM_IC_CaptureCallback
                0x08001a46        0x2 build/stm32f4xx_hal_tim.o
                0x08001a46                HAL_TIM_IC_CaptureCallback
 .text.HAL_TIM_PWM_PulseFinishedCallback
                0x08001a48        0x2 build/stm32f4xx_hal_tim.o
                0x08001a48                HAL_TIM_PWM_PulseFinishedCallback
 .text.HAL_TIM_TriggerCallback
                0x08001a4a        0x2 build/stm32f4xx_hal_tim.o
                0x08001a4a                HAL_TIM_TriggerCallback
 .text.HAL_TIM_IRQHandler
                0x08001a4c      0x15e build/stm32f4xx_hal_tim.o
                0x08001a4c                HAL_TIM_IRQHandler
 *fill*         0x08001baa        0x2 
 .text.TIM_Base_SetConfig
                0x08001bac       0xd0 build/stm32f4xx_hal_tim.o
                0x08001bac                TIM_Base_SetConfig
 .text.HAL_TIM_Base_Init
                0x08001c7c      0x168 build/stm32f4xx_hal_tim.o
                0x08001c7c                HAL_TIM_Base_Init
 .text.TIM_ETR_SetConfig
                0x08001de4       0x1a build/stm32f4xx_hal_tim.o
                0x08001de4                TIM_ETR_SetConfig
 *fill*         0x08001dfe        0x2 
 .text.HAL_TIM_ConfigClockSource
                0x08001e00      0x4f8 build/stm32f4xx_hal_tim.o
                0x08001e00                HAL_TIM_ConfigClockSource
 .text.HAL_TIMEx_MasterConfigSynchronization
                0x080022f8      0x118 build/stm32f4xx_hal_tim_ex.o
                0x080022f8                HAL_TIMEx_MasterConfigSynchronization
 .text.HAL_TIMEx_CommutCallback
                0x08002410        0x2 build/stm32f4xx_hal_tim_ex.o
                0x08002410                HAL_TIMEx_CommutCallback
 .text.HAL_TIMEx_BreakCallback
                0x08002412        0x2 build/stm32f4xx_hal_tim_ex.o
                0x08002412                HAL_TIMEx_BreakCallback
 .text.HCD_RXQLVL_IRQHandler
                0x08002414       0xac build/stm32f4xx_hal_hcd.o
 .text.HAL_HCD_Init
                0x080024c0       0xb0 build/stm32f4xx_hal_hcd.o
                0x080024c0                HAL_HCD_Init
 .text.HAL_HCD_HC_SubmitRequest
                0x08002570      0x1ce build/stm32f4xx_hal_hcd.o
                0x08002570                HAL_HCD_HC_SubmitRequest
 .text.HCD_Port_IRQHandler
                0x0800273e       0xb0 build/stm32f4xx_hal_hcd.o
 *fill*         0x080027ee        0x2 
 .text.HCD_HC_IN_IRQHandler
                0x080027f0      0x5bc build/stm32f4xx_hal_hcd.o
 .text.HCD_HC_OUT_IRQHandler
                0x08002dac      0x48c build/stm32f4xx_hal_hcd.o
 .text.HAL_HCD_IRQHandler
                0x08003238      0x15c build/stm32f4xx_hal_hcd.o
                0x08003238                HAL_HCD_IRQHandler
 .text.HAL_HCD_Start
                0x08003394       0x2a build/stm32f4xx_hal_hcd.o
                0x08003394                HAL_HCD_Start
 .text.HAL_HCD_Stop
                0x080033be       0x24 build/stm32f4xx_hal_hcd.o
                0x080033be                HAL_HCD_Stop
 .text.HAL_HCD_ResetPort
                0x080033e2        0xa build/stm32f4xx_hal_hcd.o
                0x080033e2                HAL_HCD_ResetPort
 .text.HAL_HCD_HC_GetURBState
                0x080033ec        0xe build/stm32f4xx_hal_hcd.o
                0x080033ec                HAL_HCD_HC_GetURBState
 .text.HAL_HCD_HC_GetXferCount
                0x080033fa        0xc build/stm32f4xx_hal_hcd.o
                0x080033fa                HAL_HCD_HC_GetXferCount
 .text.HAL_HCD_GetCurrentFrame
                0x08003406        0xa build/stm32f4xx_hal_hcd.o
                0x08003406                HAL_HCD_GetCurrentFrame
 .text.HAL_HCD_GetCurrentSpeed
                0x08003410        0xa build/stm32f4xx_hal_hcd.o
                0x08003410                HAL_HCD_GetCurrentSpeed
 .text.HAL_HCD_HC_ClearHubInfo
                0x0800341a       0x18 build/stm32f4xx_hal_hcd.o
                0x0800341a                HAL_HCD_HC_ClearHubInfo
 .text.HAL_HCD_HC_Init
                0x08003432       0xca build/stm32f4xx_hal_hcd.o
                0x08003432                HAL_HCD_HC_Init
 .text.USB_CoreReset
                0x080034fc       0x58 build/stm32f4xx_ll_usb.o
 .text.USB_CoreInit
                0x08003554       0x92 build/stm32f4xx_ll_usb.o
                0x08003554                USB_CoreInit
 .text.USB_EnableGlobalInt
                0x080035e6        0xc build/stm32f4xx_ll_usb.o
                0x080035e6                USB_EnableGlobalInt
 .text.USB_DisableGlobalInt
                0x080035f2        0xc build/stm32f4xx_ll_usb.o
                0x080035f2                USB_DisableGlobalInt
 .text.USB_FlushTxFifo
                0x080035fe       0x4a build/stm32f4xx_ll_usb.o
                0x080035fe                USB_FlushTxFifo
 .text.USB_FlushRxFifo
                0x08003648       0x46 build/stm32f4xx_ll_usb.o
                0x08003648                USB_FlushRxFifo
 .text.USB_WritePacket
                0x0800368e       0x2e build/stm32f4xx_ll_usb.o
                0x0800368e                USB_WritePacket
 .text.USB_ReadPacket
                0x080036bc       0x46 build/stm32f4xx_ll_usb.o
                0x080036bc                USB_ReadPacket
 .text.USB_ReadInterrupts
                0x08003702        0x8 build/stm32f4xx_ll_usb.o
                0x08003702                USB_ReadInterrupts
 .text.USB_ReadChInterrupts
                0x0800370a       0x12 build/stm32f4xx_ll_usb.o
                0x0800370a                USB_ReadChInterrupts
 .text.USB_GetMode
                0x0800371c        0x8 build/stm32f4xx_ll_usb.o
                0x0800371c                USB_GetMode
 .text.USB_SetCurrentMode
                0x08003724       0x62 build/stm32f4xx_ll_usb.o
                0x08003724                USB_SetCurrentMode
 *fill*         0x08003786        0x2 
 .text.USB_HostInit
                0x08003788      0x100 build/stm32f4xx_ll_usb.o
                0x08003788                USB_HostInit
 .text.USB_InitFSLSPClkSel
                0x08003888       0x42 build/stm32f4xx_ll_usb.o
                0x08003888                USB_InitFSLSPClkSel
 .text.USB_ResetPort
                0x080038ca       0x3e build/stm32f4xx_ll_usb.o
                0x080038ca                USB_ResetPort
 .text.USB_DriveVbus
                0x08003908       0x46 build/stm32f4xx_ll_usb.o
                0x08003908                USB_DriveVbus
 .text.USB_GetHostSpeed
                0x0800394e       0x16 build/stm32f4xx_ll_usb.o
                0x0800394e                USB_GetHostSpeed
 .text.USB_GetCurrentFrame
                0x08003964        0xa build/stm32f4xx_ll_usb.o
                0x08003964                USB_GetCurrentFrame
 *fill*         0x0800396e        0x2 
 .text.USB_HC_Init
                0x08003970      0x130 build/stm32f4xx_ll_usb.o
                0x08003970                USB_HC_Init
 .text.USB_HC_ReadInterrupt
                0x08003aa0        0xa build/stm32f4xx_ll_usb.o
                0x08003aa0                USB_HC_ReadInterrupt
 .text.USB_HC_Halt
                0x08003aaa       0xfc build/stm32f4xx_ll_usb.o
                0x08003aaa                USB_HC_Halt
 *fill*         0x08003ba6        0x2 
 .text.USB_DoPing
                0x08003ba8       0x24 build/stm32f4xx_ll_usb.o
                0x08003ba8                USB_DoPing
 .text.USB_HC_StartXfer
                0x08003bcc      0x2c8 build/stm32f4xx_ll_usb.o
                0x08003bcc                USB_HC_StartXfer
 .text.USB_StopHost
                0x08003e94       0x92 build/stm32f4xx_ll_usb.o
                0x08003e94                USB_StopHost
 *fill*         0x08003f26        0x2 
 .text.HAL_RCC_OscConfig
                0x08003f28      0x4fc build/stm32f4xx_hal_rcc.o
                0x08003f28                HAL_RCC_OscConfig
 .text.HAL_RCC_GetSysClockFreq
                0x08004424       0xdc build/stm32f4xx_hal_rcc.o
                0x08004424                HAL_RCC_GetSysClockFreq
 .text.HAL_RCC_ClockConfig
                0x08004500      0x224 build/stm32f4xx_hal_rcc.o
                0x08004500                HAL_RCC_ClockConfig
 .text.HAL_RCC_GetHCLKFreq
                0x08004724        0xc build/stm32f4xx_hal_rcc.o
                0x08004724                HAL_RCC_GetHCLKFreq
 .text.HAL_RCC_GetPCLK1Freq
                0x08004730       0x20 build/stm32f4xx_hal_rcc.o
                0x08004730                HAL_RCC_GetPCLK1Freq
 .text.HAL_RCC_GetPCLK2Freq
                0x08004750       0x20 build/stm32f4xx_hal_rcc.o
                0x08004750                HAL_RCC_GetPCLK2Freq
 .text.HAL_RCC_GetClockConfig
                0x08004770       0x3c build/stm32f4xx_hal_rcc.o
                0x08004770                HAL_RCC_GetClockConfig
 .text.HAL_RCCEx_PeriphCLKConfig
                0x080047ac      0x4a0 build/stm32f4xx_hal_rcc_ex.o
                0x080047ac                HAL_RCCEx_PeriphCLKConfig
 .text.HAL_GPIO_Init
                0x08004c4c      0x2dc build/stm32f4xx_hal_gpio.o
                0x08004c4c                HAL_GPIO_Init
 .text.HAL_GPIO_WritePin
                0x08004f28       0x38 build/stm32f4xx_hal_gpio.o
                0x08004f28                HAL_GPIO_WritePin
 .text.HAL_GPIO_TogglePin
                0x08004f60       0x2c build/stm32f4xx_hal_gpio.o
                0x08004f60                HAL_GPIO_TogglePin
 .text.HAL_GPIO_EXTI_IRQHandler
                0x08004f8c       0x1c build/stm32f4xx_hal_gpio.o
                0x08004f8c                HAL_GPIO_EXTI_IRQHandler
 .text.DMA_SetConfig
                0x08004fa8       0x2c build/stm32f4xx_hal_dma.o
 .text.DMA_CalcBaseAndBitshift
                0x08004fd4       0x3c build/stm32f4xx_hal_dma.o
 .text.DMA_CheckFifoParam
                0x08005010       0x8e build/stm32f4xx_hal_dma.o
 *fill*         0x0800509e        0x2 
 .text.HAL_DMA_Init
                0x080050a0      0x290 build/stm32f4xx_hal_dma.o
                0x080050a0                HAL_DMA_Init
 .text.HAL_DMA_Start
                0x08005330       0x74 build/stm32f4xx_hal_dma.o
                0x08005330                HAL_DMA_Start
 .text.HAL_DMA_Abort
                0x080053a4       0x92 build/stm32f4xx_hal_dma.o
                0x080053a4                HAL_DMA_Abort
 .text.HAL_DMA_Abort_IT
                0x08005436       0x24 build/stm32f4xx_hal_dma.o
                0x08005436                HAL_DMA_Abort_IT
 .text.HAL_DMA_PollForTransfer
                0x0800545a      0x126 build/stm32f4xx_hal_dma.o
                0x0800545a                HAL_DMA_PollForTransfer
 .text.HAL_DMA_IRQHandler
                0x08005580      0x1dc build/stm32f4xx_hal_dma.o
                0x08005580                HAL_DMA_IRQHandler
 .text.__NVIC_EnableIRQ
                0x0800575c       0x1c build/stm32f4xx_hal_cortex.o
 .text.__NVIC_SetPriority
                0x08005778       0x28 build/stm32f4xx_hal_cortex.o
 .text.NVIC_EncodePriority
                0x080057a0       0x3e build/stm32f4xx_hal_cortex.o
 *fill*         0x080057de        0x2 
 .text.HAL_NVIC_SetPriorityGrouping
                0x080057e0       0x3c build/stm32f4xx_hal_cortex.o
                0x080057e0                HAL_NVIC_SetPriorityGrouping
 .text.HAL_NVIC_SetPriority
                0x0800581c       0x48 build/stm32f4xx_hal_cortex.o
                0x0800581c                HAL_NVIC_SetPriority
 .text.HAL_NVIC_EnableIRQ
                0x08005864       0x1c build/stm32f4xx_hal_cortex.o
                0x08005864                HAL_NVIC_EnableIRQ
 .text.HAL_Init
                0x08005880       0x34 build/stm32f4xx_hal.o
                0x08005880                HAL_Init
 .text.HAL_IncTick
                0x080058b4       0x18 build/stm32f4xx_hal.o
                0x080058b4                HAL_IncTick
 .text.HAL_GetTick
                0x080058cc        0xc build/stm32f4xx_hal.o
                0x080058cc                HAL_GetTick
 .text.HAL_Delay
                0x080058d8       0x28 build/stm32f4xx_hal.o
                0x080058d8                HAL_Delay
 .text.HAL_CRC_Init
                0x08005900       0x38 build/stm32f4xx_hal_crc.o
                0x08005900                HAL_CRC_Init
 .text.HAL_DMA2D_Init
                0x08005938       0xb4 build/stm32f4xx_hal_dma2d.o
                0x08005938                HAL_DMA2D_Init
 .text.HAL_DMA2D_LineEventCallback
                0x080059ec        0x2 build/stm32f4xx_hal_dma2d.o
                0x080059ec                HAL_DMA2D_LineEventCallback
 .text.HAL_DMA2D_CLUTLoadingCpltCallback
                0x080059ee        0x2 build/stm32f4xx_hal_dma2d.o
                0x080059ee                HAL_DMA2D_CLUTLoadingCpltCallback
 .text.HAL_DMA2D_IRQHandler
                0x080059f0      0x13c build/stm32f4xx_hal_dma2d.o
                0x080059f0                HAL_DMA2D_IRQHandler
 .text.HAL_DMA2D_ConfigLayer
                0x08005b2c      0x12c build/stm32f4xx_hal_dma2d.o
                0x08005b2c                HAL_DMA2D_ConfigLayer
 .text.FMC_SDRAM_Init
                0x08005c58      0x174 build/stm32f4xx_ll_fmc.o
                0x08005c58                FMC_SDRAM_Init
 .text.FMC_SDRAM_Timing_Init
                0x08005dcc      0x150 build/stm32f4xx_ll_fmc.o
                0x08005dcc                FMC_SDRAM_Timing_Init
 .text.HAL_SDRAM_Init
                0x08005f1c       0x40 build/stm32f4xx_hal_sdram.o
                0x08005f1c                HAL_SDRAM_Init
 .text.HAL_I2C_Init
                0x08005f5c      0x294 build/stm32f4xx_hal_i2c.o
                0x08005f5c                HAL_I2C_Init
 .text.HAL_I2CEx_ConfigAnalogFilter
                0x080061f0       0x80 build/stm32f4xx_hal_i2c_ex.o
                0x080061f0                HAL_I2CEx_ConfigAnalogFilter
 .text.HAL_I2CEx_ConfigDigitalFilter
                0x08006270       0x80 build/stm32f4xx_hal_i2c_ex.o
                0x08006270                HAL_I2CEx_ConfigDigitalFilter
 .text.LTDC_SetConfig
                0x080062f0      0x18c build/stm32f4xx_hal_ltdc.o
 .text.HAL_LTDC_Init
                0x0800647c      0x1d4 build/stm32f4xx_hal_ltdc.o
                0x0800647c                HAL_LTDC_Init
 .text.HAL_LTDC_ErrorCallback
                0x08006650        0x2 build/stm32f4xx_hal_ltdc.o
                0x08006650                HAL_LTDC_ErrorCallback
 .text.HAL_LTDC_LineEventCallback
                0x08006652        0x2 build/stm32f4xx_hal_ltdc.o
                0x08006652                HAL_LTDC_LineEventCallback
 .text.HAL_LTDC_ReloadEventCallback
                0x08006654        0x2 build/stm32f4xx_hal_ltdc.o
                0x08006654                HAL_LTDC_ReloadEventCallback
 .text.HAL_LTDC_IRQHandler
                0x08006656       0xda build/stm32f4xx_hal_ltdc.o
                0x08006656                HAL_LTDC_IRQHandler
 .text.HAL_LTDC_ConfigLayer
                0x08006730      0x15c build/stm32f4xx_hal_ltdc.o
                0x08006730                HAL_LTDC_ConfigLayer
 .text.HAL_SPI_Init
                0x0800688c      0x274 build/stm32f4xx_hal_spi.o
                0x0800688c                HAL_SPI_Init
 .text.UART_EndRxTransfer
                0x08006b00       0x5c build/stm32f4xx_hal_uart.o
 .text.UART_Transmit_IT
                0x08006b5c       0x5e build/stm32f4xx_hal_uart.o
 *fill*         0x08006bba        0x2 
 .text.UART_SetConfig
                0x08006bbc      0x174 build/stm32f4xx_hal_uart.o
 .text.UART_WaitOnFlagUntilTimeout
                0x08006d30       0x86 build/stm32f4xx_hal_uart.o
 *fill*         0x08006db6        0x2 
 .text.HAL_UART_Init
                0x08006db8      0x13c build/stm32f4xx_hal_uart.o
                0x08006db8                HAL_UART_Init
 .text.HAL_UART_Transmit
                0x08006ef4       0xca build/stm32f4xx_hal_uart.o
                0x08006ef4                HAL_UART_Transmit
 .text.HAL_UART_TxCpltCallback
                0x08006fbe        0x2 build/stm32f4xx_hal_uart.o
                0x08006fbe                HAL_UART_TxCpltCallback
 .text.UART_EndTransmit_IT
                0x08006fc0       0x1a build/stm32f4xx_hal_uart.o
 .text.HAL_UART_RxCpltCallback
                0x08006fda        0x2 build/stm32f4xx_hal_uart.o
                0x08006fda                HAL_UART_RxCpltCallback
 .text.HAL_UART_ErrorCallback
                0x08006fdc        0x2 build/stm32f4xx_hal_uart.o
                0x08006fdc                HAL_UART_ErrorCallback
 .text.UART_DMAAbortOnError
                0x08006fde        0xe build/stm32f4xx_hal_uart.o
 .text.HAL_UARTEx_RxEventCallback
                0x08006fec        0x2 build/stm32f4xx_hal_uart.o
                0x08006fec                HAL_UARTEx_RxEventCallback
 .text.UART_Receive_IT
                0x08006fee       0xe4 build/stm32f4xx_hal_uart.o
 *fill*         0x080070d2        0x2 
 .text.HAL_UART_IRQHandler
                0x080070d4      0x2a0 build/stm32f4xx_hal_uart.o
                0x080070d4                HAL_UART_IRQHandler
 .text.SystemInit
                0x08007374       0x14 build/system_stm32f4xx.o
                0x08007374                SystemInit
 .text.vListInitialise
                0x08007388       0x16 build/list.o
                0x08007388                vListInitialise
 .text.vListInitialiseItem
                0x0800739e        0x6 build/list.o
                0x0800739e                vListInitialiseItem
 .text.vListInsertEnd
                0x080073a4       0x16 build/list.o
                0x080073a4                vListInsertEnd
 .text.vListInsert
                0x080073ba       0x32 build/list.o
                0x080073ba                vListInsert
 .text.uxListRemove
                0x080073ec       0x26 build/list.o
                0x080073ec                uxListRemove
 .text.prvIsQueueFull
                0x08007412       0x1e build/queue.o
 .text.prvIsQueueEmpty
                0x08007430       0x1a build/queue.o
 .text.prvCopyDataToQueue
                0x0800744a       0x76 build/queue.o
 .text.prvCopyDataFromQueue
                0x080074c0       0x24 build/queue.o
 .text.prvUnlockQueue
                0x080074e4       0x6e build/queue.o
 .text.xQueueGenericReset
                0x08007552       0x84 build/queue.o
                0x08007552                xQueueGenericReset
 .text.prvInitialiseNewQueue
                0x080075d6       0x1c build/queue.o
 .text.xQueueGenericCreateStatic
                0x080075f2       0x94 build/queue.o
                0x080075f2                xQueueGenericCreateStatic
 .text.xQueueGenericCreate
                0x08007686       0x48 build/queue.o
                0x08007686                xQueueGenericCreate
 .text.xQueueGenericSend
                0x080076ce      0x188 build/queue.o
                0x080076ce                xQueueGenericSend
 .text.xQueueGenericSendFromISR
                0x08007856       0xce build/queue.o
                0x08007856                xQueueGenericSendFromISR
 .text.xQueueGiveFromISR
                0x08007924       0xb2 build/queue.o
                0x08007924                xQueueGiveFromISR
 .text.xQueueReceive
                0x080079d6      0x15e build/queue.o
                0x080079d6                xQueueReceive
 .text.xQueueReceiveFromISR
                0x08007b34       0xae build/queue.o
                0x08007b34                xQueueReceiveFromISR
 .text.uxQueueMessagesWaiting
                0x08007be2       0x26 build/queue.o
                0x08007be2                uxQueueMessagesWaiting
 .text.uxQueueMessagesWaitingFromISR
                0x08007c08       0x18 build/queue.o
                0x08007c08                uxQueueMessagesWaitingFromISR
 .text.prvResetNextTaskUnblockTime
                0x08007c20       0x2c build/tasks.o
 .text.prvInitialiseNewTask
                0x08007c4c       0xa4 build/tasks.o
 .text.prvInitialiseTaskLists
                0x08007cf0       0x68 build/tasks.o
 .text.prvAddNewTaskToReadyList
                0x08007d58       0xa8 build/tasks.o
 .text.prvDeleteTCB
                0x08007e00       0x38 build/tasks.o
 .text.prvCheckTasksWaitingTermination
                0x08007e38       0x4c build/tasks.o
 .text.prvAddCurrentTaskToDelayedList
                0x08007e84       0x98 build/tasks.o
 .text.prvIdleTask
                0x08007f1c       0x30 build/tasks.o
 .text.xTaskCreateStatic
                0x08007f4c       0x76 build/tasks.o
                0x08007f4c                xTaskCreateStatic
 .text.xTaskCreate
                0x08007fc2       0x64 build/tasks.o
                0x08007fc2                xTaskCreate
 *fill*         0x08008026        0x2 
 .text.vTaskDelete
                0x08008028       0xe0 build/tasks.o
                0x08008028                vTaskDelete
 .text.vTaskStartScheduler
                0x08008108       0x74 build/tasks.o
                0x08008108                vTaskStartScheduler
 .text.vTaskSuspendAll
                0x0800817c       0x10 build/tasks.o
                0x0800817c                vTaskSuspendAll
 .text.xTaskIncrementTick
                0x0800818c      0x118 build/tasks.o
                0x0800818c                xTaskIncrementTick
 .text.xTaskResumeAll
                0x080082a4       0xf8 build/tasks.o
                0x080082a4                xTaskResumeAll
 .text.vTaskDelay
                0x0800839c       0x4c build/tasks.o
                0x0800839c                vTaskDelay
 .text.vTaskSwitchContext
                0x080083e8       0xcc build/tasks.o
                0x080083e8                vTaskSwitchContext
 .text.vTaskPlaceOnEventList
                0x080084b4       0x30 build/tasks.o
                0x080084b4                vTaskPlaceOnEventList
 .text.xTaskRemoveFromEventList
                0x080084e4       0x8c build/tasks.o
                0x080084e4                xTaskRemoveFromEventList
 .text.vTaskInternalSetTimeOutState
                0x08008570       0x18 build/tasks.o
                0x08008570                vTaskInternalSetTimeOutState
 .text.xTaskCheckForTimeOut
                0x08008588       0x88 build/tasks.o
                0x08008588                xTaskCheckForTimeOut
 .text.vTaskMissedYield
                0x08008610        0xc build/tasks.o
                0x08008610                vTaskMissedYield
 .text.xTaskGetSchedulerState
                0x0800861c       0x20 build/tasks.o
                0x0800861c                xTaskGetSchedulerState
 .text.xTaskPriorityDisinherit
                0x0800863c       0xb0 build/tasks.o
                0x0800863c                xTaskPriorityDisinherit
 .text.makeFreeRtosPriority
                0x080086ec        0xc build/cmsis_os.o
 .text.inHandlerMode
                0x080086f8        0xc build/cmsis_os.o
 .text.osKernelStart
                0x08008704        0xa build/cmsis_os.o
                0x08008704                osKernelStart
 .text.osThreadCreate
                0x0800870e       0x66 build/cmsis_os.o
                0x0800870e                osThreadCreate
 .text.osDelay  0x08008774        0xe build/cmsis_os.o
                0x08008774                osDelay
 .text.osMessageCreate
                0x08008782       0x2a build/cmsis_os.o
                0x08008782                osMessageCreate
 .text.osMessagePut
                0x080087ac       0x66 build/cmsis_os.o
                0x080087ac                osMessagePut
 .text.osMessageGet
                0x08008812       0x84 build/cmsis_os.o
                0x08008812                osMessageGet
 .text.osMessageWaiting
                0x08008896       0x1a build/cmsis_os.o
                0x08008896                osMessageWaiting
 .text.prvHeapInit
                0x080088b0       0x64 build/heap_4.o
 .text.prvInsertBlockIntoFreeList
                0x08008914       0x64 build/heap_4.o
 .text.pvPortMalloc
                0x08008978      0x118 build/heap_4.o
                0x08008978                pvPortMalloc
 .text.vPortFree
                0x08008a90       0x7c build/heap_4.o
                0x08008a90                vPortFree
 .text.prvTaskExitError
                0x08008b0c       0x40 build/port.o
 .text.prvPortStartFirstTask
                0x08008b4c       0x28 build/port.o
 .text.vPortEnableVFP
                0x08008b74       0x14 build/port.o
 .text.pxPortInitialiseStack
                0x08008b88       0x2c build/port.o
                0x08008b88                pxPortInitialiseStack
 *fill*         0x08008bb4        0xc 
 .text.SVC_Handler
                0x08008bc0       0x24 build/port.o
                0x08008bc0                SVC_Handler
 .text.vPortEnterCritical
                0x08008be4       0x44 build/port.o
                0x08008be4                vPortEnterCritical
 .text.vPortExitCritical
                0x08008c28       0x2c build/port.o
                0x08008c28                vPortExitCritical
 *fill*         0x08008c54        0xc 
 .text.PendSV_Handler
                0x08008c60       0x64 build/port.o
                0x08008c60                PendSV_Handler
 .text.SysTick_Handler
                0x08008cc4       0x2c build/port.o
                0x08008cc4                SysTick_Handler
 .text.vPortSetupTimerInterrupt
                0x08008cf0       0x28 build/port.o
                0x08008cf0                vPortSetupTimerInterrupt
 .text.xPortStartScheduler
                0x08008d18      0x118 build/port.o
                0x08008d18                xPortStartScheduler
 .text.vPortValidateInterruptPriority
                0x08008e30       0x5c build/port.o
                0x08008e30                vPortValidateInterruptPriority
 .text.USBH_HandleSof
                0x08008e8c       0x18 build/usbh_core.o
 .text.DeInitStateMachine
                0x08008ea4       0x94 build/usbh_core.o
 .text.USBH_Init
                0x08008f38       0x88 build/usbh_core.o
                0x08008f38                USBH_Init
 .text.USBH_RegisterClass
                0x08008fc0       0x22 build/usbh_core.o
                0x08008fc0                USBH_RegisterClass
 .text.USBH_SelectInterface
                0x08008fe2       0x14 build/usbh_core.o
                0x08008fe2                USBH_SelectInterface
 .text.USBH_FindInterface
                0x08008ff6       0x54 build/usbh_core.o
                0x08008ff6                USBH_FindInterface
 .text.USBH_Start
                0x0800904a       0x14 build/usbh_core.o
                0x0800904a                USBH_Start
 .text.USBH_LL_SetTimer
                0x0800905e        0x6 build/usbh_core.o
                0x0800905e                USBH_LL_SetTimer
 .text.USBH_LL_IncTimer
                0x08009064       0x12 build/usbh_core.o
                0x08009064                USBH_LL_IncTimer
 .text.USBH_LL_PortDisabled
                0x08009076        0xe build/usbh_core.o
                0x08009076                USBH_LL_PortDisabled
 .text.USBH_OS_PutMessage
                0x08009084       0x28 build/usbh_core.o
                0x08009084                USBH_OS_PutMessage
 .text.USBH_HandleEnum
                0x080090ac      0x2a6 build/usbh_core.o
 .text.USBH_Process
                0x08009352      0x2f2 build/usbh_core.o
                0x08009352                USBH_Process
 .text.USBH_Process_OS
                0x08009644       0x22 build/usbh_core.o
 .text.USBH_LL_PortEnabled
                0x08009666       0x12 build/usbh_core.o
                0x08009666                USBH_LL_PortEnabled
 .text.USBH_LL_Connect
                0x08009678       0x1e build/usbh_core.o
                0x08009678                USBH_LL_Connect
 .text.USBH_LL_Disconnect
                0x08009696       0x38 build/usbh_core.o
                0x08009696                USBH_LL_Disconnect
 .text.USBH_LL_NotifyURBChange
                0x080096ce       0x10 build/usbh_core.o
                0x080096ce                USBH_LL_NotifyURBChange
 *fill*         0x080096de        0x2 
 .text.USBH_ParseDevDesc
                0x080096e0       0xf4 build/usbh_ctlreq.o
 .text.USBH_ParseInterfaceDesc
                0x080097d4       0x26 build/usbh_ctlreq.o
 .text.USBH_ParseEPDesc
                0x080097fa       0xe4 build/usbh_ctlreq.o
 .text.USBH_ParseStringDesc
                0x080098de       0x32 build/usbh_ctlreq.o
 .text.USBH_HandleControl
                0x08009910      0x298 build/usbh_ctlreq.o
 .text.USBH_GetNextDesc
                0x08009ba8        0xe build/usbh_ctlreq.o
                0x08009ba8                USBH_GetNextDesc
 .text.USBH_ParseCfgDesc
                0x08009bb6      0x182 build/usbh_ctlreq.o
 .text.USBH_CtlReq
                0x08009d38       0x58 build/usbh_ctlreq.o
                0x08009d38                USBH_CtlReq
 .text.USBH_GetDescriptor
                0x08009d90       0x42 build/usbh_ctlreq.o
                0x08009d90                USBH_GetDescriptor
 .text.USBH_Get_DevDesc
                0x08009dd2       0x36 build/usbh_ctlreq.o
                0x08009dd2                USBH_Get_DevDesc
 .text.USBH_Get_CfgDesc
                0x08009e08       0x36 build/usbh_ctlreq.o
                0x08009e08                USBH_Get_CfgDesc
 .text.USBH_Get_StringDesc
                0x08009e3e       0x40 build/usbh_ctlreq.o
                0x08009e3e                USBH_Get_StringDesc
 .text.USBH_SetAddress
                0x08009e7e       0x22 build/usbh_ctlreq.o
                0x08009e7e                USBH_SetAddress
 .text.USBH_SetCfg
                0x08009ea0       0x22 build/usbh_ctlreq.o
                0x08009ea0                USBH_SetCfg
 .text.USBH_SetFeature
                0x08009ec2       0x22 build/usbh_ctlreq.o
                0x08009ec2                USBH_SetFeature
 .text.USBH_ClrFeature
                0x08009ee4       0x24 build/usbh_ctlreq.o
                0x08009ee4                USBH_ClrFeature
 .text.USBH_CtlSendSetup
                0x08009f08       0x22 build/usbh_ioreq.o
                0x08009f08                USBH_CtlSendSetup
 .text.USBH_CtlSendData
                0x08009f2a       0x2c build/usbh_ioreq.o
                0x08009f2a                USBH_CtlSendData
 .text.USBH_CtlReceiveData
                0x08009f56       0x20 build/usbh_ioreq.o
                0x08009f56                USBH_CtlReceiveData
 .text.USBH_BulkSendData
                0x08009f76       0x2c build/usbh_ioreq.o
                0x08009f76                USBH_BulkSendData
 .text.USBH_BulkReceiveData
                0x08009fa2       0x20 build/usbh_ioreq.o
                0x08009fa2                USBH_BulkReceiveData
 .text.USBH_GetFreePipe
                0x08009fc2       0x26 build/usbh_pipes.o
 .text.USBH_OpenPipe
                0x08009fe8       0x20 build/usbh_pipes.o
                0x08009fe8                USBH_OpenPipe
 .text.USBH_ClosePipe
                0x0800a008        0xa build/usbh_pipes.o
                0x0800a008                USBH_ClosePipe
 .text.USBH_AllocPipe
                0x0800a012       0x26 build/usbh_pipes.o
                0x0800a012                USBH_AllocPipe
 .text.USBH_FreePipe
                0x0800a038       0x16 build/usbh_pipes.o
                0x0800a038                USBH_FreePipe
 .text.USBH_CDC_SOFProcess
                0x0800a04e        0x4 build/usbh_cdc.o
 .text.SetLineCoding
                0x0800a052       0x1a build/usbh_cdc.o
 .text.GetLineCoding
                0x0800a06c       0x1a build/usbh_cdc.o
 .text.USBH_CDC_ClassRequest
                0x0800a086       0x22 build/usbh_cdc.o
 .text.USBH_CDC_InterfaceDeInit
                0x0800a0a8       0x68 build/usbh_cdc.o
 .text.USBH_CDC_InterfaceInit
                0x0800a110      0x186 build/usbh_cdc.o
 .text.USBH_CDC_TransmitCallback
                0x0800a296        0x2 build/usbh_cdc.o
                0x0800a296                USBH_CDC_TransmitCallback
 .text.CDC_ProcessTransmission
                0x0800a298       0xaa build/usbh_cdc.o
 .text.USBH_CDC_ReceiveCallback
                0x0800a342        0x2 build/usbh_cdc.o
                0x0800a342                USBH_CDC_ReceiveCallback
 .text.CDC_ProcessReception
                0x0800a344       0x72 build/usbh_cdc.o
 .text.USBH_CDC_LineCodingChanged
                0x0800a3b6        0x2 build/usbh_cdc.o
                0x0800a3b6                USBH_CDC_LineCodingChanged
 .text.USBH_CDC_Process
                0x0800a3b8       0xae build/usbh_cdc.o
 *fill*         0x0800a466        0x2 
 .text._sbrk    0x0800a468       0x48 build/sysmem.o
                0x0800a468                _sbrk
 .text._read    0x0800a4b0       0x20 build/syscalls.o
                0x0800a4b0                _read
 .text._close   0x0800a4d0        0x6 build/syscalls.o
                0x0800a4d0                _close
 .text._fstat   0x0800a4d6        0xa build/syscalls.o
                0x0800a4d6                _fstat
 .text._isatty  0x0800a4e0        0x4 build/syscalls.o
                0x0800a4e0                _isatty
 .text._lseek   0x0800a4e4        0x4 build/syscalls.o
                0x0800a4e4                _lseek
 .text.MX_ADC1_Init
                0x0800a4e8       0x80 build/adc.o
                0x0800a4e8                MX_ADC1_Init
 .text.HAL_ADC_MspInit
                0x0800a568       0x8c build/adc.o
                0x0800a568                HAL_ADC_MspInit
 .text.MX_DMA_Init
                0x0800a5f4       0x34 build/dma.o
                0x0800a5f4                MX_DMA_Init
 .text.ADC_Init
                0x0800a628      0x150 build/stm32f4xx_hal_adc.o
 .text.HAL_ADC_Init
                0x0800a778      0x1f4 build/stm32f4xx_hal_adc.o
                0x0800a778                HAL_ADC_Init
 .text.HAL_ADC_ConvCpltCallback
                0x0800a96c        0x2 build/stm32f4xx_hal_adc.o
                0x0800a96c                HAL_ADC_ConvCpltCallback
 .text.HAL_ADC_LevelOutOfWindowCallback
                0x0800a96e        0x2 build/stm32f4xx_hal_adc.o
                0x0800a96e                HAL_ADC_LevelOutOfWindowCallback
 .text.HAL_ADC_ErrorCallback
                0x0800a970        0x2 build/stm32f4xx_hal_adc.o
                0x0800a970                HAL_ADC_ErrorCallback
 *fill*         0x0800a972        0x2 
 .text.HAL_ADC_IRQHandler
                0x0800a974      0x188 build/stm32f4xx_hal_adc.o
                0x0800a974                HAL_ADC_IRQHandler
 .text.HAL_ADC_ConfigChannel
                0x0800aafc      0x1e4 build/stm32f4xx_hal_adc.o
                0x0800aafc                HAL_ADC_ConfigChannel
 .text.HAL_ADCEx_InjectedConvCpltCallback
                0x0800ace0        0x2 build/stm32f4xx_hal_adc_ex.o
                0x0800ace0                HAL_ADCEx_InjectedConvCpltCallback
 *fill*         0x0800ace2        0x2 
 .text.Reset_Handler
                0x0800ace4       0x50 build/startup_stm32f429xx.o
                0x0800ace4                Reset_Handler
 .text.Default_Handler
                0x0800ad34        0x2 build/startup_stm32f429xx.o
                0x0800ad34                DMA1_Stream3_IRQHandler
                0x0800ad34                HASH_RNG_IRQHandler
                0x0800ad34                EXTI2_IRQHandler
                0x0800ad34                TIM8_CC_IRQHandler
                0x0800ad34                UART8_IRQHandler
                0x0800ad34                SPI4_IRQHandler
                0x0800ad34                TIM1_CC_IRQHandler
                0x0800ad34                DMA2_Stream5_IRQHandler
                0x0800ad34                DMA1_Stream5_IRQHandler
                0x0800ad34                PVD_IRQHandler
                0x0800ad34                SDIO_IRQHandler
                0x0800ad34                TAMP_STAMP_IRQHandler
                0x0800ad34                CAN2_RX1_IRQHandler
                0x0800ad34                EXTI3_IRQHandler
                0x0800ad34                TIM8_TRG_COM_TIM14_IRQHandler
                0x0800ad34                TIM1_UP_TIM10_IRQHandler
                0x0800ad34                TIM8_UP_TIM13_IRQHandler
                0x0800ad34                I2C3_ER_IRQHandler
                0x0800ad34                I2C2_EV_IRQHandler
                0x0800ad34                DMA1_Stream2_IRQHandler
                0x0800ad34                CAN1_RX0_IRQHandler
                0x0800ad34                FPU_IRQHandler
                0x0800ad34                OTG_HS_WKUP_IRQHandler
                0x0800ad34                LTDC_ER_IRQHandler
                0x0800ad34                CAN2_SCE_IRQHandler
                0x0800ad34                DMA2_Stream2_IRQHandler
                0x0800ad34                SPI1_IRQHandler
                0x0800ad34                TIM1_BRK_TIM9_IRQHandler
                0x0800ad34                DCMI_IRQHandler
                0x0800ad34                CAN2_RX0_IRQHandler
                0x0800ad34                DMA2_Stream3_IRQHandler
                0x0800ad34                USART6_IRQHandler
                0x0800ad34                USART3_IRQHandler
                0x0800ad34                CAN1_RX1_IRQHandler
                0x0800ad34                UART5_IRQHandler
                0x0800ad34                TIM4_IRQHandler
                0x0800ad34                I2C1_EV_IRQHandler
                0x0800ad34                DMA1_Stream6_IRQHandler
                0x0800ad34                DMA1_Stream1_IRQHandler
                0x0800ad34                UART4_IRQHandler
                0x0800ad34                TIM3_IRQHandler
                0x0800ad34                RCC_IRQHandler
                0x0800ad34                TIM8_BRK_TIM12_IRQHandler
                0x0800ad34                Default_Handler
                0x0800ad34                EXTI15_10_IRQHandler
                0x0800ad34                DMA1_Stream7_IRQHandler
                0x0800ad34                SPI5_IRQHandler
                0x0800ad34                TIM7_IRQHandler
                0x0800ad34                CAN2_TX_IRQHandler
                0x0800ad34                TIM5_IRQHandler
                0x0800ad34                DMA2_Stream7_IRQHandler
                0x0800ad34                I2C3_EV_IRQHandler
                0x0800ad34                EXTI9_5_IRQHandler
                0x0800ad34                RTC_WKUP_IRQHandler
                0x0800ad34                ETH_WKUP_IRQHandler
                0x0800ad34                SPI2_IRQHandler
                0x0800ad34                OTG_HS_EP1_IN_IRQHandler
                0x0800ad34                DMA1_Stream0_IRQHandler
                0x0800ad34                CAN1_TX_IRQHandler
                0x0800ad34                EXTI4_IRQHandler
                0x0800ad34                ETH_IRQHandler
                0x0800ad34                OTG_HS_EP1_OUT_IRQHandler
                0x0800ad34                WWDG_IRQHandler
                0x0800ad34                SPI6_IRQHandler
                0x0800ad34                TIM2_IRQHandler
                0x0800ad34                OTG_FS_WKUP_IRQHandler
                0x0800ad34                TIM1_TRG_COM_TIM11_IRQHandler
                0x0800ad34                EXTI1_IRQHandler
                0x0800ad34                UART7_IRQHandler
                0x0800ad34                USART2_IRQHandler
                0x0800ad34                I2C2_ER_IRQHandler
                0x0800ad34                DMA2_Stream1_IRQHandler
                0x0800ad34                CAN1_SCE_IRQHandler
                0x0800ad34                FLASH_IRQHandler
                0x0800ad34                DMA2_Stream4_IRQHandler
                0x0800ad34                OTG_FS_IRQHandler
                0x0800ad34                SPI3_IRQHandler
                0x0800ad34                DMA1_Stream4_IRQHandler
                0x0800ad34                I2C1_ER_IRQHandler
                0x0800ad34                FMC_IRQHandler
                0x0800ad34                DMA2_Stream6_IRQHandler
                0x0800ad34                SAI1_IRQHandler
                0x0800ad34                RTC_Alarm_IRQHandler
 *fill*         0x0800ad36        0x2 
 .text.malloc   0x0800ad38       0x10 /Applications/ArmGNUToolchain/14.3.rel1/arm-none-eabi/bin/../lib/gcc/arm-none-eabi/14.3.1/../../../../arm-none-eabi/lib/thumb/v7e-m+fp/hard/libc_nano.a(libc_a-malloc.o)
                0x0800ad38                malloc
 .text.free     0x0800ad48       0x10 /Applications/ArmGNUToolchain/14.3.rel1/arm-none-eabi/bin/../lib/gcc/arm-none-eabi/14.3.1/../../../../arm-none-eabi/lib/thumb/v7e-m+fp/hard/libc_nano.a(libc_a-malloc.o)
                0x0800ad48                free
 .text.sbrk_aligned
                0x0800ad58       0x44 /Applications/ArmGNUToolchain/14.3.rel1/arm-none-eabi/bin/../lib/gcc/arm-none-eabi/14.3.1/../../../../arm-none-eabi/lib/thumb/v7e-m+fp/hard/libc_nano.a(libc_a-mallocr.o)
 .text._malloc_r
                0x0800ad9c      0x100 /Applications/ArmGNUToolchain/14.3.rel1/arm-none-eabi/bin/../lib/gcc/arm-none-eabi/14.3.1/../../../../arm-none-eabi/lib/thumb/v7e-m+fp/hard/libc_nano.a(libc_a-mallocr.o)
                0x0800ad9c                _malloc_r
 .text.__malloc_lock
                0x0800ae9c        0xc /Applications/ArmGNUToolchain/14.3.rel1/arm-none-eabi/bin/../lib/gcc/arm-none-eabi/14.3.1/../../../../arm-none-eabi/lib/thumb/v7e-m+fp/hard/libc_nano.a(libc_a-mlock.o)
                0x0800ae9c                __malloc_lock
 .text.__malloc_unlock
                0x0800aea8        0xc /Applications/ArmGNUToolchain/14.3.rel1/arm-none-eabi/bin/../lib/gcc/arm-none-eabi/14.3.1/../../../../arm-none-eabi/lib/thumb/v7e-m+fp/hard/libc_nano.a(libc_a-mlock.o)
                0x0800aea8                __malloc_unlock
 .text.std      0x0800aeb4       0x6c /Applications/ArmGNUToolchain/14.3.rel1/arm-none-eabi/bin/../lib/gcc/arm-none-eabi/14.3.1/../../../../arm-none-eabi/lib/thumb/v7e-m+fp/hard/libc_nano.a(libc_a-findfp.o)
 .text.stdio_exit_handler
                0x0800af20       0x18 /Applications/ArmGNUToolchain/14.3.rel1/arm-none-eabi/bin/../lib/gcc/arm-none-eabi/14.3.1/../../../../arm-none-eabi/lib/thumb/v7e-m+fp/hard/libc_nano.a(libc_a-findfp.o)
 .text.cleanup_stdio
                0x0800af38       0x40 /Applications/ArmGNUToolchain/14.3.rel1/arm-none-eabi/bin/../lib/gcc/arm-none-eabi/14.3.1/../../../../arm-none-eabi/lib/thumb/v7e-m+fp/hard/libc_nano.a(libc_a-findfp.o)
 .text.global_stdio_init.part.0
                0x0800af78       0x40 /Applications/ArmGNUToolchain/14.3.rel1/arm-none-eabi/bin/../lib/gcc/arm-none-eabi/14.3.1/../../../../arm-none-eabi/lib/thumb/v7e-m+fp/hard/libc_nano.a(libc_a-findfp.o)
 .text.__sfp_lock_acquire
                0x0800afb8        0xc /Applications/ArmGNUToolchain/14.3.rel1/arm-none-eabi/bin/../lib/gcc/arm-none-eabi/14.3.1/../../../../arm-none-eabi/lib/thumb/v7e-m+fp/hard/libc_nano.a(libc_a-findfp.o)
                0x0800afb8                __sfp_lock_acquire
 .text.__sfp_lock_release
                0x0800afc4        0xc /Applications/ArmGNUToolchain/14.3.rel1/arm-none-eabi/bin/../lib/gcc/arm-none-eabi/14.3.1/../../../../arm-none-eabi/lib/thumb/v7e-m+fp/hard/libc_nano.a(libc_a-findfp.o)
                0x0800afc4                __sfp_lock_release
 .text.__sinit  0x0800afd0       0x30 /Applications/ArmGNUToolchain/14.3.rel1/arm-none-eabi/bin/../lib/gcc/arm-none-eabi/14.3.1/../../../../arm-none-eabi/lib/thumb/v7e-m+fp/hard/libc_nano.a(libc_a-findfp.o)
                0x0800afd0                __sinit
 .text._fwalk_sglue
                0x0800b000       0x3c /Applications/ArmGNUToolchain/14.3.rel1/arm-none-eabi/bin/../lib/gcc/arm-none-eabi/14.3.1/../../../../arm-none-eabi/lib/thumb/v7e-m+fp/hard/libc_nano.a(libc_a-fwalk.o)
                0x0800b000                _fwalk_sglue
 .text.printf   0x0800b03c       0x24 /Applications/ArmGNUToolchain/14.3.rel1/arm-none-eabi/bin/../lib/gcc/arm-none-eabi/14.3.1/../../../../arm-none-eabi/lib/thumb/v7e-m+fp/hard/libc_nano.a(libc_a-printf.o)
                0x0800b03c                printf
                0x0800b03c                iprintf
 .text._puts_r  0x0800b060       0xaa /Applications/ArmGNUToolchain/14.3.rel1/arm-none-eabi/bin/../lib/gcc/arm-none-eabi/14.3.1/../../../../arm-none-eabi/lib/thumb/v7e-m+fp/hard/libc_nano.a(libc_a-puts.o)
                0x0800b060                _puts_r
 *fill*         0x0800b10a        0x2 
 .text.puts     0x0800b10c       0x10 /Applications/ArmGNUToolchain/14.3.rel1/arm-none-eabi/bin/../lib/gcc/arm-none-eabi/14.3.1/../../../../arm-none-eabi/lib/thumb/v7e-m+fp/hard/libc_nano.a(libc_a-puts.o)
                0x0800b10c                puts
 .text.memset   0x0800b11c       0x10 /Applications/ArmGNUToolchain/14.3.rel1/arm-none-eabi/bin/../lib/gcc/arm-none-eabi/14.3.1/../../../../arm-none-eabi/lib/thumb/v7e-m+fp/hard/libc_nano.a(libc_a-memset.o)
                0x0800b11c                memset
 .text._sbrk_r  0x0800b12c       0x20 /Applications/ArmGNUToolchain/14.3.rel1/arm-none-eabi/bin/../lib/gcc/arm-none-eabi/14.3.1/../../../../arm-none-eabi/lib/thumb/v7e-m+fp/hard/libc_nano.a(libc_a-sbrkr.o)
                0x0800b12c                _sbrk_r
 .text.__errno  0x0800b14c        0xc /Applications/ArmGNUToolchain/14.3.rel1/arm-none-eabi/bin/../lib/gcc/arm-none-eabi/14.3.1/../../../../arm-none-eabi/lib/thumb/v7e-m+fp/hard/libc_nano.a(libc_a-errno.o)
                0x0800b14c                __errno
 .text.__libc_init_array
                0x0800b158       0x48 /Applications/ArmGNUToolchain/14.3.rel1/arm-none-eabi/bin/../lib/gcc/arm-none-eabi/14.3.1/../../../../arm-none-eabi/lib/thumb/v7e-m+fp/hard/libc_nano.a(libc_a-init.o)
                0x0800b158                __libc_init_array
 .text.__retarget_lock_init_recursive
                0x0800b1a0        0x2 /Applications/ArmGNUToolchain/14.3.rel1/arm-none-eabi/bin/../lib/gcc/arm-none-eabi/14.3.1/../../../../arm-none-eabi/lib/thumb/v7e-m+fp/hard/libc_nano.a(libc_a-lock.o)
                0x0800b1a0                __retarget_lock_init_recursive
 .text.__retarget_lock_acquire_recursive
                0x0800b1a2        0x2 /Applications/ArmGNUToolchain/14.3.rel1/arm-none-eabi/bin/../lib/gcc/arm-none-eabi/14.3.1/../../../../arm-none-eabi/lib/thumb/v7e-m+fp/hard/libc_nano.a(libc_a-lock.o)
                0x0800b1a2                __retarget_lock_acquire_recursive
 .text.__retarget_lock_release_recursive
                0x0800b1a4        0x2 /Applications/ArmGNUToolchain/14.3.rel1/arm-none-eabi/bin/../lib/gcc/arm-none-eabi/14.3.1/../../../../arm-none-eabi/lib/thumb/v7e-m+fp/hard/libc_nano.a(libc_a-lock.o)
                0x0800b1a4                __retarget_lock_release_recursive
 .text.memcpy   0x0800b1a6       0x1c /Applications/ArmGNUToolchain/14.3.rel1/arm-none-eabi/bin/../lib/gcc/arm-none-eabi/14.3.1/../../../../arm-none-eabi/lib/thumb/v7e-m+fp/hard/libc_nano.a(libc_a-memcpy-stub.o)
                0x0800b1a6                memcpy
 *fill*         0x0800b1c2        0x2 
 .text._free_r  0x0800b1c4       0x94 /Applications/ArmGNUToolchain/14.3.rel1/arm-none-eabi/bin/../lib/gcc/arm-none-eabi/14.3.1/../../../../arm-none-eabi/lib/thumb/v7e-m+fp/hard/libc_nano.a(libc_a-freer.o)
                0x0800b1c4                _free_r
 .text.__sfputc_r
                0x0800b258       0x2e /Applications/ArmGNUToolchain/14.3.rel1/arm-none-eabi/bin/../lib/gcc/arm-none-eabi/14.3.1/../../../../arm-none-eabi/lib/thumb/v7e-m+fp/hard/libc_nano.a(libc_a-nano-vfprintf.o)
 .text.__sfputs_r
                0x0800b286       0x24 /Applications/ArmGNUToolchain/14.3.rel1/arm-none-eabi/bin/../lib/gcc/arm-none-eabi/14.3.1/../../../../arm-none-eabi/lib/thumb/v7e-m+fp/hard/libc_nano.a(libc_a-nano-vfprintf.o)
                0x0800b286                __sfputs_r
 *fill*         0x0800b2aa        0x2 
 .text._vfprintf_r
                0x0800b2ac      0x228 /Applications/ArmGNUToolchain/14.3.rel1/arm-none-eabi/bin/../lib/gcc/arm-none-eabi/14.3.1/../../../../arm-none-eabi/lib/thumb/v7e-m+fp/hard/libc_nano.a(libc_a-nano-vfprintf.o)
                0x0800b2ac                _vfiprintf_r
                0x0800b2ac                _vfprintf_r
 .text._printf_common
                0x0800b4d4       0xda /Applications/ArmGNUToolchain/14.3.rel1/arm-none-eabi/bin/../lib/gcc/arm-none-eabi/14.3.1/../../../../arm-none-eabi/lib/thumb/v7e-m+fp/hard/libc_nano.a(libc_a-nano-vfprintf_i.o)
                0x0800b4d4                _printf_common
 *fill*         0x0800b5ae        0x2 
 .text._printf_i
                0x0800b5b0      0x24c /Applications/ArmGNUToolchain/14.3.rel1/arm-none-eabi/bin/../lib/gcc/arm-none-eabi/14.3.1/../../../../arm-none-eabi/lib/thumb/v7e-m+fp/hard/libc_nano.a(libc_a-nano-vfprintf_i.o)
                0x0800b5b0                _printf_i
 .text.__sflush_r
                0x0800b7fc      0x104 /Applications/ArmGNUToolchain/14.3.rel1/arm-none-eabi/bin/../lib/gcc/arm-none-eabi/14.3.1/../../../../arm-none-eabi/lib/thumb/v7e-m+fp/hard/libc_nano.a(libc_a-fflush.o)
                0x0800b7fc                __sflush_r
 .text._fflush_r
                0x0800b900       0x50 /Applications/ArmGNUToolchain/14.3.rel1/arm-none-eabi/bin/../lib/gcc/arm-none-eabi/14.3.1/../../../../arm-none-eabi/lib/thumb/v7e-m+fp/hard/libc_nano.a(libc_a-fflush.o)
                0x0800b900                _fflush_r
 .text.__sread  0x0800b950       0x22 /Applications/ArmGNUToolchain/14.3.rel1/arm-none-eabi/bin/../lib/gcc/arm-none-eabi/14.3.1/../../../../arm-none-eabi/lib/thumb/v7e-m+fp/hard/libc_nano.a(libc_a-stdio.o)
                0x0800b950                __sread
 .text.__swrite
                0x0800b972       0x38 /Applications/ArmGNUToolchain/14.3.rel1/arm-none-eabi/bin/../lib/gcc/arm-none-eabi/14.3.1/../../../../arm-none-eabi/lib/thumb/v7e-m+fp/hard/libc_nano.a(libc_a-stdio.o)
                0x0800b972                __swrite
 .text.__sseek  0x0800b9aa       0x26 /Applications/ArmGNUToolchain/14.3.rel1/arm-none-eabi/bin/../lib/gcc/arm-none-eabi/14.3.1/../../../../arm-none-eabi/lib/thumb/v7e-m+fp/hard/libc_nano.a(libc_a-stdio.o)
                0x0800b9aa                __sseek
 .text.__sclose
                0x0800b9d0        0x8 /Applications/ArmGNUToolchain/14.3.rel1/arm-none-eabi/bin/../lib/gcc/arm-none-eabi/14.3.1/../../../../arm-none-eabi/lib/thumb/v7e-m+fp/hard/libc_nano.a(libc_a-stdio.o)
                0x0800b9d0                __sclose
 .text.__swbuf_r
                0x0800b9d8       0x7c /Applications/ArmGNUToolchain/14.3.rel1/arm-none-eabi/bin/../lib/gcc/arm-none-eabi/14.3.1/../../../../arm-none-eabi/lib/thumb/v7e-m+fp/hard/libc_nano.a(libc_a-wbuf.o)
                0x0800b9d8                __swbuf_r
 .text.__swsetup_r
                0x0800ba54       0xa8 /Applications/ArmGNUToolchain/14.3.rel1/arm-none-eabi/bin/../lib/gcc/arm-none-eabi/14.3.1/../../../../arm-none-eabi/lib/thumb/v7e-m+fp/hard/libc_nano.a(libc_a-wsetup.o)
                0x0800ba54                __swsetup_r
 .text.__swhatbuf_r
                0x0800bafc       0x48 /Applications/ArmGNUToolchain/14.3.rel1/arm-none-eabi/bin/../lib/gcc/arm-none-eabi/14.3.1/../../../../arm-none-eabi/lib/thumb/v7e-m+fp/hard/libc_nano.a(libc_a-makebuf.o)
                0x0800bafc                __swhatbuf_r
 .text.__smakebuf_r
                0x0800bb44       0x72 /Applications/ArmGNUToolchain/14.3.rel1/arm-none-eabi/bin/../lib/gcc/arm-none-eabi/14.3.1/../../../../arm-none-eabi/lib/thumb/v7e-m+fp/hard/libc_nano.a(libc_a-makebuf.o)
                0x0800bb44                __smakebuf_r
 *fill*         0x0800bbb6        0x2 
 .text._isatty_r
                0x0800bbb8       0x20 /Applications/ArmGNUToolchain/14.3.rel1/arm-none-eabi/bin/../lib/gcc/arm-none-eabi/14.3.1/../../../../arm-none-eabi/lib/thumb/v7e-m+fp/hard/libc_nano.a(libc_a-isattyr.o)
                0x0800bbb8                _isatty_r
 .text._lseek_r
                0x0800bbd8       0x24 /Applications/ArmGNUToolchain/14.3.rel1/arm-none-eabi/bin/../lib/gcc/arm-none-eabi/14.3.1/../../../../arm-none-eabi/lib/thumb/v7e-m+fp/hard/libc_nano.a(libc_a-lseekr.o)
                0x0800bbd8                _lseek_r
 .text._read_r  0x0800bbfc       0x24 /Applications/ArmGNUToolchain/14.3.rel1/arm-none-eabi/bin/../lib/gcc/arm-none-eabi/14.3.1/../../../../arm-none-eabi/lib/thumb/v7e-m+fp/hard/libc_nano.a(libc_a-readr.o)
                0x0800bbfc                _read_r
 .text._write_r
                0x0800bc20       0x24 /Applications/ArmGNUToolchain/14.3.rel1/arm-none-eabi/bin/../lib/gcc/arm-none-eabi/14.3.1/../../../../arm-none-eabi/lib/thumb/v7e-m+fp/hard/libc_nano.a(libc_a-writer.o)
                0x0800bc20                _write_r
 .text._close_r
                0x0800bc44       0x20 /Applications/ArmGNUToolchain/14.3.rel1/arm-none-eabi/bin/../lib/gcc/arm-none-eabi/14.3.1/../../../../arm-none-eabi/lib/thumb/v7e-m+fp/hard/libc_nano.a(libc_a-closer.o)
                0x0800bc44                _close_r
 .text._fstat_r
                0x0800bc64       0x24 /Applications/ArmGNUToolchain/14.3.rel1/arm-none-eabi/bin/../lib/gcc/arm-none-eabi/14.3.1/../../../../arm-none-eabi/lib/thumb/v7e-m+fp/hard/libc_nano.a(libc_a-fstatr.o)
                0x0800bc64                _fstat_r
 .text.__udivmoddi4
                0x0800bc88      0x2f8 /Applications/ArmGNUToolchain/14.3.rel1/arm-none-eabi/bin/../lib/gcc/arm-none-eabi/14.3.1/thumb/v7e-m+fp/hard/libgcc.a(_udivmoddi4.o)
                0x0800bc88                __udivmoddi4
 *(.glue_7)
 .glue_7        0x0800bf80        0x0 linker stubs
 *(.glue_7t)
 .glue_7t       0x0800bf80        0x0 linker stubs
 *(.eh_frame)
 .eh_frame      0x0800bf80        0x0 /Applications/ArmGNUToolchain/14.3.rel1/arm-none-eabi/bin/../lib/gcc/arm-none-eabi/14.3.1/thumb/v7e-m+fp/hard/crtbegin.o
 *(.init)
 .init          0x0800bf80        0x4 /Applications/ArmGNUToolchain/14.3.rel1/arm-none-eabi/bin/../lib/gcc/arm-none-eabi/14.3.1/thumb/v7e-m+fp/hard/crti.o
                0x0800bf80                _init
 .init          0x0800bf84        0x8 /Applications/ArmGNUToolchain/14.3.rel1/arm-none-eabi/bin/../lib/gcc/arm-none-eabi/14.3.1/thumb/v7e-m+fp/hard/crtn.o
 *(.fini)
 .fini          0x0800bf8c        0x4 /Applications/ArmGNUToolchain/14.3.rel1/arm-none-eabi/bin/../lib/gcc/arm-none-eabi/14.3.1/thumb/v7e-m+fp/hard/crti.o
                0x0800bf8c                _fini
 .fini          0x0800bf90        0x8 /Applications/ArmGNUToolchain/14.3.rel1/arm-none-eabi/bin/../lib/gcc/arm-none-eabi/14.3.1/thumb/v7e-m+fp/hard/crtn.o
                0x0800bf98                        . = ALIGN (0x4)
                0x0800bf98                        _etext = .

.vfp11_veneer   0x0800bf98        0x0
 .vfp11_veneer  0x0800bf98        0x0 linker stubs

.v4_bx          0x0800bf98        0x0
 .v4_bx         0x0800bf98        0x0 linker stubs

.iplt           0x0800bf98        0x0
 .iplt          0x0800bf98        0x0 /Applications/ArmGNUToolchain/14.3.rel1/arm-none-eabi/bin/../lib/gcc/arm-none-eabi/14.3.1/thumb/v7e-m+fp/hard/crtbegin.o

.rodata         0x0800bf98      0x7a0
                0x0800bf98                        . = ALIGN (0x4)
 *(.rodata)
 .rodata        0x0800bf98       0x38 build/freertos.o
 .rodata        0x0800bfd0       0x2c build/usbh_core.o
 *(.rodata*)
 .rodata.main.str1.4
                0x0800bffc      0x6e5 build/main.o
                                 0x85 (size before relaxing)
 .rodata.MtMTask.str1.4
                0x0800c6e1      0x25e build/freertos.o
 .rodata.MX_FREERTOS_Init.str1.4
                0x0800c6e1       0x20 build/freertos.o
 .rodata.str1.4
                0x0800c6e1       0x14 build/freertos.o
 .rodata.TIM_OC1_SetConfig.str1.4
                0x0800c6e1       0x35 build/stm32f4xx_hal_tim.o
 .rodata.HAL_TIMEx_HallSensor_Init.str1.4
                0x0800c6e1       0x38 build/stm32f4xx_hal_tim_ex.o
 .rodata.HAL_HCD_Init.str1.4
                0x0800c6e1       0x35 build/stm32f4xx_hal_hcd.o
 .rodata.HAL_RCC_OscConfig.str1.4
                0x0800c6e1       0x35 build/stm32f4xx_hal_rcc.o
 .rodata.HAL_RCCEx_PeriphCLKConfig.str1.4
                0x0800c6e1       0x38 build/stm32f4xx_hal_rcc_ex.o
 .rodata.HAL_GPIO_Init.str1.4
                0x0800c6e1       0x36 build/stm32f4xx_hal_gpio.o
 .rodata.HAL_DMA_Init.str1.4
                0x0800c6e1       0x35 build/stm32f4xx_hal_dma.o
 *fill*         0x0800c6e1        0x3 
 .rodata.flagBitshiftOffset.0
                0x0800c6e4        0x8 build/stm32f4xx_hal_dma.o
 .rodata.HAL_NVIC_SetPriorityGrouping.str1.4
                0x0800c6ec       0x38 build/stm32f4xx_hal_cortex.o
 .rodata.HAL_CRC_Init.str1.4
                0x0800c6ec       0x35 build/stm32f4xx_hal_crc.o
 .rodata.HAL_DMA2D_Init.str1.4
                0x0800c6ec       0x37 build/stm32f4xx_hal_dma2d.o
 .rodata.FMC_NORSRAM_Init.str1.4
                0x0800c6ec       0x34 build/stm32f4xx_ll_fmc.o
 .rodata.HAL_I2C_Init.str1.4
                0x0800c6ec       0x35 build/stm32f4xx_hal_i2c.o
 .rodata.HAL_I2CEx_ConfigAnalogFilter.str1.4
                0x0800c6ec       0x38 build/stm32f4xx_hal_i2c_ex.o
 .rodata.HAL_LTDC_Init.str1.4
                0x0800c6ec       0x36 build/stm32f4xx_hal_ltdc.o
 .rodata.HAL_SPI_Init.str1.4
                0x0800c6ec       0x35 build/stm32f4xx_hal_spi.o
 .rodata.UART_SetConfig.str1.4
                0x0800c6ec       0x36 build/stm32f4xx_hal_uart.o
 .rodata.APBPrescTable
                0x0800c6ec        0x8 build/system_stm32f4xx.o
                0x0800c6ec                APBPrescTable
 .rodata.AHBPrescTable
                0x0800c6f4       0x10 build/system_stm32f4xx.o
                0x0800c6f4                AHBPrescTable
 .rodata.vTaskStartScheduler.str1.4
                0x0800c704        0x5 build/tasks.o
 .rodata.str1.4
                0x0800c704        0xc build/usbh_core.o
 .rodata.str1.4
                0x0800c704        0x4 build/usbh_cdc.o
 .rodata.ADC_Init.str1.4
                0x0800c704       0x35 build/stm32f4xx_hal_adc.o
 .rodata._vfprintf_r.str1.1
                0x0800c704       0x33 /Applications/ArmGNUToolchain/14.3.rel1/arm-none-eabi/bin/../lib/gcc/arm-none-eabi/14.3.1/../../../../arm-none-eabi/lib/thumb/v7e-m+fp/hard/libc_nano.a(libc_a-nano-vfprintf.o)
                                 0x11 (size before relaxing)
 .rodata._printf_i.str1.1
                0x0800c737       0x22 /Applications/ArmGNUToolchain/14.3.rel1/arm-none-eabi/bin/../lib/gcc/arm-none-eabi/14.3.1/../../../../arm-none-eabi/lib/thumb/v7e-m+fp/hard/libc_nano.a(libc_a-nano-vfprintf_i.o)
                0x0800c75c                        . = ALIGN (0x4)
 *fill*         0x0800c737        0x1 

.ARM.extab      0x0800c738        0x0
                0x0800c738                        . = ALIGN (0x4)
 *(.ARM.extab* .gnu.linkonce.armextab.*)
                0x0800c738                        . = ALIGN (0x4)

.ARM            0x0800c738        0x8
                0x0800c738                        . = ALIGN (0x4)
                0x0800c738                        __exidx_start = .
 *(.ARM.exidx*)
 .ARM.exidx     0x0800c738        0x8 /Applications/ArmGNUToolchain/14.3.rel1/arm-none-eabi/bin/../lib/gcc/arm-none-eabi/14.3.1/../../../../arm-none-eabi/lib/thumb/v7e-m+fp/hard/libc_nano.a(libc_a-memchr.o)
 .ARM.exidx.text.__udivmoddi4
                0x0800c740        0x0 /Applications/ArmGNUToolchain/14.3.rel1/arm-none-eabi/bin/../lib/gcc/arm-none-eabi/14.3.1/thumb/v7e-m+fp/hard/libgcc.a(_udivmoddi4.o)
                                  0x8 (size before relaxing)
                0x0800c740                        __exidx_end = .
                0x0800c740                        . = ALIGN (0x4)

.preinit_array  0x0800c740        0x0
                0x0800c740                        . = ALIGN (0x4)
                0x0800c740                        PROVIDE (__preinit_array_start = .)
 *(.preinit_array*)
                0x0800c740                        PROVIDE (__preinit_array_end = .)
                0x0800c740                        . = ALIGN (0x4)

.init_array     0x0800c740        0x4
                0x0800c740                        . = ALIGN (0x4)
                0x0800c740                        PROVIDE (__init_array_start = .)
 *(SORT_BY_NAME(.init_array.*))
 *(.init_array*)
 .init_array    0x0800c740        0x4 /Applications/ArmGNUToolchain/14.3.rel1/arm-none-eabi/bin/../lib/gcc/arm-none-eabi/14.3.1/thumb/v7e-m+fp/hard/crtbegin.o
                0x0800c744                        PROVIDE (__init_array_end = .)
                0x0800c744                        . = ALIGN (0x4)

.fini_array     0x0800c744        0x4
                0x0800c744                        . = ALIGN (0x4)
                [!provide]                        PROVIDE (__fini_array_start = .)
 *(SORT_BY_NAME(.fini_array.*))
 *(.fini_array*)
 .fini_array    0x0800c744        0x4 /Applications/ArmGNUToolchain/14.3.rel1/arm-none-eabi/bin/../lib/gcc/arm-none-eabi/14.3.1/thumb/v7e-m+fp/hard/crtbegin.o
                [!provide]                        PROVIDE (__fini_array_end = .)
                0x0800c748                        . = ALIGN (0x4)
                0x0800c748                        _sidata = LOADADDR (.data)

.rel.dyn        0x0800c748        0x0
 .rel.iplt      0x0800c748        0x0 /Applications/ArmGNUToolchain/14.3.rel1/arm-none-eabi/bin/../lib/gcc/arm-none-eabi/14.3.1/thumb/v7e-m+fp/hard/crtbegin.o

.data           0x20000000       0x8c load address 0x0800c748
                0x20000000                        . = ALIGN (0x4)
                0x20000000                        _sdata = .
 *(.data)
 *(.data*)
 .data.uwTickFreq
                0x20000000        0x1 build/stm32f4xx_hal.o
                0x20000000                uwTickFreq
 *fill*         0x20000001        0x3 
 .data.uwTickPrio
                0x20000004        0x4 build/stm32f4xx_hal.o
                0x20000004                uwTickPrio
 .data.SystemCoreClock
                0x20000008        0x4 build/system_stm32f4xx.o
                0x20000008                SystemCoreClock
 .data.uxCriticalNesting
                0x2000000c        0x4 build/port.o
 .data.CDC_Class
                0x20000010       0x20 build/usbh_cdc.o
                0x20000010                CDC_Class
 .data.__sglue  0x20000030        0xc /Applications/ArmGNUToolchain/14.3.rel1/arm-none-eabi/bin/../lib/gcc/arm-none-eabi/14.3.1/../../../../arm-none-eabi/lib/thumb/v7e-m+fp/hard/libc_nano.a(libc_a-findfp.o)
                0x20000030                __sglue
 .data._impure_ptr
                0x2000003c        0x4 /Applications/ArmGNUToolchain/14.3.rel1/arm-none-eabi/bin/../lib/gcc/arm-none-eabi/14.3.1/../../../../arm-none-eabi/lib/thumb/v7e-m+fp/hard/libc_nano.a(libc_a-impure.o)
                0x2000003c                _impure_ptr
 .data._impure_data
                0x20000040       0x4c /Applications/ArmGNUToolchain/14.3.rel1/arm-none-eabi/bin/../lib/gcc/arm-none-eabi/14.3.1/../../../../arm-none-eabi/lib/thumb/v7e-m+fp/hard/libc_nano.a(libc_a-impure.o)
                0x20000040                _impure_data
 *(.RamFunc)
 *(.RamFunc*)
                0x2000008c                        . = ALIGN (0x4)
                0x2000008c                        _edata = .
                0x0800c7d4                        _siccmram = LOADADDR (.ccmram)

.tm_clone_table
                0x2000008c        0x0 load address 0x0800c7d4
 .tm_clone_table
                0x2000008c        0x0 /Applications/ArmGNUToolchain/14.3.rel1/arm-none-eabi/bin/../lib/gcc/arm-none-eabi/14.3.1/thumb/v7e-m+fp/hard/crtbegin.o
 .tm_clone_table
                0x2000008c        0x0 /Applications/ArmGNUToolchain/14.3.rel1/arm-none-eabi/bin/../lib/gcc/arm-none-eabi/14.3.1/thumb/v7e-m+fp/hard/crtend.o

.igot.plt       0x2000008c        0x0 load address 0x0800c7d4
 .igot.plt      0x2000008c        0x0 /Applications/ArmGNUToolchain/14.3.rel1/arm-none-eabi/bin/../lib/gcc/arm-none-eabi/14.3.1/thumb/v7e-m+fp/hard/crtbegin.o

.ccmram         0x10000000        0x0 load address 0x0800c7d4
                0x10000000                        . = ALIGN (0x4)
                0x10000000                        _sccmram = .
 *(.ccmram)
 *(.ccmram*)
                0x10000000                        . = ALIGN (0x4)
                0x10000000                        _eccmram = .
                0x10000000                        . = ALIGN (0x4)

.bss            0x2000008c     0x9840
                0x2000008c                        _sbss = .
                0x2000008c                        __bss_start__ = _sbss
 *(.bss)
 *(.bss*)
 .bss.completed.1
                0x2000008c        0x1 /Applications/ArmGNUToolchain/14.3.rel1/arm-none-eabi/bin/../lib/gcc/arm-none-eabi/14.3.1/thumb/v7e-m+fp/hard/crtbegin.o
 *fill*         0x2000008d        0x3 
 .bss.object.0  0x20000090       0x18 /Applications/ArmGNUToolchain/14.3.rel1/arm-none-eabi/bin/../lib/gcc/arm-none-eabi/14.3.1/thumb/v7e-m+fp/hard/crtbegin.o
 .bss.xIdleStack
                0x200000a8      0x200 build/freertos.o
 .bss.xIdleTaskTCBBuffer
                0x200002a8       0x58 build/freertos.o
 .bss.defaultTaskHandle
                0x20000300        0x4 build/freertos.o
                0x20000300                defaultTaskHandle
 .bss.ButtonSemaphore
                0x20000304        0x4 build/freertos.o
                0x20000304                ButtonSemaphore
 .bss.dst_buffer
                0x20000308      0x400 build/freertos.o
                0x20000308                dst_buffer
 .bss.src_buffer
                0x20000708      0x400 build/freertos.o
                0x20000708                src_buffer
 .bss.hcrc      0x20000b08        0x8 build/crc.o
                0x20000b08                hcrc
 .bss.hdma2d    0x20000b10       0x40 build/dma2d.o
                0x20000b10                hdma2d
 .bss.FMC_Initialized
                0x20000b50        0x4 build/fmc.o
 .bss.hsdram1   0x20000b54       0x34 build/fmc.o
                0x20000b54                hsdram1
 .bss.hi2c3     0x20000b88       0x54 build/i2c.o
                0x20000b88                hi2c3
 .bss.hltdc     0x20000bdc       0xa8 build/ltdc.o
                0x20000bdc                hltdc
 .bss.hspi5     0x20000c84       0x58 build/spi.o
                0x20000c84                hspi5
 .bss.htim1     0x20000cdc       0x48 build/tim.o
                0x20000cdc                htim1
 .bss.huart1    0x20000d24       0x48 build/usart.o
                0x20000d24                huart1
 .bss.htim6     0x20000d6c       0x48 build/stm32f4xx_hal_timebase_tim.o
                0x20000d6c                htim6
 .bss.Appli_state
                0x20000db4        0x1 build/usb_host.o
                0x20000db4                Appli_state
 *fill*         0x20000db5        0x3 
 .bss.hUsbHostHS
                0x20000db8      0x3e4 build/usb_host.o
                0x20000db8                hUsbHostHS
 .bss.hhcd_USB_OTG_HS
                0x2000119c      0x3e0 build/usbh_conf.o
                0x2000119c                hhcd_USB_OTG_HS
 .bss.uwTick    0x2000157c        0x4 build/stm32f4xx_hal.o
                0x2000157c                uwTick
 .bss.uxSchedulerSuspended
                0x20001580        0x4 build/tasks.o
 .bss.xIdleTaskHandle
                0x20001584        0x4 build/tasks.o
 .bss.xNextTaskUnblockTime
                0x20001588        0x4 build/tasks.o
 .bss.uxTaskNumber
                0x2000158c        0x4 build/tasks.o
 .bss.xNumOfOverflows
                0x20001590        0x4 build/tasks.o
 .bss.xYieldPending
                0x20001594        0x4 build/tasks.o
 .bss.xPendedTicks
                0x20001598        0x4 build/tasks.o
 .bss.xSchedulerRunning
                0x2000159c        0x4 build/tasks.o
 .bss.uxTopReadyPriority
                0x200015a0        0x4 build/tasks.o
 .bss.xTickCount
                0x200015a4        0x4 build/tasks.o
 .bss.uxCurrentNumberOfTasks
                0x200015a8        0x4 build/tasks.o
 .bss.xSuspendedTaskList
                0x200015ac       0x14 build/tasks.o
 .bss.uxDeletedTasksWaitingCleanUp
                0x200015c0        0x4 build/tasks.o
 .bss.xTasksWaitingTermination
                0x200015c4       0x14 build/tasks.o
 .bss.xPendingReadyList
                0x200015d8       0x14 build/tasks.o
 .bss.pxOverflowDelayedTaskList
                0x200015ec        0x4 build/tasks.o
 .bss.pxDelayedTaskList
                0x200015f0        0x4 build/tasks.o
 .bss.xDelayedTaskList2
                0x200015f4       0x14 build/tasks.o
 .bss.xDelayedTaskList1
                0x20001608       0x14 build/tasks.o
 .bss.pxReadyTasksLists
                0x2000161c       0x8c build/tasks.o
 .bss.pxCurrentTCB
                0x200016a8        0x4 build/tasks.o
                0x200016a8                pxCurrentTCB
 .bss.xBlockAllocatedBit
                0x200016ac        0x4 build/heap_4.o
 .bss.xNumberOfSuccessfulFrees
                0x200016b0        0x4 build/heap_4.o
 .bss.xNumberOfSuccessfulAllocations
                0x200016b4        0x4 build/heap_4.o
 .bss.xMinimumEverFreeBytesRemaining
                0x200016b8        0x4 build/heap_4.o
 .bss.xFreeBytesRemaining
                0x200016bc        0x4 build/heap_4.o
 .bss.pxEnd     0x200016c0        0x4 build/heap_4.o
 .bss.xStart    0x200016c4        0x8 build/heap_4.o
 .bss.ucHeap    0x200016cc     0x8000 build/heap_4.o
 .bss.ulMaxPRIGROUPValue
                0x200096cc        0x4 build/port.o
 .bss.ucMaxSysCallPriority
                0x200096d0        0x1 build/port.o
 *fill*         0x200096d1        0x3 
 .bss.__sbrk_heap_end
                0x200096d4        0x4 build/sysmem.o
 .bss.hdma_adc1
                0x200096d8       0x60 build/adc.o
                0x200096d8                hdma_adc1
 .bss.hadc1     0x20009738       0x48 build/adc.o
                0x20009738                hadc1
 .bss.__malloc_sbrk_start
                0x20009780        0x4 /Applications/ArmGNUToolchain/14.3.rel1/arm-none-eabi/bin/../lib/gcc/arm-none-eabi/14.3.1/../../../../arm-none-eabi/lib/thumb/v7e-m+fp/hard/libc_nano.a(libc_a-mallocr.o)
                0x20009780                __malloc_sbrk_start
 .bss.__malloc_free_list
                0x20009784        0x4 /Applications/ArmGNUToolchain/14.3.rel1/arm-none-eabi/bin/../lib/gcc/arm-none-eabi/14.3.1/../../../../arm-none-eabi/lib/thumb/v7e-m+fp/hard/libc_nano.a(libc_a-mallocr.o)
                0x20009784                __malloc_free_list
 .bss.__sf      0x20009788      0x138 /Applications/ArmGNUToolchain/14.3.rel1/arm-none-eabi/bin/../lib/gcc/arm-none-eabi/14.3.1/../../../../arm-none-eabi/lib/thumb/v7e-m+fp/hard/libc_nano.a(libc_a-findfp.o)
                0x20009788                __sf
 .bss.__stdio_exit_handler
                0x200098c0        0x4 /Applications/ArmGNUToolchain/14.3.rel1/arm-none-eabi/bin/../lib/gcc/arm-none-eabi/14.3.1/../../../../arm-none-eabi/lib/thumb/v7e-m+fp/hard/libc_nano.a(libc_a-findfp.o)
                0x200098c0                __stdio_exit_handler
 .bss.__lock___malloc_recursive_mutex
                0x200098c4        0x1 /Applications/ArmGNUToolchain/14.3.rel1/arm-none-eabi/bin/../lib/gcc/arm-none-eabi/14.3.1/../../../../arm-none-eabi/lib/thumb/v7e-m+fp/hard/libc_nano.a(libc_a-lock.o)
                0x200098c4                __lock___malloc_recursive_mutex
 .bss.__lock___sfp_recursive_mutex
                0x200098c5        0x1 /Applications/ArmGNUToolchain/14.3.rel1/arm-none-eabi/bin/../lib/gcc/arm-none-eabi/14.3.1/../../../../arm-none-eabi/lib/thumb/v7e-m+fp/hard/libc_nano.a(libc_a-lock.o)
                0x200098c5                __lock___sfp_recursive_mutex
 *fill*         0x200098c6        0x2 
 .bss.errno     0x200098c8        0x4 /Applications/ArmGNUToolchain/14.3.rel1/arm-none-eabi/bin/../lib/gcc/arm-none-eabi/14.3.1/../../../../arm-none-eabi/lib/thumb/v7e-m+fp/hard/libc_nano.a(libc_a-reent.o)
                0x200098c8                errno
 *(COMMON)
                0x200098cc                        . = ALIGN (0x4)
                0x200098cc                        _ebss = .
                0x200098cc                        __bss_end__ = _ebss

._user_heap_stack
                0x200098cc      0x604
                0x200098d0                        . = ALIGN (0x8)
 *fill*         0x200098cc        0x4 
                [!provide]                        PROVIDE (end = .)
                0x200098d0                        PROVIDE (_end = .)
                0x20009ad0                        . = (. + _Min_Heap_Size)
 *fill*         0x200098d0      0x200 
                0x20009ed0                        . = (. + _Min_Stack_Size)
 *fill*         0x20009ad0      0x400 
                0x20009ed0                        . = ALIGN (0x8)

/DISCARD/
 libc.a(*)
 libm.a(*)
 libgcc.a(*)
OUTPUT(build/Black_Hand.elf elf32-littlearm)
LOAD linker stubs
LOAD /Applications/ArmGNUToolchain/14.3.rel1/arm-none-eabi/bin/../lib/gcc/arm-none-eabi/14.3.1/../../../../arm-none-eabi/lib/thumb/v7e-m+fp/hard/libc.a
LOAD /Applications/ArmGNUToolchain/14.3.rel1/arm-none-eabi/bin/../lib/gcc/arm-none-eabi/14.3.1/../../../../arm-none-eabi/lib/thumb/v7e-m+fp/hard/libm.a
LOAD /Applications/ArmGNUToolchain/14.3.rel1/arm-none-eabi/bin/../lib/gcc/arm-none-eabi/14.3.1/thumb/v7e-m+fp/hard/libgcc.a

.ARM.attributes
                0x00000000       0x30
 .ARM.attributes
                0x00000000       0x22 /Applications/ArmGNUToolchain/14.3.rel1/arm-none-eabi/bin/../lib/gcc/arm-none-eabi/14.3.1/thumb/v7e-m+fp/hard/crti.o
 .ARM.attributes
                0x00000022       0x34 /Applications/ArmGNUToolchain/14.3.rel1/arm-none-eabi/bin/../lib/gcc/arm-none-eabi/14.3.1/thumb/v7e-m+fp/hard/crtbegin.o
 .ARM.attributes
                0x00000056       0x34 build/main.o
 .ARM.attributes
                0x0000008a       0x34 build/gpio.o
 .ARM.attributes
                0x000000be       0x34 build/freertos.o
 .ARM.attributes
                0x000000f2       0x34 build/crc.o
 .ARM.attributes
                0x00000126       0x34 build/dma2d.o
 .ARM.attributes
                0x0000015a       0x34 build/fmc.o
 .ARM.attributes
                0x0000018e       0x34 build/i2c.o
 .ARM.attributes
                0x000001c2       0x34 build/ltdc.o
 .ARM.attributes
                0x000001f6       0x34 build/spi.o
 .ARM.attributes
                0x0000022a       0x34 build/tim.o
 .ARM.attributes
                0x0000025e       0x34 build/usart.o
 .ARM.attributes
                0x00000292       0x34 build/stm32f4xx_it.o
 .ARM.attributes
                0x000002c6       0x34 build/stm32f4xx_hal_msp.o
 .ARM.attributes
                0x000002fa       0x34 build/stm32f4xx_hal_timebase_tim.o
 .ARM.attributes
                0x0000032e       0x34 build/usb_host.o
 .ARM.attributes
                0x00000362       0x34 build/usbh_conf.o
 .ARM.attributes
                0x00000396       0x34 build/usbh_platform.o
 .ARM.attributes
                0x000003ca       0x34 build/stm32f4xx_hal_tim.o
 .ARM.attributes
                0x000003fe       0x34 build/stm32f4xx_hal_tim_ex.o
 .ARM.attributes
                0x00000432       0x34 build/stm32f4xx_hal_hcd.o
 .ARM.attributes
                0x00000466       0x34 build/stm32f4xx_ll_usb.o
 .ARM.attributes
                0x0000049a       0x34 build/stm32f4xx_hal_rcc.o
 .ARM.attributes
                0x000004ce       0x34 build/stm32f4xx_hal_rcc_ex.o
 .ARM.attributes
                0x00000502       0x34 build/stm32f4xx_hal_gpio.o
 .ARM.attributes
                0x00000536       0x34 build/stm32f4xx_hal_dma.o
 .ARM.attributes
                0x0000056a       0x34 build/stm32f4xx_hal_cortex.o
 .ARM.attributes
                0x0000059e       0x34 build/stm32f4xx_hal.o
 .ARM.attributes
                0x000005d2       0x34 build/stm32f4xx_hal_crc.o
 .ARM.attributes
                0x00000606       0x34 build/stm32f4xx_hal_dma2d.o
 .ARM.attributes
                0x0000063a       0x34 build/stm32f4xx_ll_fmc.o
 .ARM.attributes
                0x0000066e       0x34 build/stm32f4xx_hal_sdram.o
 .ARM.attributes
                0x000006a2       0x34 build/stm32f4xx_hal_i2c.o
 .ARM.attributes
                0x000006d6       0x34 build/stm32f4xx_hal_i2c_ex.o
 .ARM.attributes
                0x0000070a       0x34 build/stm32f4xx_hal_ltdc.o
 .ARM.attributes
                0x0000073e       0x34 build/stm32f4xx_hal_spi.o
 .ARM.attributes
                0x00000772       0x34 build/stm32f4xx_hal_uart.o
 .ARM.attributes
                0x000007a6       0x34 build/system_stm32f4xx.o
 .ARM.attributes
                0x000007da       0x34 build/list.o
 .ARM.attributes
                0x0000080e       0x34 build/queue.o
 .ARM.attributes
                0x00000842       0x34 build/tasks.o
 .ARM.attributes
                0x00000876       0x34 build/cmsis_os.o
 .ARM.attributes
                0x000008aa       0x34 build/heap_4.o
 .ARM.attributes
                0x000008de       0x34 build/port.o
 .ARM.attributes
                0x00000912       0x34 build/usbh_core.o
 .ARM.attributes
                0x00000946       0x34 build/usbh_ctlreq.o
 .ARM.attributes
                0x0000097a       0x34 build/usbh_ioreq.o
 .ARM.attributes
                0x000009ae       0x34 build/usbh_pipes.o
 .ARM.attributes
                0x000009e2       0x34 build/usbh_cdc.o
 .ARM.attributes