Archive member included to satisfy reference by file (symbol)

C:/Program Files (x86)/Arm GNU Toolchain arm-none-eabi/14.3 rel1/bin/../lib/gcc/arm-none-eabi/14.3.1/../../../../arm-none-eabi/lib/thumb/v7e-m+fp/hard\libc_nano.a(libc_a-exit.o)
                              C:/Program Files (x86)/Arm GNU Toolchain arm-none-eabi/14.3 rel1/bin/../lib/gcc/arm-none-eabi/14.3.1/../../../../arm-none-eabi/lib/thumb/v7e-m+fp/hard/crt0.o (exit)
C:/Program Files (x86)/Arm GNU Toolchain arm-none-eabi/14.3 rel1/bin/../lib/gcc/arm-none-eabi/14.3.1/../../../../arm-none-eabi/lib/thumb/v7e-m+fp/hard\libc_nano.a(libc_a-malloc.o)
                              build/usbh_cdc.o (malloc)
C:/Program Files (x86)/Arm GNU Toolchain arm-none-eabi/14.3 rel1/bin/../lib/gcc/arm-none-eabi/14.3.1/../../../../arm-none-eabi/lib/thumb/v7e-m+fp/hard\libc_nano.a(libc_a-mallocr.o)
                              C:/Program Files (x86)/Arm GNU Toolchain arm-none-eabi/14.3 rel1/bin/../lib/gcc/arm-none-eabi/14.3.1/../../../../arm-none-eabi/lib/thumb/v7e-m+fp/hard\libc_nano.a(libc_a-malloc.o) (_malloc_r)
C:/Program Files (x86)/Arm GNU Toolchain arm-none-eabi/14.3 rel1/bin/../lib/gcc/arm-none-eabi/14.3.1/../../../../arm-none-eabi/lib/thumb/v7e-m+fp/hard\libc_nano.a(libc_a-mlock.o)
                              C:/Program Files (x86)/Arm GNU Toolchain arm-none-eabi/14.3 rel1/bin/../lib/gcc/arm-none-eabi/14.3.1/../../../../arm-none-eabi/lib/thumb/v7e-m+fp/hard\libc_nano.a(libc_a-mallocr.o) (__malloc_lock)
C:/Program Files (x86)/Arm GNU Toolchain arm-none-eabi/14.3 rel1/bin/../lib/gcc/arm-none-eabi/14.3.1/../../../../arm-none-eabi/lib/thumb/v7e-m+fp/hard\libc_nano.a(libc_a-findfp.o)
                              C:/Program Files (x86)/Arm GNU Toolchain arm-none-eabi/14.3 rel1/bin/../lib/gcc/arm-none-eabi/14.3.1/../../../../arm-none-eabi/lib/thumb/v7e-m+fp/hard\libc_nano.a(libc_a-exit.o) (__stdio_exit_handler)
C:/Program Files (x86)/Arm GNU Toolchain arm-none-eabi/14.3 rel1/bin/../lib/gcc/arm-none-eabi/14.3.1/../../../../arm-none-eabi/lib/thumb/v7e-m+fp/hard\libc_nano.a(libc_a-fwalk.o)
                              C:/Program Files (x86)/Arm GNU Toolchain arm-none-eabi/14.3 rel1/bin/../lib/gcc/arm-none-eabi/14.3.1/../../../../arm-none-eabi/lib/thumb/v7e-m+fp/hard\libc_nano.a(libc_a-findfp.o) (_fwalk_sglue)
C:/Program Files (x86)/Arm GNU Toolchain arm-none-eabi/14.3 rel1/bin/../lib/gcc/arm-none-eabi/14.3.1/../../../../arm-none-eabi/lib/thumb/v7e-m+fp/hard\libc_nano.a(libc_a-printf.o)
                              build/main.o (printf)
C:/Program Files (x86)/Arm GNU Toolchain arm-none-eabi/14.3 rel1/bin/../lib/gcc/arm-none-eabi/14.3.1/../../../../arm-none-eabi/lib/thumb/v7e-m+fp/hard\libc_nano.a(libc_a-puts.o)
                              build/main.o (puts)
C:/Program Files (x86)/Arm GNU Toolchain arm-none-eabi/14.3 rel1/bin/../lib/gcc/arm-none-eabi/14.3.1/../../../../arm-none-eabi/lib/thumb/v7e-m+fp/hard\libc_nano.a(libc_a-stdio.o)
                              C:/Program Files (x86)/Arm GNU Toolchain arm-none-eabi/14.3 rel1/bin/../lib/gcc/arm-none-eabi/14.3.1/../../../../arm-none-eabi/lib/thumb/v7e-m+fp/hard\libc_nano.a(libc_a-findfp.o) (__sread)
C:/Program Files (x86)/Arm GNU Toolchain arm-none-eabi/14.3 rel1/bin/../lib/gcc/arm-none-eabi/14.3.1/../../../../arm-none-eabi/lib/thumb/v7e-m+fp/hard\libc_nano.a(libc_a-wbuf.o)
                              C:/Program Files (x86)/Arm GNU Toolchain arm-none-eabi/14.3 rel1/bin/../lib/gcc/arm-none-eabi/14.3.1/../../../../arm-none-eabi/lib/thumb/v7e-m+fp/hard\libc_nano.a(libc_a-puts.o) (__swbuf_r)
C:/Program Files (x86)/Arm GNU Toolchain arm-none-eabi/14.3 rel1/bin/../lib/gcc/arm-none-eabi/14.3.1/../../../../arm-none-eabi/lib/thumb/v7e-m+fp/hard\libc_nano.a(libc_a-wsetup.o)
                              C:/Program Files (x86)/Arm GNU Toolchain arm-none-eabi/14.3 rel1/bin/../lib/gcc/arm-none-eabi/14.3.1/../../../../arm-none-eabi/lib/thumb/v7e-m+fp/hard\libc_nano.a(libc_a-puts.o) (__swsetup_r)
C:/Program Files (x86)/Arm GNU Toolchain arm-none-eabi/14.3 rel1/bin/../lib/gcc/arm-none-eabi/14.3.1/../../../../arm-none-eabi/lib/thumb/v7e-m+fp/hard\libc_nano.a(libc_a-memset.o)
                              C:/Program Files (x86)/Arm GNU Toolchain arm-none-eabi/14.3 rel1/bin/../lib/gcc/arm-none-eabi/14.3.1/../../../../arm-none-eabi/lib/thumb/v7e-m+fp/hard/crt0.o (memset)
C:/Program Files (x86)/Arm GNU Toolchain arm-none-eabi/14.3 rel1/bin/../lib/gcc/arm-none-eabi/14.3.1/../../../../arm-none-eabi/lib/thumb/v7e-m+fp/hard\libc_nano.a(libc_a-closer.o)
                              C:/Program Files (x86)/Arm GNU Toolchain arm-none-eabi/14.3 rel1/bin/../lib/gcc/arm-none-eabi/14.3.1/../../../../arm-none-eabi/lib/thumb/v7e-m+fp/hard\libc_nano.a(libc_a-stdio.o) (_close_r)
C:/Program Files (x86)/Arm GNU Toolchain arm-none-eabi/14.3 rel1/bin/../lib/gcc/arm-none-eabi/14.3.1/../../../../arm-none-eabi/lib/thumb/v7e-m+fp/hard\libc_nano.a(libc_a-reent.o)
[...]
Memory Configuration

Name             Origin             Length             Attributes
RAM              0x20000000         0x00030000         xrw
CCMRAM           0x10000000         0x00010000         xrw
FLASH            0x08000000         0x00200000         xr
*default*        0x00000000         0xffffffff

Linker script and memory map

LOAD C:/Program Files (x86)/Arm GNU Toolchain arm-none-eabi/14.3 rel1/bin/../lib/gcc/arm-none-eabi/14.3.1/thumb/v7e-m+fp/hard/crti.o
LOAD C:/Program Files (x86)/Arm GNU Toolchain arm-none-eabi/14.3 rel1/bin/../lib/gcc/arm-none-eabi/14.3.1/thumb/v7e-m+fp/hard/crtbegin.o
LOAD C:/Program Files (x86)/Arm GNU Toolchain arm-none-eabi/14.3 rel1/bin/../lib/gcc/arm-none-eabi/14.3.1/../../../../arm-none-eabi/lib/thumb/v7e-m+fp/hard/crt0.o
LOAD build/main.o
LOAD build/gpio.o
LOAD build/freertos.o
LOAD build/crc.o
LOAD build/dma2d.o
LOAD build/fmc.o
LOAD build/i2c.o
LOAD build/ltdc.o
LOAD build/spi.o
LOAD build/tim.o
LOAD build/usart.o
LOAD build/stm32f4xx_it.o
LOAD build/stm32f4xx_hal_msp.o
LOAD build/stm32f4xx_hal_timebase_tim.o
LOAD build/usb_host.o
LOAD build/usbh_conf.o
LOAD build/usbh_platform.o
LOAD build/stm32f4xx_hal_tim.o
LOAD build/stm32f4xx_hal_tim_ex.o
LOAD build/stm32f4xx_hal_hcd.o
LOAD build/stm32f4xx_ll_usb.o
LOAD build/stm32f4xx_hal_rcc.o
LOAD build/stm32f4xx_hal_rcc_ex.o
LOAD build/stm32f4xx_hal_flash.o
LOAD build/stm32f4xx_hal_flash_ex.o
LOAD build/stm32f4xx_hal_flash_ramfunc.o
LOAD build/stm32f4xx_hal_gpio.o
LOAD build/stm32f4xx_hal_dma_ex.o
LOAD build/stm32f4xx_hal_dma.o
LOAD build/stm32f4xx_hal_pwr.o
LOAD build/stm32f4xx_hal_pwr_ex.o
LOAD build/stm32f4xx_hal_cortex.o
LOAD build/stm32f4xx_hal.o
LOAD build/stm32f4xx_hal_exti.o
LOAD build/stm32f4xx_hal_crc.o
LOAD build/stm32f4xx_hal_dma2d.o
LOAD build/stm32f4xx_ll_fmc.o
LOAD build/stm32f4xx_hal_nor.o
LOAD build/stm32f4xx_hal_sram.o
LOAD build/stm32f4xx_hal_nand.o
LOAD build/stm32f4xx_hal_pccard.o
LOAD build/stm32f4xx_hal_sdram.o
LOAD build/stm32f4xx_hal_i2c.o
LOAD build/stm32f4xx_hal_i2c_ex.o
LOAD build/stm32f4xx_hal_ltdc.o
LOAD build/stm32f4xx_hal_ltdc_ex.o
LOAD build/stm32f4xx_hal_dsi.o
LOAD build/stm32f4xx_hal_spi.o
LOAD build/stm32f4xx_hal_uart.o
LOAD build/system_stm32f4xx.o
LOAD build/croutine.o
LOAD build/event_groups.o
LOAD build/list.o
LOAD build/queue.o
LOAD build/stream_buffer.o
LOAD build/tasks.o
LOAD build/timers.o
LOAD build/cmsis_os.o
LOAD build/heap_4.o
LOAD build/port.o
LOAD build/usbh_core.o
LOAD build/usbh_ctlreq.o
LOAD build/usbh_ioreq.o
LOAD build/usbh_pipes.o
LOAD build/usbh_cdc.o
LOAD build/sysmem.o
LOAD build/syscalls.o
LOAD build/startup_stm32f429xx.o
LOAD C:/Program Files (x86)/Arm GNU Toolchain arm-none-eabi/14.3 rel1/bin/../lib/gcc/arm-none-eabi/14.3.1/../../../../arm-none-eabi/lib/thumb/v7e-m+fp/hard\libc_nano.a
LOAD C:/Program Files (x86)/Arm GNU Toolchain arm-none-eabi/14.3 rel1/bin/../lib/gcc/arm-none-eabi/14.3.1/../../../../arm-none-eabi/lib/thumb/v7e-m+fp/hard\libm.a
LOAD C:/Program Files (x86)/Arm GNU Toolchain arm-none-eabi/14.3 rel1/bin/../lib/gcc/arm-none-eabi/14.3.1/../../../../arm-none-eabi/lib/thumb/v7e-m+fp/hard\libnosys.a
START GROUP
LOAD C:/Program Files (x86)/Arm GNU Toolchain arm-none-eabi/14.3 rel1/bin/../lib/gcc/arm-none-eabi/14.3.1/thumb/v7e-m+fp/hard\libgcc.a
LOAD C:/Program Files (x86)/Arm GNU Toolchain arm-none-eabi/14.3 rel1/bin/../lib/gcc/arm-none-eabi/14.3.1/../../../../arm-none-eabi/lib/thumb/v7e-m+fp/hard\libc_nano.a
END GROUP
START GROUP
LOAD C:/Program Files (x86)/Arm GNU Toolchain arm-none-eabi/14.3 rel1/bin/../lib/gcc/arm-none-eabi/14.3.1/thumb/v7e-m+fp/hard\libgcc.a
LOAD C:/Program Files (x86)/Arm GNU Toolchain arm-none-eabi/14.3 rel1/bin/../lib/gcc/arm-none-eabi/14.3.1/../../../../arm-none-eabi/lib/thumb/v7e-m+fp/hard\libc_nano.a
END GROUP
LOAD C:/Program Files (x86)/Arm GNU Toolchain arm-none-eabi/14.3 rel1/bin/../lib/gcc/arm-none-eabi/14.3.1/thumb/v7e-m+fp/hard/crtend.o
LOAD C:/Program Files (x86)/Arm GNU Toolchain arm-none-eabi/14.3 rel1/bin/../lib/gcc/arm-none-eabi/14.3.1/thumb/v7e-m+fp/hard/crtn.o
                0x20030000                        _estack = (ORIGIN (RAM) + LENGTH (RAM))
                0x00000200                        _Min_Heap_Size = 0x200
                0x00000400                        _Min_Stack_Size = 0x400

.isr_vector     0x08000000      0x1ac
                0x08000000                        . = ALIGN (0x4)
 *(.isr_vector)
 .isr_vector    0x08000000      0x1ac build/startup_stm32f429xx.o
                0x08000000                g_pfnVectors
                0x080001ac                        . = ALIGN (0x4)

.text           0x080001b0     0x77f0
                0x080001b0                        . = ALIGN (0x4)
 *(.text)
 .text          0x080001b0       0xa0 C:/Program Files (x86)/Arm GNU Toolchain arm-none-eabi/14.3 rel1/bin/../lib/gcc/arm-none-eabi/14.3.1/../../../../arm-none-eabi/lib/thumb/v7e-m+fp/hard\libc_nano.a(libc_a-memchr.o)
                0x080001b0                memchr
 .text          0x08000250       0x30 C:/Program Files (x86)/Arm GNU Toolchain arm-none-eabi/14.3 rel1/bin/../lib/gcc/arm-none-eabi/14.3.1/thumb/v7e-m+fp/hard\libgcc.a(_aeabi_uldivmod.o)
                0x08000250                __aeabi_uldivmod
 .text          0x08000280        0x4 C:/Program Files (x86)/Arm GNU Toolchain arm-none-eabi/14.3 rel1/bin/../lib/gcc/arm-none-eabi/14.3.1/thumb/v7e-m+fp/hard\libgcc.a(_dvmd_tls.o)
                0x08000280                __aeabi_idiv0
                0x08000280                __aeabi_ldiv0
 *(.text*)
 .text.deregister_tm_clones
                0x08000284       0x1c C:/Program Files (x86)/Arm GNU Toolchain arm-none-eabi/14.3 rel1/bin/../lib/gcc/arm-none-eabi/14.3.1/thumb/v7e-m+fp/hard/crtbegin.o
 .text.register_tm_clones
                0x080002a0       0x24 C:/Program Files (x86)/Arm GNU Toolchain arm-none-eabi/14.3 rel1/bin/../lib/gcc/arm-none-eabi/14.3.1/thumb/v7e-m+fp/hard/crtbegin.o
 .text.__do_global_dtors_aux
                0x080002c4       0x28 C:/Program Files (x86)/Arm GNU Toolchain arm-none-eabi/14.3 rel1/bin/../lib/gcc/arm-none-eabi/14.3.1/thumb/v7e-m+fp/hard/crtbegin.o
 .text.frame_dummy
                0x080002ec       0x24 C:/Program Files (x86)/Arm GNU Toolchain arm-none-eabi/14.3 rel1/bin/../lib/gcc/arm-none-eabi/14.3.1/thumb/v7e-m+fp/hard/crtbegin.o
 .text._write   0x08000310       0x18 build/main.o
                0x08000310                _write
 .text.HAL_TIM_PeriodElapsedCallback
                0x08000328       0x48 build/main.o
                0x08000328                HAL_TIM_PeriodElapsedCallback
 .text.HAL_GPIO_EXTI_Callback
                0x08000370       0x48 build/main.o
                0x08000370                HAL_GPIO_EXTI_Callback
 .text.Error_Handler
                0x080003b8        0x4 build/main.o
                0x080003b8                Error_Handler
 .text.SystemClock_Config
                0x080003bc       0xa8 build/main.o
                0x080003bc                SystemClock_Config
 .text.main     0x08000464       0xac build/main.o
                0x08000464                main
 .text.assert_failed
                0x08000510        0x2 build/main.o
                0x08000510                assert_failed
 *fill*         0x08000512        0x2 
 .text.MX_GPIO_Init
                0x08000514      0x1cc build/gpio.o
                0x08000514                MX_GPIO_Init
 .text.vApplicationStackOverflowHook
                0x080006e0        0x2 build/freertos.o
                0x080006e0                vApplicationStackOverflowHook
 *fill*         0x080006e2        0x2 
 .text.MX_CRC_Init
                0x080006e4       0x20 build/crc.o
                0x080006e4                MX_CRC_Init
 .text.HAL_CRC_MspInit
                0x08000704       0x30 build/crc.o
                0x08000704                HAL_CRC_MspInit
 .text.MX_DMA2D_Init
                0x08000734       0x40 build/dma2d.o
                0x08000734                MX_DMA2D_Init
 .text.HAL_DMA2D_MspInit
                0x08000774       0x40 build/dma2d.o
                0x08000774                HAL_DMA2D_MspInit
 .text.HAL_FMC_MspInit
                0x080007b4       0xf8 build/fmc.o
 .text.MX_FMC_Init
                0x080008ac       0x70 build/fmc.o
                0x080008ac                MX_FMC_Init
 .text.HAL_SDRAM_MspInit
                0x0800091c        0x8 build/fmc.o
                0x0800091c                HAL_SDRAM_MspInit
 .text.MX_I2C3_Init
                0x08000924       0x5c build/i2c.o
                0x08000924                MX_I2C3_Init
 .text.HAL_I2C_MspInit
                0x08000980       0xb0 build/i2c.o
                0x08000980                HAL_I2C_MspInit
 .text.MX_LTDC_Init
                0x08000a30       0xb8 build/ltdc.o
                0x08000a30                MX_LTDC_Init
 .text.HAL_LTDC_MspInit
                0x08000ae8      0x1c8 build/ltdc.o
                0x08000ae8                HAL_LTDC_MspInit
 .text.MX_SPI5_Init
                0x08000cb0       0x44 build/spi.o
                0x08000cb0                MX_SPI5_Init
 .text.HAL_SPI_MspInit
                0x08000cf4       0x6c build/spi.o
                0x08000cf4                HAL_SPI_MspInit
 .text.MX_TIM1_Init
                0x08000d60       0x70 build/tim.o
                0x08000d60                MX_TIM1_Init
 .text.MX_TIM2_Init
                0x08000dd0       0x54 build/tim.o
                0x08000dd0                MX_TIM2_Init
 .text.HAL_TIM_Base_MspInit
                0x08000e24       0x68 build/tim.o
                0x08000e24                HAL_TIM_Base_MspInit
 .text.MX_USART1_UART_Init
                0x08000e8c       0x34 build/usart.o
                0x08000e8c                MX_USART1_UART_Init
 .text.HAL_UART_MspInit
                0x08000ec0       0x80 build/usart.o
                0x08000ec0                HAL_UART_MspInit
 .text.NMI_Handler
                0x08000f40        0x2 build/stm32f4xx_it.o
                0x08000f40                NMI_Handler
 .text.HardFault_Handler
                0x08000f42        0x2 build/stm32f4xx_it.o
                0x08000f42                HardFault_Handler
 .text.MemManage_Handler
                0x08000f44        0x2 build/stm32f4xx_it.o
                0x08000f44                MemManage_Handler
 .text.BusFault_Handler
                0x08000f46        0x2 build/stm32f4xx_it.o
                0x08000f46                BusFault_Handler
 .text.UsageFault_Handler
                0x08000f48        0x2 build/stm32f4xx_it.o
                0x08000f48                UsageFault_Handler
 .text.DebugMon_Handler
                0x08000f4a        0x2 build/stm32f4xx_it.o
                0x08000f4a                DebugMon_Handler
 .text.USART1_IRQHandler
                0x08000f4c       0x10 build/stm32f4xx_it.o
                0x08000f4c                USART1_IRQHandler
 .text.TIM6_DAC_IRQHandler
                0x08000f5c       0x10 build/stm32f4xx_it.o
                0x08000f5c                TIM6_DAC_IRQHandler
 .text.TIM2_IRQHandler
                0x08000f6c       0x10 build/stm32f4xx_it.o
                0x08000f6c                TIM2_IRQHandler
 .text.OTG_HS_IRQHandler
                0x08000f7c       0x10 build/stm32f4xx_it.o
                0x08000f7c                OTG_HS_IRQHandler
 .text.LTDC_IRQHandler
                0x08000f8c       0x10 build/stm32f4xx_it.o
                0x08000f8c                LTDC_IRQHandler
 .text.DMA2D_IRQHandler
                0x08000f9c       0x10 build/stm32f4xx_it.o
                0x08000f9c                DMA2D_IRQHandler
 .text.EXTI0_IRQHandler
                0x08000fac        0xa build/stm32f4xx_it.o
                0x08000fac                EXTI0_IRQHandler
 *fill*         0x08000fb6        0x2 
 .text.HAL_MspInit
                0x08000fb8       0x44 build/stm32f4xx_hal_msp.o
                0x08000fb8                HAL_MspInit
 .text.HAL_InitTick
                0x08000ffc       0xa4 build/stm32f4xx_hal_timebase_tim.o
                0x08000ffc                HAL_InitTick
 .text.HAL_HCD_SOF_Callback
                0x080010a0        0xc build/usbh_conf.o
                0x080010a0                HAL_HCD_SOF_Callback
 .text.HAL_HCD_Connect_Callback
                0x080010ac        0xc build/usbh_conf.o
                0x080010ac                HAL_HCD_Connect_Callback
 .text.HAL_HCD_Disconnect_Callback
                0x080010b8        0xc build/usbh_conf.o
                0x080010b8                HAL_HCD_Disconnect_Callback
 .text.HAL_HCD_HC_NotifyURBChange_Callback
                0x080010c4        0xc build/usbh_conf.o
                0x080010c4                HAL_HCD_HC_NotifyURBChange_Callback
 .text.HAL_HCD_PortEnabled_Callback
                0x080010d0        0xc build/usbh_conf.o
                0x080010d0                HAL_HCD_PortEnabled_Callback
 .text.HAL_HCD_PortDisabled_Callback
                0x080010dc        0xc build/usbh_conf.o
                0x080010dc                HAL_HCD_PortDisabled_Callback
 .text.USBH_Get_USB_Status
                0x080010e8       0x14 build/usbh_conf.o
                0x080010e8                USBH_Get_USB_Status
 .text.USBH_LL_Stop
                0x080010fc       0x10 build/usbh_conf.o
                0x080010fc                USBH_LL_Stop
 .text.TIM_TI1_ConfigInputStage
                0x0800110c       0x26 build/stm32f4xx_hal_tim.o
 .text.TIM_TI2_ConfigInputStage
                0x08001132       0x28 build/stm32f4xx_hal_tim.o
 .text.TIM_ITRx_SetConfig
                0x0800115a       0x10 build/stm32f4xx_hal_tim.o
 *fill*         0x0800116a        0x2 
 .text.HAL_TIM_Base_Start_IT
                0x0800116c      0x104 build/stm32f4xx_hal_tim.o
                0x0800116c                HAL_TIM_Base_Start_IT
 .text.HAL_TIM_OC_DelayElapsedCallback
                0x08001270        0x2 build/stm32f4xx_hal_tim.o
                0x08001270                HAL_TIM_OC_DelayElapsedCallback
 .text.HAL_TIM_IC_CaptureCallback
                0x08001272        0x2 build/stm32f4xx_hal_tim.o
                0x08001272                HAL_TIM_IC_CaptureCallback
 .text.HAL_TIM_PWM_PulseFinishedCallback
                0x08001274        0x2 build/stm32f4xx_hal_tim.o
                0x08001274                HAL_TIM_PWM_PulseFinishedCallback
 .text.HAL_TIM_TriggerCallback
                0x08001276        0x2 build/stm32f4xx_hal_tim.o
                0x08001276                HAL_TIM_TriggerCallback
 .text.HAL_TIM_IRQHandler
                0x08001278      0x15e build/stm32f4xx_hal_tim.o
                0x08001278                HAL_TIM_IRQHandler
 *fill*         0x080013d6        0x2 
 .text.TIM_Base_SetConfig
                0x080013d8       0xd0 build/stm32f4xx_hal_tim.o
                0x080013d8                TIM_Base_SetConfig
 .text.HAL_TIM_Base_Init
                0x080014a8      0x168 build/stm32f4xx_hal_tim.o
                0x080014a8                HAL_TIM_Base_Init
 .text.TIM_ETR_SetConfig
                0x08001610       0x1a build/stm32f4xx_hal_tim.o
                0x08001610                TIM_ETR_SetConfig
 *fill*         0x0800162a        0x2 
 .text.HAL_TIM_ConfigClockSource
                0x0800162c      0x4f8 build/stm32f4xx_hal_tim.o
                0x0800162c                HAL_TIM_ConfigClockSource
 .text.HAL_TIMEx_MasterConfigSynchronization
                0x08001b24      0x118 build/stm32f4xx_hal_tim_ex.o
                0x08001b24                HAL_TIMEx_MasterConfigSynchronization
 .text.HAL_TIMEx_CommutCallback
                0x08001c3c        0x2 build/stm32f4xx_hal_tim_ex.o
                0x08001c3c                HAL_TIMEx_CommutCallback
 .text.HAL_TIMEx_BreakCallback
                0x08001c3e        0x2 build/stm32f4xx_hal_tim_ex.o
                0x08001c3e                HAL_TIMEx_BreakCallback
 .text.HCD_RXQLVL_IRQHandler
                0x08001c40       0xac build/stm32f4xx_hal_hcd.o
 .text.HCD_Port_IRQHandler
                0x08001cec       0xb0 build/stm32f4xx_hal_hcd.o
 .text.HCD_HC_IN_IRQHandler
                0x08001d9c      0x5bc build/stm32f4xx_hal_hcd.o
 .text.HCD_HC_OUT_IRQHandler
                0x08002358      0x48c build/stm32f4xx_hal_hcd.o
 .text.HAL_HCD_IRQHandler
                0x080027e4      0x15c build/stm32f4xx_hal_hcd.o
                0x080027e4                HAL_HCD_IRQHandler
 .text.HAL_HCD_Stop
                0x08002940       0x24 build/stm32f4xx_hal_hcd.o
                0x08002940                HAL_HCD_Stop
 .text.USB_EnableGlobalInt
                0x08002964        0xc build/stm32f4xx_ll_usb.o
                0x08002964                USB_EnableGlobalInt
 .text.USB_DisableGlobalInt
                0x08002970        0xc build/stm32f4xx_ll_usb.o
                0x08002970                USB_DisableGlobalInt
 .text.USB_FlushTxFifo
                0x0800297c       0x4a build/stm32f4xx_ll_usb.o
                0x0800297c                USB_FlushTxFifo
 .text.USB_FlushRxFifo
                0x080029c6       0x46 build/stm32f4xx_ll_usb.o
                0x080029c6                USB_FlushRxFifo
 .text.USB_ReadPacket
                0x08002a0c       0x46 build/stm32f4xx_ll_usb.o
                0x08002a0c                USB_ReadPacket
 .text.USB_ReadInterrupts
                0x08002a52        0x8 build/stm32f4xx_ll_usb.o
                0x08002a52                USB_ReadInterrupts
 .text.USB_ReadChInterrupts
                0x08002a5a       0x12 build/stm32f4xx_ll_usb.o
                0x08002a5a                USB_ReadChInterrupts
 .text.USB_GetMode
                0x08002a6c        0x8 build/stm32f4xx_ll_usb.o
                0x08002a6c                USB_GetMode
 .text.USB_InitFSLSPClkSel
                0x08002a74       0x42 build/stm32f4xx_ll_usb.o
                0x08002a74                USB_InitFSLSPClkSel
 .text.USB_HC_ReadInterrupt
                0x08002ab6        0xa build/stm32f4xx_ll_usb.o
                0x08002ab6                USB_HC_ReadInterrupt
 .text.USB_HC_Halt
                0x08002ac0       0xfc build/stm32f4xx_ll_usb.o
                0x08002ac0                USB_HC_Halt
 .text.USB_StopHost
                0x08002bbc       0x92 build/stm32f4xx_ll_usb.o
                0x08002bbc                USB_StopHost
 *fill*         0x08002c4e        0x2 
 .text.HAL_RCC_OscConfig
                0x08002c50      0x4fc build/stm32f4xx_hal_rcc.o
                0x08002c50                HAL_RCC_OscConfig
 .text.HAL_RCC_GetSysClockFreq
                0x0800314c       0xdc build/stm32f4xx_hal_rcc.o
                0x0800314c                HAL_RCC_GetSysClockFreq
 .text.HAL_RCC_ClockConfig
                0x08003228      0x224 build/stm32f4xx_hal_rcc.o
                0x08003228                HAL_RCC_ClockConfig
 .text.HAL_RCC_GetHCLKFreq
                0x0800344c        0xc build/stm32f4xx_hal_rcc.o
                0x0800344c                HAL_RCC_GetHCLKFreq
 .text.HAL_RCC_GetPCLK1Freq
                0x08003458       0x20 build/stm32f4xx_hal_rcc.o
                0x08003458                HAL_RCC_GetPCLK1Freq
 .text.HAL_RCC_GetPCLK2Freq
                0x08003478       0x20 build/stm32f4xx_hal_rcc.o
                0x08003478                HAL_RCC_GetPCLK2Freq
 .text.HAL_RCC_GetClockConfig
                0x08003498       0x3c build/stm32f4xx_hal_rcc.o
                0x08003498                HAL_RCC_GetClockConfig
 .text.HAL_RCCEx_PeriphCLKConfig
                0x080034d4      0x4a0 build/stm32f4xx_hal_rcc_ex.o
                0x080034d4                HAL_RCCEx_PeriphCLKConfig
 .text.HAL_GPIO_Init
                0x08003974      0x2dc build/stm32f4xx_hal_gpio.o
                0x08003974                HAL_GPIO_Init
 .text.HAL_GPIO_WritePin
                0x08003c50       0x38 build/stm32f4xx_hal_gpio.o
                0x08003c50                HAL_GPIO_WritePin
 .text.HAL_GPIO_TogglePin
                0x08003c88       0x2c build/stm32f4xx_hal_gpio.o
                0x08003c88                HAL_GPIO_TogglePin
 .text.HAL_GPIO_EXTI_IRQHandler
                0x08003cb4       0x1c build/stm32f4xx_hal_gpio.o
                0x08003cb4                HAL_GPIO_EXTI_IRQHandler
 .text.HAL_DMA_Abort
                0x08003cd0       0x92 build/stm32f4xx_hal_dma.o
                0x08003cd0                HAL_DMA_Abort
 .text.HAL_DMA_Abort_IT
                0x08003d62       0x24 build/stm32f4xx_hal_dma.o
                0x08003d62                HAL_DMA_Abort_IT
 *fill*         0x08003d86        0x2 
 .text.__NVIC_EnableIRQ
                0x08003d88       0x1c build/stm32f4xx_hal_cortex.o
 .text.__NVIC_SetPriority
                0x08003da4       0x28 build/stm32f4xx_hal_cortex.o
 .text.NVIC_EncodePriority
                0x08003dcc       0x3e build/stm32f4xx_hal_cortex.o
 *fill*         0x08003e0a        0x2 
 .text.HAL_NVIC_SetPriorityGrouping
                0x08003e0c       0x3c build/stm32f4xx_hal_cortex.o
                0x08003e0c                HAL_NVIC_SetPriorityGrouping
 .text.HAL_NVIC_SetPriority
                0x08003e48       0x48 build/stm32f4xx_hal_cortex.o
                0x08003e48                HAL_NVIC_SetPriority
 .text.HAL_NVIC_EnableIRQ
                0x08003e90       0x1c build/stm32f4xx_hal_cortex.o
                0x08003e90                HAL_NVIC_EnableIRQ
 .text.HAL_Init
                0x08003eac       0x34 build/stm32f4xx_hal.o
                0x08003eac                HAL_Init
 .text.HAL_IncTick
                0x08003ee0       0x18 build/stm32f4xx_hal.o
                0x08003ee0                HAL_IncTick
 .text.HAL_GetTick
                0x08003ef8        0xc build/stm32f4xx_hal.o
                0x08003ef8                HAL_GetTick
 .text.HAL_CRC_Init
                0x08003f04       0x38 build/stm32f4xx_hal_crc.o
                0x08003f04                HAL_CRC_Init
 .text.HAL_DMA2D_Init
                0x08003f3c       0xb4 build/stm32f4xx_hal_dma2d.o
                0x08003f3c                HAL_DMA2D_Init
 .text.HAL_DMA2D_LineEventCallback
                0x08003ff0        0x2 build/stm32f4xx_hal_dma2d.o
                0x08003ff0                HAL_DMA2D_LineEventCallback
 .text.HAL_DMA2D_CLUTLoadingCpltCallback
                0x08003ff2        0x2 build/stm32f4xx_hal_dma2d.o
                0x08003ff2                HAL_DMA2D_CLUTLoadingCpltCallback
 .text.HAL_DMA2D_IRQHandler
                0x08003ff4      0x13c build/stm32f4xx_hal_dma2d.o
                0x08003ff4                HAL_DMA2D_IRQHandler
 .text.HAL_DMA2D_ConfigLayer
                0x08004130      0x12c build/stm32f4xx_hal_dma2d.o
                0x08004130                HAL_DMA2D_ConfigLayer
 .text.FMC_SDRAM_Init
                0x0800425c      0x174 build/stm32f4xx_ll_fmc.o
                0x0800425c                FMC_SDRAM_Init
 .text.FMC_SDRAM_Timing_Init
                0x080043d0      0x150 build/stm32f4xx_ll_fmc.o
                0x080043d0                FMC_SDRAM_Timing_Init
 .text.HAL_SDRAM_Init
                0x08004520       0x40 build/stm32f4xx_hal_sdram.o
                0x08004520                HAL_SDRAM_Init
 .text.HAL_I2C_Init
                0x08004560      0x294 build/stm32f4xx_hal_i2c.o
                0x08004560                HAL_I2C_Init
 .text.HAL_I2CEx_ConfigAnalogFilter
                0x080047f4       0x80 build/stm32f4xx_hal_i2c_ex.o
                0x080047f4                HAL_I2CEx_ConfigAnalogFilter
 .text.HAL_I2CEx_ConfigDigitalFilter
                0x08004874       0x80 build/stm32f4xx_hal_i2c_ex.o
                0x08004874                HAL_I2CEx_ConfigDigitalFilter
 .text.LTDC_SetConfig
                0x080048f4      0x18c build/stm32f4xx_hal_ltdc.o
 .text.HAL_LTDC_Init
                0x08004a80      0x1d4 build/stm32f4xx_hal_ltdc.o
                0x08004a80                HAL_LTDC_Init
 .text.HAL_LTDC_ErrorCallback
                0x08004c54        0x2 build/stm32f4xx_hal_ltdc.o
                0x08004c54                HAL_LTDC_ErrorCallback
 .text.HAL_LTDC_LineEventCallback
                0x08004c56        0x2 build/stm32f4xx_hal_ltdc.o
                0x08004c56                HAL_LTDC_LineEventCallback
 .text.HAL_LTDC_ReloadEventCallback
                0x08004c58        0x2 build/stm32f4xx_hal_ltdc.o
                0x08004c58                HAL_LTDC_ReloadEventCallback
 .text.HAL_LTDC_IRQHandler
                0x08004c5a       0xda build/stm32f4xx_hal_ltdc.o
                0x08004c5a                HAL_LTDC_IRQHandler
 .text.HAL_LTDC_ConfigLayer
                0x08004d34      0x15c build/stm32f4xx_hal_ltdc.o
                0x08004d34                HAL_LTDC_ConfigLayer
 .text.HAL_SPI_Init
                0x08004e90      0x274 build/stm32f4xx_hal_spi.o
                0x08004e90                HAL_SPI_Init
 .text.UART_EndRxTransfer
                0x08005104       0x5c build/stm32f4xx_hal_uart.o
 .text.UART_Transmit_IT
                0x08005160       0x5e build/stm32f4xx_hal_uart.o
 *fill*         0x080051be        0x2 
 .text.UART_SetConfig
                0x080051c0      0x174 build/stm32f4xx_hal_uart.o
 .text.UART_WaitOnFlagUntilTimeout
                0x08005334       0x86 build/stm32f4xx_hal_uart.o
 *fill*         0x080053ba        0x2 
 .text.HAL_UART_Init
                0x080053bc      0x13c build/stm32f4xx_hal_uart.o
                0x080053bc                HAL_UART_Init
 .text.HAL_UART_Transmit
                0x080054f8       0xca build/stm32f4xx_hal_uart.o
                0x080054f8                HAL_UART_Transmit
 .text.HAL_UART_TxCpltCallback
                0x080055c2        0x2 build/stm32f4xx_hal_uart.o
                0x080055c2                HAL_UART_TxCpltCallback
 .text.UART_EndTransmit_IT
                0x080055c4       0x1a build/stm32f4xx_hal_uart.o
 .text.HAL_UART_RxCpltCallback
                0x080055de        0x2 build/stm32f4xx_hal_uart.o
                0x080055de                HAL_UART_RxCpltCallback
 .text.HAL_UART_ErrorCallback
                0x080055e0        0x2 build/stm32f4xx_hal_uart.o
                0x080055e0                HAL_UART_ErrorCallback
 .text.UART_DMAAbortOnError
                0x080055e2        0xe build/stm32f4xx_hal_uart.o
 .text.HAL_UARTEx_RxEventCallback
                0x080055f0        0x2 build/stm32f4xx_hal_uart.o
                0x080055f0                HAL_UARTEx_RxEventCallback
 .text.UART_Receive_IT
                0x080055f2       0xe4 build/stm32f4xx_hal_uart.o
 *fill*         0x080056d6        0x2 
 .text.HAL_UART_IRQHandler
                0x080056d8      0x2a0 build/stm32f4xx_hal_uart.o
                0x080056d8                HAL_UART_IRQHandler
 .text.SystemInit
                0x08005978       0x14 build/system_stm32f4xx.o
                0x08005978                SystemInit
 .text.vListInsertEnd
                0x0800598c       0x16 build/list.o
                0x0800598c                vListInsertEnd
 .text.vListInsert
                0x080059a2       0x32 build/list.o
                0x080059a2                vListInsert
 .text.uxListRemove
                0x080059d4       0x26 build/list.o
                0x080059d4                uxListRemove
 .text.prvIsQueueFull
                0x080059fa       0x1e build/queue.o
 .text.prvCopyDataToQueue
                0x08005a18       0x76 build/queue.o
 .text.prvUnlockQueue
                0x08005a8e       0x6e build/queue.o
 .text.xQueueGenericSend
                0x08005afc      0x188 build/queue.o
                0x08005afc                xQueueGenericSend
 .text.xQueueGenericSendFromISR
                0x08005c84       0xce build/queue.o
                0x08005c84                xQueueGenericSendFromISR
 .text.uxQueueMessagesWaiting
                0x08005d52       0x26 build/queue.o
                0x08005d52                uxQueueMessagesWaiting
 .text.uxQueueMessagesWaitingFromISR
                0x08005d78       0x18 build/queue.o
                0x08005d78                uxQueueMessagesWaitingFromISR
 .text.prvResetNextTaskUnblockTime
                0x08005d90       0x2c build/tasks.o
 .text.prvAddCurrentTaskToDelayedList
                0x08005dbc       0x98 build/tasks.o
 .text.vTaskSuspendAll
                0x08005e54       0x10 build/tasks.o
                0x08005e54                vTaskSuspendAll
 .text.xTaskIncrementTick
                0x08005e64      0x118 build/tasks.o
                0x08005e64                xTaskIncrementTick
 .text.xTaskResumeAll
                0x08005f7c       0xf8 build/tasks.o
                0x08005f7c                xTaskResumeAll
 .text.vTaskSwitchContext
                0x08006074       0xcc build/tasks.o
                0x08006074                vTaskSwitchContext
 .text.vTaskPlaceOnEventList
                0x08006140       0x30 build/tasks.o
                0x08006140                vTaskPlaceOnEventList
 .text.xTaskRemoveFromEventList
                0x08006170       0x8c build/tasks.o
                0x08006170                xTaskRemoveFromEventList
 .text.vTaskInternalSetTimeOutState
                0x080061fc       0x18 build/tasks.o
                0x080061fc                vTaskInternalSetTimeOutState
 .text.xTaskCheckForTimeOut
                0x08006214       0x88 build/tasks.o
                0x08006214                xTaskCheckForTimeOut
 .text.vTaskMissedYield
                0x0800629c        0xc build/tasks.o
                0x0800629c                vTaskMissedYield
 .text.xTaskGetSchedulerState
                0x080062a8       0x20 build/tasks.o
                0x080062a8                xTaskGetSchedulerState
 .text.xTaskPriorityDisinherit
                0x080062c8       0xb0 build/tasks.o
                0x080062c8                xTaskPriorityDisinherit
 .text.inHandlerMode
                0x08006378        0xc build/cmsis_os.o
 .text.osMessagePut
                0x08006384       0x66 build/cmsis_os.o
                0x08006384                osMessagePut
 .text.osMessageWaiting
                0x080063ea       0x1a build/cmsis_os.o
                0x080063ea                osMessageWaiting
 *fill*         0x08006404        0xc 
 .text.SVC_Handler
                0x08006410       0x24 build/port.o
                0x08006410                SVC_Handler
 .text.vPortEnterCritical
                0x08006434       0x44 build/port.o
                0x08006434                vPortEnterCritical
 .text.vPortExitCritical
                0x08006478       0x2c build/port.o
                0x08006478                vPortExitCritical
 *fill*         0x080064a4        0xc 
 .text.PendSV_Handler
                0x080064b0       0x64 build/port.o
                0x080064b0                PendSV_Handler
 .text.SysTick_Handler
                0x08006514       0x2c build/port.o
                0x08006514                SysTick_Handler
 .text.vPortValidateInterruptPriority
                0x08006540       0x5c build/port.o
                0x08006540                vPortValidateInterruptPriority
 .text.USBH_HandleSof
                0x0800659c       0x18 build/usbh_core.o
 .text.USBH_LL_IncTimer
                0x080065b4       0x12 build/usbh_core.o
                0x080065b4                USBH_LL_IncTimer
 .text.USBH_LL_PortDisabled
                0x080065c6        0xe build/usbh_core.o
                0x080065c6                USBH_LL_PortDisabled
 .text.USBH_OS_PutMessage
                0x080065d4       0x28 build/usbh_core.o
                0x080065d4                USBH_OS_PutMessage
 .text.USBH_LL_PortEnabled
                0x080065fc       0x12 build/usbh_core.o
                0x080065fc                USBH_LL_PortEnabled
 .text.USBH_LL_Connect
                0x0800660e       0x1e build/usbh_core.o
                0x0800660e                USBH_LL_Connect
 .text.USBH_LL_Disconnect
                0x0800662c       0x38 build/usbh_core.o
                0x0800662c                USBH_LL_Disconnect
 .text.USBH_LL_NotifyURBChange
                0x08006664       0x10 build/usbh_core.o
                0x08006664                USBH_LL_NotifyURBChange
 .text.USBH_FreePipe
                0x08006674       0x16 build/usbh_pipes.o
                0x08006674                USBH_FreePipe
 *fill*         0x0800668a        0x2 
 .text._sbrk    0x0800668c       0x48 build/sysmem.o
                0x0800668c                _sbrk
 .text._read    0x080066d4       0x20 build/syscalls.o
                0x080066d4                _read
 .text._close   0x080066f4        0x6 build/syscalls.o
                0x080066f4                _close
 .text._fstat   0x080066fa        0xa build/syscalls.o
                0x080066fa                _fstat
 .text._isatty  0x08006704        0x4 build/syscalls.o
                0x08006704                _isatty
 .text._lseek   0x08006708        0x4 build/syscalls.o
                0x08006708                _lseek
 .text.Reset_Handler
                0x0800670c       0x50 build/startup_stm32f429xx.o
                0x0800670c                Reset_Handler
 .text.Default_Handler
                0x0800675c        0x2 build/startup_stm32f429xx.o
                0x0800675c                RTC_Alarm_IRQHandler
                0x0800675c                HASH_RNG_IRQHandler
                0x0800675c                EXTI2_IRQHandler
                0x0800675c                TIM8_CC_IRQHandler
                0x0800675c                UART8_IRQHandler
                0x0800675c                SPI4_IRQHandler
                0x0800675c                TIM1_CC_IRQHandler
                0x0800675c                DMA2_Stream5_IRQHandler
                0x0800675c                DMA1_Stream5_IRQHandler
                0x0800675c                PVD_IRQHandler
                0x0800675c                SDIO_IRQHandler
                0x0800675c                TAMP_STAMP_IRQHandler
                0x0800675c                CAN2_RX1_IRQHandler
                0x0800675c                EXTI3_IRQHandler
                0x0800675c                TIM8_TRG_COM_TIM14_IRQHandler
                0x0800675c                TIM1_UP_TIM10_IRQHandler
                0x0800675c                TIM8_UP_TIM13_IRQHandler
                0x0800675c                I2C3_ER_IRQHandler
                0x0800675c                I2C2_EV_IRQHandler
                0x0800675c                DMA1_Stream2_IRQHandler
                0x0800675c                CAN1_RX0_IRQHandler
                0x0800675c                FPU_IRQHandler
                0x0800675c                OTG_HS_WKUP_IRQHandler
                0x0800675c                LTDC_ER_IRQHandler
                0x0800675c                CAN2_SCE_IRQHandler
                0x0800675c                DMA2_Stream2_IRQHandler
                0x0800675c                SPI1_IRQHandler
                0x0800675c                TIM1_BRK_TIM9_IRQHandler
                0x0800675c                DCMI_IRQHandler
                0x0800675c                CAN2_RX0_IRQHandler
                0x0800675c                DMA2_Stream3_IRQHandler
                0x0800675c                USART6_IRQHandler
                0x0800675c                USART3_IRQHandler
                0x0800675c                CAN1_RX1_IRQHandler
                0x0800675c                UART5_IRQHandler
                0x0800675c                DMA2_Stream0_IRQHandler
                0x0800675c                TIM4_IRQHandler
                0x0800675c                I2C1_EV_IRQHandler
                0x0800675c                DMA1_Stream6_IRQHandler
                0x0800675c                DMA1_Stream1_IRQHandler
                0x0800675c                UART4_IRQHandler
                0x0800675c                TIM3_IRQHandler
                0x0800675c                RCC_IRQHandler
                0x0800675c                TIM8_BRK_TIM12_IRQHandler
                0x0800675c                Default_Handler
                0x0800675c                EXTI15_10_IRQHandler
                0x0800675c                ADC_IRQHandler
                0x0800675c                DMA1_Stream7_IRQHandler
                0x0800675c                SPI5_IRQHandler
                0x0800675c                TIM7_IRQHandler
                0x0800675c                CAN2_TX_IRQHandler
                0x0800675c                TIM5_IRQHandler
                0x0800675c                DMA2_Stream7_IRQHandler
                0x0800675c                I2C3_EV_IRQHandler
                0x0800675c                EXTI9_5_IRQHandler
                0x0800675c                RTC_WKUP_IRQHandler
                0x0800675c                ETH_WKUP_IRQHandler
                0x0800675c                SPI2_IRQHandler
                0x0800675c                OTG_HS_EP1_IN_IRQHandler
                0x0800675c                DMA1_Stream0_IRQHandler
                0x0800675c                CAN1_TX_IRQHandler
                0x0800675c                EXTI4_IRQHandler
                0x0800675c                ETH_IRQHandler
                0x0800675c                OTG_HS_EP1_OUT_IRQHandler
                0x0800675c                WWDG_IRQHandler
                0x0800675c                SPI6_IRQHandler
                0x0800675c                OTG_FS_WKUP_IRQHandler
                0x0800675c                TIM1_TRG_COM_TIM11_IRQHandler
                0x0800675c                EXTI1_IRQHandler
                0x0800675c                UART7_IRQHandler
                0x0800675c                USART2_IRQHandler
                0x0800675c                I2C2_ER_IRQHandler
                0x0800675c                DMA2_Stream1_IRQHandler
                0x0800675c                CAN1_SCE_IRQHandler
                0x0800675c                FLASH_IRQHandler
                0x0800675c                DMA2_Stream4_IRQHandler
                0x0800675c                OTG_FS_IRQHandler
                0x0800675c                SPI3_IRQHandler
                0x0800675c                DMA1_Stream4_IRQHandler
                0x0800675c                I2C1_ER_IRQHandler
                0x0800675c                FMC_IRQHandler
                0x0800675c                DMA2_Stream6_IRQHandler
                0x0800675c                SAI1_IRQHandler
                0x0800675c                DMA1_Stream3_IRQHandler
 *fill*         0x0800675e        0x2 
 .text.sbrk_aligned
                0x08006760       0x44 C:/Program Files (x86)/Arm GNU Toolchain arm-none-eabi/14.3 rel1/bin/../lib/gcc/arm-none-eabi/14.3.1/../../../../arm-none-eabi/lib/thumb/v7e-m+fp/hard\libc_nano.a(libc_a-mallocr.o)
 .text._malloc_r
                0x080067a4      0x100 C:/Program Files (x86)/Arm GNU Toolchain arm-none-eabi/14.3 rel1/bin/../lib/gcc/arm-none-eabi/14.3.1/../../../../arm-none-eabi/lib/thumb/v7e-m+fp/hard\libc_nano.a(libc_a-mallocr.o)
                0x080067a4                _malloc_r
 .text.__malloc_lock
                0x080068a4        0xc C:/Program Files (x86)/Arm GNU Toolchain arm-none-eabi/14.3 rel1/bin/../lib/gcc/arm-none-eabi/14.3.1/../../../../arm-none-eabi/lib/thumb/v7e-m+fp/hard\libc_nano.a(libc_a-mlock.o)
                0x080068a4                __malloc_lock
 .text.__malloc_unlock
                0x080068b0        0xc C:/Program Files (x86)/Arm GNU Toolchain arm-none-eabi/14.3 rel1/bin/../lib/gcc/arm-none-eabi/14.3.1/../../../../arm-none-eabi/lib/thumb/v7e-m+fp/hard\libc_nano.a(libc_a-mlock.o)
                0x080068b0                __malloc_unlock
 .text.std      0x080068bc       0x6c C:/Program Files (x86)/Arm GNU Toolchain arm-none-eabi/14.3 rel1/bin/../lib/gcc/arm-none-eabi/14.3.1/../../../../arm-none-eabi/lib/thumb/v7e-m+fp/hard\libc_nano.a(libc_a-findfp.o)
 .text.stdio_exit_handler
                0x08006928       0x18 C:/Program Files (x86)/Arm GNU Toolchain arm-none-eabi/14.3 rel1/bin/../lib/gcc/arm-none-eabi/14.3.1/../../../../arm-none-eabi/lib/thumb/v7e-m+fp/hard\libc_nano.a(libc_a-findfp.o)
 .text.cleanup_stdio
                0x08006940       0x40 C:/Program Files (x86)/Arm GNU Toolchain arm-none-eabi/14.3 rel1/bin/../lib/gcc/arm-none-eabi/14.3.1/../../../../arm-none-eabi/lib/thumb/v7e-m+fp/hard\libc_nano.a(libc_a-findfp.o)
 .text.global_stdio_init.part.0
                0x08006980       0x40 C:/Program Files (x86)/Arm GNU Toolchain arm-none-eabi/14.3 rel1/bin/../lib/gcc/arm-none-eabi/14.3.1/../../../../arm-none-eabi/lib/thumb/v7e-m+fp/hard\libc_nano.a(libc_a-findfp.o)
 .text.__sfp_lock_acquire
                0x080069c0        0xc C:/Program Files (x86)/Arm GNU Toolchain arm-none-eabi/14.3 rel1/bin/../lib/gcc/arm-none-eabi/14.3.1/../../../../arm-none-eabi/lib/thumb/v7e-m+fp/hard\libc_nano.a(libc_a-findfp.o)
                0x080069c0                __sfp_lock_acquire
 .text.__sfp_lock_release
                0x080069cc        0xc C:/Program Files (x86)/Arm GNU Toolchain arm-none-eabi/14.3 rel1/bin/../lib/gcc/arm-none-eabi/14.3.1/../../../../arm-none-eabi/lib/thumb/v7e-m+fp/hard\libc_nano.a(libc_a-findfp.o)
                0x080069cc                __sfp_lock_release
 .text.__sinit  0x080069d8       0x30 C:/Program Files (x86)/Arm GNU Toolchain arm-none-eabi/14.3 rel1/bin/../lib/gcc/arm-none-eabi/14.3.1/../../../../arm-none-eabi/lib/thumb/v7e-m+fp/hard\libc_nano.a(libc_a-findfp.o)
                0x080069d8                __sinit
 .text._fwalk_sglue
                0x08006a08       0x3c C:/Program Files (x86)/Arm GNU Toolchain arm-none-eabi/14.3 rel1/bin/../lib/gcc/arm-none-eabi/14.3.1/../../../../arm-none-eabi/lib/thumb/v7e-m+fp/hard\libc_nano.a(libc_a-fwalk.o)
                0x08006a08                _fwalk_sglue
 .text.printf   0x08006a44       0x24 C:/Program Files (x86)/Arm GNU Toolchain arm-none-eabi/14.3 rel1/bin/../lib/gcc/arm-none-eabi/14.3.1/../../../../arm-none-eabi/lib/thumb/v7e-m+fp/hard\libc_nano.a(libc_a-printf.o)
                0x08006a44                iprintf
                0x08006a44                printf
 .text._puts_r  0x08006a68       0xaa C:/Program Files (x86)/Arm GNU Toolchain arm-none-eabi/14.3 rel1/bin/../lib/gcc/arm-none-eabi/14.3.1/../../../../arm-none-eabi/lib/thumb/v7e-m+fp/hard\libc_nano.a(libc_a-puts.o)
                0x08006a68                _puts_r
 *fill*         0x08006b12        0x2 
 .text.puts     0x08006b14       0x10 C:/Program Files (x86)/Arm GNU Toolchain arm-none-eabi/14.3 rel1/bin/../lib/gcc/arm-none-eabi/14.3.1/../../../../arm-none-eabi/lib/thumb/v7e-m+fp/hard\libc_nano.a(libc_a-puts.o)
                0x08006b14                puts
 .text.__sread  0x08006b24       0x22 C:/Program Files (x86)/Arm GNU Toolchain arm-none-eabi/14.3 rel1/bin/../lib/gcc/arm-none-eabi/14.3.1/../../../../arm-none-eabi/lib/thumb/v7e-m+fp/hard\libc_nano.a(libc_a-stdio.o)
                0x08006b24                __sread
 .text.__swrite
                0x08006b46       0x38 C:/Program Files (x86)/Arm GNU Toolchain arm-none-eabi/14.3 rel1/bin/../lib/gcc/arm-none-eabi/14.3.1/../../../../arm-none-eabi/lib/thumb/v7e-m+fp/hard\libc_nano.a(libc_a-stdio.o)
                0x08006b46                __swrite
 .text.__sseek  0x08006b7e       0x26 C:/Program Files (x86)/Arm GNU Toolchain arm-none-eabi/14.3 rel1/bin/../lib/gcc/arm-none-eabi/14.3.1/../../../../arm-none-eabi/lib/thumb/v7e-m+fp/hard\libc_nano.a(libc_a-stdio.o)
                0x08006b7e                __sseek
 .text.__sclose
                0x08006ba4        0x8 C:/Program Files (x86)/Arm GNU Toolchain arm-none-eabi/14.3 rel1/bin/../lib/gcc/arm-none-eabi/14.3.1/../../../../arm-none-eabi/lib/thumb/v7e-m+fp/hard\libc_nano.a(libc_a-stdio.o)
                0x08006ba4                __sclose
 .text.__swbuf_r
                0x08006bac       0x7c C:/Program Files (x86)/Arm GNU Toolchain arm-none-eabi/14.3 rel1/bin/../lib/gcc/arm-none-eabi/14.3.1/../../../../arm-none-eabi/lib/thumb/v7e-m+fp/hard\libc_nano.a(libc_a-wbuf.o)
                0x08006bac                __swbuf_r
 .text.__swsetup_r
                0x08006c28       0xa8 C:/Program Files (x86)/Arm GNU Toolchain arm-none-eabi/14.3 rel1/bin/../lib/gcc/arm-none-eabi/14.3.1/../../../../arm-none-eabi/lib/thumb/v7e-m+fp/hard\libc_nano.a(libc_a-wsetup.o)
                0x08006c28                __swsetup_r
 .text.memset   0x08006cd0       0x10 C:/Program Files (x86)/Arm GNU Toolchain arm-none-eabi/14.3 rel1/bin/../lib/gcc/arm-none-eabi/14.3.1/../../../../arm-none-eabi/lib/thumb/v7e-m+fp/hard\libc_nano.a(libc_a-memset.o)
                0x08006cd0                memset
 .text._close_r
                0x08006ce0       0x20 C:/Program Files (x86)/Arm GNU Toolchain arm-none-eabi/14.3 rel1/bin/../lib/gcc/arm-none-eabi/14.3.1/../../../../arm-none-eabi/lib/thumb/v7e-m+fp/hard\libc_nano.a(libc_a-closer.o)
                0x08006ce0                _close_r
 .text._lseek_r
                0x08006d00       0x24 C:/Program Files (x86)/Arm GNU Toolchain arm-none-eabi/14.3 rel1/bin/../lib/gcc/arm-none-eabi/14.3.1/../../../../arm-none-eabi/lib/thumb/v7e-m+fp/hard\libc_nano.a(libc_a-lseekr.o)
                0x08006d00                _lseek_r
 .text._read_r  0x08006d24       0x24 C:/Program Files (x86)/Arm GNU Toolchain arm-none-eabi/14.3 rel1/bin/../lib/gcc/arm-none-eabi/14.3.1/../../../../arm-none-eabi/lib/thumb/v7e-m+fp/hard\libc_nano.a(libc_a-readr.o)
                0x08006d24                _read_r
 .text._sbrk_r  0x08006d48       0x20 C:/Program Files (x86)/Arm GNU Toolchain arm-none-eabi/14.3 rel1/bin/../lib/gcc/arm-none-eabi/14.3.1/../../../../arm-none-eabi/lib/thumb/v7e-m+fp/hard\libc_nano.a(libc_a-sbrkr.o)
                0x08006d48                _sbrk_r
 .text._write_r
                0x08006d68       0x24 C:/Program Files (x86)/Arm GNU Toolchain arm-none-eabi/14.3 rel1/bin/../lib/gcc/arm-none-eabi/14.3.1/../../../../arm-none-eabi/lib/thumb/v7e-m+fp/hard\libc_nano.a(libc_a-writer.o)
                0x08006d68                _write_r
 .text.__errno  0x08006d8c        0xc C:/Program Files (x86)/Arm GNU Toolchain arm-none-eabi/14.3 rel1/bin/../lib/gcc/arm-none-eabi/14.3.1/../../../../arm-none-eabi/lib/thumb/v7e-m+fp/hard\libc_nano.a(libc_a-errno.o)
                0x08006d8c                __errno
 .text.__libc_init_array
                0x08006d98       0x48 C:/Program Files (x86)/Arm GNU Toolchain arm-none-eabi/14.3 rel1/bin/../lib/gcc/arm-none-eabi/14.3.1/../../../../arm-none-eabi/lib/thumb/v7e-m+fp/hard\libc_nano.a(libc_a-init.o)
                0x08006d98                __libc_init_array
 .text.__retarget_lock_init_recursive
                0x08006de0        0x2 C:/Program Files (x86)/Arm GNU Toolchain arm-none-eabi/14.3 rel1/bin/../lib/gcc/arm-none-eabi/14.3.1/../../../../arm-none-eabi/lib/thumb/v7e-m+fp/hard\libc_nano.a(libc_a-lock.o)
                0x08006de0                __retarget_lock_init_recursive
 .text.__retarget_lock_acquire_recursive
                0x08006de2        0x2 C:/Program Files (x86)/Arm GNU Toolchain arm-none-eabi/14.3 rel1/bin/../lib/gcc/arm-none-eabi/14.3.1/../../../../arm-none-eabi/lib/thumb/v7e-m+fp/hard\libc_nano.a(libc_a-lock.o)
                0x08006de2                __retarget_lock_acquire_recursive
 .text.__retarget_lock_release_recursive
                0x08006de4        0x2 C:/Program Files (x86)/Arm GNU Toolchain arm-none-eabi/14.3 rel1/bin/../lib/gcc/arm-none-eabi/14.3.1/../../../../arm-none-eabi/lib/thumb/v7e-m+fp/hard\libc_nano.a(libc_a-lock.o)
                0x08006de4                __retarget_lock_release_recursive
 .text.memcpy   0x08006de6       0x1c C:/Program Files (x86)/Arm GNU Toolchain arm-none-eabi/14.3 rel1/bin/../lib/gcc/arm-none-eabi/14.3.1/../../../../arm-none-eabi/lib/thumb/v7e-m+fp/hard\libc_nano.a(libc_a-memcpy-stub.o)
                0x08006de6                memcpy
 *fill*         0x08006e02        0x2 
 .text._free_r  0x08006e04       0x94 C:/Program Files (x86)/Arm GNU Toolchain arm-none-eabi/14.3 rel1/bin/../lib/gcc/arm-none-eabi/14.3.1/../../../../arm-none-eabi/lib/thumb/v7e-m+fp/hard\libc_nano.a(libc_a-freer.o)
                0x08006e04                _free_r
 .text.__sfputc_r
                0x08006e98       0x2e C:/Program Files (x86)/Arm GNU Toolchain arm-none-eabi/14.3 rel1/bin/../lib/gcc/arm-none-eabi/14.3.1/../../../../arm-none-eabi/lib/thumb/v7e-m+fp/hard\libc_nano.a(libc_a-nano-vfprintf.o)
 .text.__sfputs_r
                0x08006ec6       0x24 C:/Program Files (x86)/Arm GNU Toolchain arm-none-eabi/14.3 rel1/bin/../lib/gcc/arm-none-eabi/14.3.1/../../../../arm-none-eabi/lib/thumb/v7e-m+fp/hard\libc_nano.a(libc_a-nano-vfprintf.o)
                0x08006ec6                __sfputs_r
 *fill*         0x08006eea        0x2 
 .text._vfprintf_r
                0x08006eec      0x228 C:/Program Files (x86)/Arm GNU Toolchain arm-none-eabi/14.3 rel1/bin/../lib/gcc/arm-none-eabi/14.3.1/../../../../arm-none-eabi/lib/thumb/v7e-m+fp/hard\libc_nano.a(libc_a-nano-vfprintf.o)
                0x08006eec                _vfprintf_r
                0x08006eec                _vfiprintf_r
 .text._printf_common
                0x08007114       0xda C:/Program Files (x86)/Arm GNU Toolchain arm-none-eabi/14.3 rel1/bin/../lib/gcc/arm-none-eabi/14.3.1/../../../../arm-none-eabi/lib/thumb/v7e-m+fp/hard\libc_nano.a(libc_a-nano-vfprintf_i.o)
                0x08007114                _printf_common
 *fill*         0x080071ee        0x2 
 .text._printf_i
                0x080071f0      0x24c C:/Program Files (x86)/Arm GNU Toolchain arm-none-eabi/14.3 rel1/bin/../lib/gcc/arm-none-eabi/14.3.1/../../../../arm-none-eabi/lib/thumb/v7e-m+fp/hard\libc_nano.a(libc_a-nano-vfprintf_i.o)
                0x080071f0                _printf_i
 .text.__sflush_r
                0x0800743c      0x104 C:/Program Files (x86)/Arm GNU Toolchain arm-none-eabi/14.3 rel1/bin/../lib/gcc/arm-none-eabi/14.3.1/../../../../arm-none-eabi/lib/thumb/v7e-m+fp/hard\libc_nano.a(libc_a-fflush.o)
                0x0800743c                __sflush_r
 .text._fflush_r
                0x08007540       0x50 C:/Program Files (x86)/Arm GNU Toolchain arm-none-eabi/14.3 rel1/bin/../lib/gcc/arm-none-eabi/14.3.1/../../../../arm-none-eabi/lib/thumb/v7e-m+fp/hard\libc_nano.a(libc_a-fflush.o)
                0x08007540                _fflush_r
 .text.__swhatbuf_r
                0x08007590       0x48 C:/Program Files (x86)/Arm GNU Toolchain arm-none-eabi/14.3 rel1/bin/../lib/gcc/arm-none-eabi/14.3.1/../../../../arm-none-eabi/lib/thumb/v7e-m+fp/hard\libc_nano.a(libc_a-makebuf.o)
                0x08007590                __swhatbuf_r
 .text.__smakebuf_r
                0x080075d8       0x72 C:/Program Files (x86)/Arm GNU Toolchain arm-none-eabi/14.3 rel1/bin/../lib/gcc/arm-none-eabi/14.3.1/../../../../arm-none-eabi/lib/thumb/v7e-m+fp/hard\libc_nano.a(libc_a-makebuf.o)
                0x080075d8                __smakebuf_r
 *fill*         0x0800764a        0x2 
 .text._fstat_r
                0x0800764c       0x24 C:/Program Files (x86)/Arm GNU Toolchain arm-none-eabi/14.3 rel1/bin/../lib/gcc/arm-none-eabi/14.3.1/../../../../arm-none-eabi/lib/thumb/v7e-m+fp/hard\libc_nano.a(libc_a-fstatr.o)
                0x0800764c                _fstat_r
 .text._isatty_r
                0x08007670       0x20 C:/Program Files (x86)/Arm GNU Toolchain arm-none-eabi/14.3 rel1/bin/../lib/gcc/arm-none-eabi/14.3.1/../../../../arm-none-eabi/lib/thumb/v7e-m+fp/hard\libc_nano.a(libc_a-isattyr.o)
                0x08007670                _isatty_r
 .text.__udivmoddi4
                0x08007690      0x2f8 C:/Program Files (x86)/Arm GNU Toolchain arm-none-eabi/14.3 rel1/bin/../lib/gcc/arm-none-eabi/14.3.1/thumb/v7e-m+fp/hard\libgcc.a(_udivmoddi4.o)
                0x08007690                __udivmoddi4
 *(.glue_7)
 .glue_7        0x08007988        0x0 linker stubs
 *(.glue_7t)
 .glue_7t       0x08007988        0x0 linker stubs
 *(.eh_frame)
 .eh_frame      0x08007988        0x0 C:/Program Files (x86)/Arm GNU Toolchain arm-none-eabi/14.3 rel1/bin/../lib/gcc/arm-none-eabi/14.3.1/thumb/v7e-m+fp/hard/crtbegin.o
 *(.init)
 .init          0x08007988        0x4 C:/Program Files (x86)/Arm GNU Toolchain arm-none-eabi/14.3 rel1/bin/../lib/gcc/arm-none-eabi/14.3.1/thumb/v7e-m+fp/hard/crti.o
                0x08007988                _init
 .init          0x0800798c        0x8 C:/Program Files (x86)/Arm GNU Toolchain arm-none-eabi/14.3 rel1/bin/../lib/gcc/arm-none-eabi/14.3.1/thumb/v7e-m+fp/hard/crtn.o
 *(.fini)
 .fini          0x08007994        0x4 C:/Program Files (x86)/Arm GNU Toolchain arm-none-eabi/14.3 rel1/bin/../lib/gcc/arm-none-eabi/14.3.1/thumb/v7e-m+fp/hard/crti.o
                0x08007994                _fini
 .fini          0x08007998        0x8 C:/Program Files (x86)/Arm GNU Toolchain arm-none-eabi/14.3 rel1/bin/../lib/gcc/arm-none-eabi/14.3.1/thumb/v7e-m+fp/hard/crtn.o
                0x080079a0                        . = ALIGN (0x4)
                0x080079a0                        _etext = .

.vfp11_veneer   0x080079a0        0x0
 .vfp11_veneer  0x080079a0        0x0 linker stubs

.v4_bx          0x080079a0        0x0
 .v4_bx         0x080079a0        0x0 linker stubs

.iplt           0x080079a0        0x0
 .iplt          0x080079a0        0x0 C:/Program Files (x86)/Arm GNU Toolchain arm-none-eabi/14.3 rel1/bin/../lib/gcc/arm-none-eabi/14.3.1/thumb/v7e-m+fp/hard/crtbegin.o

.rodata         0x080079a0      0x458
                0x080079a0                        . = ALIGN (0x4)
 *(.rodata)
 *(.rodata*)
 .rodata.HAL_TIM_PeriodElapsedCallback.str1.4
                0x080079a0      0x40a build/main.o
                                 0x1d (size before relaxing)
 .rodata.HAL_GPIO_EXTI_Callback.str1.4
                0x08007daa       0x1d build/main.o
 .rodata.main.str1.4
                0x08007daa       0xc1 build/main.o
 .rodata.TIM_OC1_SetConfig.str1.4
                0x08007daa       0x35 build/stm32f4xx_hal_tim.o
 .rodata.HAL_TIMEx_HallSensor_Init.str1.4
                0x08007daa       0x38 build/stm32f4xx_hal_tim_ex.o
 .rodata.HAL_RCC_OscConfig.str1.4
                0x08007daa       0x35 build/stm32f4xx_hal_rcc.o
 .rodata.HAL_RCCEx_PeriphCLKConfig.str1.4
                0x08007daa       0x38 build/stm32f4xx_hal_rcc_ex.o
 .rodata.HAL_GPIO_Init.str1.4
                0x08007daa       0x36 build/stm32f4xx_hal_gpio.o
 .rodata.HAL_NVIC_SetPriorityGrouping.str1.4
                0x08007daa       0x38 build/stm32f4xx_hal_cortex.o
 .rodata.HAL_CRC_Init.str1.4
                0x08007daa       0x35 build/stm32f4xx_hal_crc.o
 .rodata.HAL_DMA2D_Init.str1.4
                0x08007daa       0x37 build/stm32f4xx_hal_dma2d.o
 .rodata.FMC_NORSRAM_Init.str1.4
                0x08007daa       0x34 build/stm32f4xx_ll_fmc.o
 .rodata.HAL_I2C_Init.str1.4
                0x08007daa       0x35 build/stm32f4xx_hal_i2c.o
 .rodata.HAL_I2CEx_ConfigAnalogFilter.str1.4
                0x08007daa       0x38 build/stm32f4xx_hal_i2c_ex.o
 .rodata.HAL_LTDC_Init.str1.4
                0x08007daa       0x36 build/stm32f4xx_hal_ltdc.o
 .rodata.HAL_SPI_Init.str1.4
                0x08007daa       0x35 build/stm32f4xx_hal_spi.o
 .rodata.UART_SetConfig.str1.4
                0x08007daa       0x36 build/stm32f4xx_hal_uart.o
 *fill*         0x08007daa        0x2 
 .rodata.APBPrescTable
                0x08007dac        0x8 build/system_stm32f4xx.o
                0x08007dac                APBPrescTable
 .rodata.AHBPrescTable
                0x08007db4       0x10 build/system_stm32f4xx.o
                0x08007db4                AHBPrescTable
 .rodata._vfprintf_r.str1.1
                0x08007dc4       0x33 C:/Program Files (x86)/Arm GNU Toolchain arm-none-eabi/14.3 rel1/bin/../lib/gcc/arm-none-eabi/14.3.1/../../../../arm-none-eabi/lib/thumb/v7e-m+fp/hard\libc_nano.a(libc_a-nano-vfprintf.o)
                                 0x11 (size before relaxing)
 .rodata._printf_i.str1.1
                0x08007df7       0x22 C:/Program Files (x86)/Arm GNU Toolchain arm-none-eabi/14.3 rel1/bin/../lib/gcc/arm-none-eabi/14.3.1/../../../../arm-none-eabi/lib/thumb/v7e-m+fp/hard\libc_nano.a(libc_a-nano-vfprintf_i.o)
                0x08007e1c                        . = ALIGN (0x4)
 *fill*         0x08007df7        0x1 

.ARM.extab      0x08007df8        0x0
                0x08007df8                        . = ALIGN (0x4)
 *(.ARM.extab* .gnu.linkonce.armextab.*)
                0x08007df8                        . = ALIGN (0x4)

.ARM            0x08007df8        0x8
                0x08007df8                        . = ALIGN (0x4)
                0x08007df8                        __exidx_start = .
 *(.ARM.exidx*)
 .ARM.exidx     0x08007df8        0x8 C:/Program Files (x86)/Arm GNU Toolchain arm-none-eabi/14.3 rel1/bin/../lib/gcc/arm-none-eabi/14.3.1/../../../../arm-none-eabi/lib/thumb/v7e-m+fp/hard\libc_nano.a(libc_a-memchr.o)
 .ARM.exidx.text.__udivmoddi4
                0x08007e00        0x0 C:/Program Files (x86)/Arm GNU Toolchain arm-none-eabi/14.3 rel1/bin/../lib/gcc/arm-none-eabi/14.3.1/thumb/v7e-m+fp/hard\libgcc.a(_udivmoddi4.o)
                                  0x8 (size before relaxing)
                0x08007e00                        __exidx_end = .
                0x08007e00                        . = ALIGN (0x4)

.preinit_array  0x08007e00        0x0
                0x08007e00                        . = ALIGN (0x4)
                0x08007e00                        PROVIDE (__preinit_array_start = .)
 *(.preinit_array*)
                0x08007e00                        PROVIDE (__preinit_array_end = .)
                0x08007e00                        . = ALIGN (0x4)

.init_array     0x08007e00        0x4
                0x08007e00                        . = ALIGN (0x4)
                0x08007e00                        PROVIDE (__init_array_start = .)
 *(SORT_BY_NAME(.init_array.*))
 *(.init_array*)
 .init_array    0x08007e00        0x4 C:/Program Files (x86)/Arm GNU Toolchain arm-none-eabi/14.3 rel1/bin/../lib/gcc/arm-none-eabi/14.3.1/thumb/v7e-m+fp/hard/crtbegin.o
                0x08007e04                        PROVIDE (__init_array_end = .)
                0x08007e04                        . = ALIGN (0x4)

.fini_array     0x08007e04        0x4
                0x08007e04                        . = ALIGN (0x4)
                [!provide]                        PROVIDE (__fini_array_start = .)
 *(SORT_BY_NAME(.fini_array.*))
 *(.fini_array*)
 .fini_array    0x08007e04        0x4 C:/Program Files (x86)/Arm GNU Toolchain arm-none-eabi/14.3 rel1/bin/../lib/gcc/arm-none-eabi/14.3.1/thumb/v7e-m+fp/hard/crtbegin.o
                [!provide]                        PROVIDE (__fini_array_end = .)
                0x08007e08                        . = ALIGN (0x4)
                0x08007e08                        _sidata = LOADADDR (.data)

.rel.dyn        0x08007e08        0x0
 .rel.iplt      0x08007e08        0x0 C:/Program Files (x86)/Arm GNU Toolchain arm-none-eabi/14.3 rel1/bin/../lib/gcc/arm-none-eabi/14.3.1/thumb/v7e-m+fp/hard/crtbegin.o

.data           0x20000000       0x6c load address 0x08007e08
                0x20000000                        . = ALIGN (0x4)
                0x20000000                        _sdata = .
 *(.data)
 *(.data*)
 .data.uwTickFreq
                0x20000000        0x1 build/stm32f4xx_hal.o
                0x20000000                uwTickFreq
 *fill*         0x20000001        0x3 
 .data.uwTickPrio
                0x20000004        0x4 build/stm32f4xx_hal.o
                0x20000004                uwTickPrio
 .data.SystemCoreClock
                0x20000008        0x4 build/system_stm32f4xx.o
                0x20000008                SystemCoreClock
 .data.uxCriticalNesting
                0x2000000c        0x4 build/port.o
 .data.__sglue  0x20000010        0xc C:/Program Files (x86)/Arm GNU Toolchain arm-none-eabi/14.3 rel1/bin/../lib/gcc/arm-none-eabi/14.3.1/../../../../arm-none-eabi/lib/thumb/v7e-m+fp/hard\libc_nano.a(libc_a-findfp.o)
                0x20000010                __sglue
 .data._impure_ptr
                0x2000001c        0x4 C:/Program Files (x86)/Arm GNU Toolchain arm-none-eabi/14.3 rel1/bin/../lib/gcc/arm-none-eabi/14.3.1/../../../../arm-none-eabi/lib/thumb/v7e-m+fp/hard\libc_nano.a(libc_a-impure.o)
                0x2000001c                _impure_ptr
 .data._impure_data
                0x20000020       0x4c C:/Program Files (x86)/Arm GNU Toolchain arm-none-eabi/14.3 rel1/bin/../lib/gcc/arm-none-eabi/14.3.1/../../../../arm-none-eabi/lib/thumb/v7e-m+fp/hard\libc_nano.a(libc_a-impure.o)
                0x20000020                _impure_data
 *(.RamFunc)
 *(.RamFunc*)
                0x2000006c                        . = ALIGN (0x4)
                0x2000006c                        _edata = .
                0x08007e74                        _siccmram = LOADADDR (.ccmram)

.tm_clone_table
                0x2000006c        0x0 load address 0x08007e74
 .tm_clone_table
                0x2000006c        0x0 C:/Program Files (x86)/Arm GNU Toolchain arm-none-eabi/14.3 rel1/bin/../lib/gcc/arm-none-eabi/14.3.1/thumb/v7e-m+fp/hard/crtbegin.o
 .tm_clone_table
                0x2000006c        0x0 C:/Program Files (x86)/Arm GNU Toolchain arm-none-eabi/14.3 rel1/bin/../lib/gcc/arm-none-eabi/14.3.1/thumb/v7e-m+fp/hard/crtend.o

.igot.plt       0x2000006c        0x0 load address 0x08007e74
 .igot.plt      0x2000006c        0x0 C:/Program Files (x86)/Arm GNU Toolchain arm-none-eabi/14.3 rel1/bin/../lib/gcc/arm-none-eabi/14.3.1/thumb/v7e-m+fp/hard/crtbegin.o

.ccmram         0x10000000        0x0 load address 0x08007e74
                0x10000000                        . = ALIGN (0x4)
                0x10000000                        _sccmram = .
 *(.ccmram)
 *(.ccmram*)
                0x10000000                        . = ALIGN (0x4)
                0x10000000                        _eccmram = .
                0x10000000                        . = ALIGN (0x4)

.bss            0x2000006c      0x93c
                0x2000006c                        _sbss = .
                0x2000006c                        __bss_start__ = _sbss
 *(.bss)
 *(.bss*)
 .bss.completed.1
                0x2000006c        0x1 C:/Program Files (x86)/Arm GNU Toolchain arm-none-eabi/14.3 rel1/bin/../lib/gcc/arm-none-eabi/14.3.1/thumb/v7e-m+fp/hard/crtbegin.o
 *fill*         0x2000006d        0x3 
 .bss.object.0  0x20000070       0x18 C:/Program Files (x86)/Arm GNU Toolchain arm-none-eabi/14.3 rel1/bin/../lib/gcc/arm-none-eabi/14.3.1/thumb/v7e-m+fp/hard/crtbegin.o
 .bss.last_pressed.0
                0x20000088        0x4 build/main.o
 .bss.tick_count.1
                0x2000008c        0x4 build/main.o
 .bss.button_count
                0x20000090        0x4 build/main.o
                0x20000090                button_count
 .bss.hcrc      0x20000094        0x8 build/crc.o
                0x20000094                hcrc
 .bss.hdma2d    0x2000009c       0x40 build/dma2d.o
                0x2000009c                hdma2d
 .bss.FMC_Initialized
                0x200000dc        0x4 build/fmc.o
 .bss.hsdram1   0x200000e0       0x34 build/fmc.o
                0x200000e0                hsdram1
 .bss.hi2c3     0x20000114       0x54 build/i2c.o
                0x20000114                hi2c3
 .bss.hltdc     0x20000168       0xa8 build/ltdc.o
                0x20000168                hltdc
 .bss.hspi5     0x20000210       0x58 build/spi.o
                0x20000210                hspi5
 .bss.htim2     0x20000268       0x48 build/tim.o
                0x20000268                htim2
 .bss.htim1     0x200002b0       0x48 build/tim.o
                0x200002b0                htim1
 .bss.huart1    0x200002f8       0x48 build/usart.o
                0x200002f8                huart1
 .bss.htim6     0x20000340       0x48 build/stm32f4xx_hal_timebase_tim.o
                0x20000340                htim6
 .bss.hhcd_USB_OTG_HS
                0x20000388      0x3e0 build/usbh_conf.o
                0x20000388                hhcd_USB_OTG_HS
 .bss.uwTick    0x20000768        0x4 build/stm32f4xx_hal.o
                0x20000768                uwTick
 .bss.uxSchedulerSuspended
                0x2000076c        0x4 build/tasks.o
 .bss.xNextTaskUnblockTime
                0x20000770        0x4 build/tasks.o
 .bss.xNumOfOverflows
                0x20000774        0x4 build/tasks.o
 .bss.xYieldPending
                0x20000778        0x4 build/tasks.o
 .bss.xPendedTicks
                0x2000077c        0x4 build/tasks.o
 .bss.xSchedulerRunning
                0x20000780        0x4 build/tasks.o
 .bss.uxTopReadyPriority
                0x20000784        0x4 build/tasks.o
 .bss.xTickCount
                0x20000788        0x4 build/tasks.o
 .bss.uxCurrentNumberOfTasks
                0x2000078c        0x4 build/tasks.o
 .bss.xSuspendedTaskList
                0x20000790       0x14 build/tasks.o
 .bss.xPendingReadyList
                0x200007a4       0x14 build/tasks.o
 .bss.pxOverflowDelayedTaskList
                0x200007b8        0x4 build/tasks.o
 .bss.pxDelayedTaskList
                0x200007bc        0x4 build/tasks.o
 .bss.pxReadyTasksLists
                0x200007c0       0x8c build/tasks.o
 .bss.pxCurrentTCB
                0x2000084c        0x4 build/tasks.o
                0x2000084c                pxCurrentTCB
 .bss.ulMaxPRIGROUPValue
                0x20000850        0x4 build/port.o
 .bss.ucMaxSysCallPriority
                0x20000854        0x1 build/port.o
 *fill*         0x20000855        0x3 
 .bss.__sbrk_heap_end
                0x20000858        0x4 build/sysmem.o
 .bss.__malloc_sbrk_start
                0x2000085c        0x4 C:/Program Files (x86)/Arm GNU Toolchain arm-none-eabi/14.3 rel1/bin/../lib/gcc/arm-none-eabi/14.3.1/../../../../arm-none-eabi/lib/thumb/v7e-m+fp/hard\libc_nano.a(libc_a-mallocr.o)
                0x2000085c                __malloc_sbrk_start
 .bss.__malloc_free_list
                0x20000860        0x4 C:/Program Files (x86)/Arm GNU Toolchain arm-none-eabi/14.3 rel1/bin/../lib/gcc/arm-none-eabi/14.3.1/../../../../arm-none-eabi/lib/thumb/v7e-m+fp/hard\libc_nano.a(libc_a-mallocr.o)
                0x20000860                __malloc_free_list
 .bss.__sf      0x20000864      0x138 C:/Program Files (x86)/Arm GNU Toolchain arm-none-eabi/14.3 rel1/bin/../lib/gcc/arm-none-eabi/14.3.1/../../../../arm-none-eabi/lib/thumb/v7e-m+fp/hard\libc_nano.a(libc_a-findfp.o)
                0x20000864                __sf
 .bss.__stdio_exit_handler
                0x2000099c        0x4 C:/Program Files (x86)/Arm GNU Toolchain arm-none-eabi/14.3 rel1/bin/../lib/gcc/arm-none-eabi/14.3.1/../../../../arm-none-eabi/lib/thumb/v7e-m+fp/hard\libc_nano.a(libc_a-findfp.o)
                0x2000099c                __stdio_exit_handler
 .bss.errno     0x200009a0        0x4 C:/Program Files (x86)/Arm GNU Toolchain arm-none-eabi/14.3 rel1/bin/../lib/gcc/arm-none-eabi/14.3.1/../../../../arm-none-eabi/lib/thumb/v7e-m+fp/hard\libc_nano.a(libc_a-reent.o)
                0x200009a0                errno
 .bss.__lock___malloc_recursive_mutex
                0x200009a4        0x1 C:/Program Files (x86)/Arm GNU Toolchain arm-none-eabi/14.3 rel1/bin/../lib/gcc/arm-none-eabi/14.3.1/../../../../arm-none-eabi/lib/thumb/v7e-m+fp/hard\libc_nano.a(libc_a-lock.o)
                0x200009a4                __lock___malloc_recursive_mutex
 .bss.__lock___sfp_recursive_mutex
                0x200009a5        0x1 C:/Program Files (x86)/Arm GNU Toolchain arm-none-eabi/14.3 rel1/bin/../lib/gcc/arm-none-eabi/14.3.1/../../../../arm-none-eabi/lib/thumb/v7e-m+fp/hard\libc_nano.a(libc_a-lock.o)
                0x200009a5                __lock___sfp_recursive_mutex
 *(COMMON)
                0x200009a8                        . = ALIGN (0x4)
 *fill*         0x200009a6        0x2 
                0x200009a8                        _ebss = .
                0x200009a8                        __bss_end__ = _ebss

._user_heap_stack
                0x200009a8      0x600
                0x200009a8                        . = ALIGN (0x8)
                [!provide]                        PROVIDE (end = .)
                0x200009a8                        PROVIDE (_end = .)
                0x20000ba8                        . = (. + _Min_Heap_Size)
 *fill*         0x200009a8      0x200 
                0x20000fa8                        . = (. + _Min_Stack_Size)
 *fill*         0x20000ba8      0x400 
                0x20000fa8                        . = ALIGN (0x8)

/DISCARD/
 libc.a(*)
 libm.a(*)
 libgcc.a(*)
OUTPUT(build/BlackHand.elf elf32-littlearm)
LOAD linker stubs
LOAD C:/Program Files (x86)/Arm GNU Toolchain arm-none-eabi/14.3 rel1/bin/../lib/gcc/arm-none-eabi/14.3.1/../../../../arm-none-eabi/lib/thumb/v7e-m+fp/hard\libc.a
LOAD C:/Program Files (x86)/Arm GNU Toolchain arm-none-eabi/14.3 rel1/bin/../lib/gcc/arm-none-eabi/14.3.1/../../../../arm-none-eabi/lib/thumb/v7e-m+fp/hard\libm.a
LOAD C:/Program Files (x86)/Arm GNU Toolchain arm-none-eabi/14.3 rel1/bin/../lib/gcc/arm-none-eabi/14.3.1/thumb/v7e-m+fp/hard\libgcc.a

.ARM.attributes
                0x00000000       0x30
 .ARM.attributes
                0x00000000       0x22 C:/Program Files (x86)/Arm GNU Toolchain arm-none-eabi/14.3 rel1/bin/../lib/gcc/arm-none-eabi/14.3.1/thumb/v7e-m+fp/hard/crti.o
 .ARM.attributes
                0x00000022       0x34 C:/Program Files (x86)/Arm GNU Toolchain arm-none-eabi/14.3 rel1/bin/../lib/gcc/arm-none-eabi/14.3.1/thumb/v7e-m+fp/hard/crtbegin.o
 .ARM.attributes
                0x00000056       0x34 build/main.o
 .ARM.attributes
                0x0000008a       0x34 build/gpio.o
 .ARM.attributes
                0x000000be       0x34 build/freertos.o
 .ARM.attributes
                0x000000f2       0x34 build/crc.o
 .ARM.attributes
                0x00000126       0x34 build/dma2d.o
 .ARM.attributes
                0x0000015a       0x34 build/fmc.o
 .ARM.attributes
                0x0000018e       0x34 build/i2c.o
 .ARM.attributes
                0x000001c2       0x34 build/ltdc.o
 .ARM.attributes
                0x000001f6       0x34 build/spi.o
 .ARM.attributes
                0x0000022a       0x34 build/tim.o
 .ARM.attributes
                0x0000025e       0x34 build/usart.o
 .ARM.attributes
                0x00000292       0x34 build/stm32f4xx_it.o
 .ARM.attributes
                0x000002c6       0x34 build/stm32f4xx_hal_msp.o
 .ARM.attributes
                0x000002fa       0x34 build/stm32f4xx_hal_timebase_tim.o
 .ARM.attributes
                0x0000032e       0x34 build/usbh_conf.o
 .ARM.attributes
                0x00000362       0x34 build/stm32f4xx_hal_tim.o
 .ARM.attributes
                0x00000396       0x34 build/stm32f4xx_hal_tim_ex.o
 .ARM.attributes
                0x000003ca       0x34 build/stm32f4xx_hal_hcd.o
 .ARM.attributes
                0x000003fe       0x34 build/stm32f4xx_ll_usb.o
 .ARM.attributes
                0x00000432       0x34 build/stm32f4xx_hal_rcc.o
 .ARM.attributes
                0x00000466       0x34 build/stm32f4xx_hal_rcc_ex.o
 .ARM.attributes
                0x0000049a       0x34 build/stm32f4xx_hal_gpio.o
 .ARM.attributes
                0x000004ce       0x34 build/stm32f4xx_hal_dma.o
 .ARM.attributes
                0x00000502       0x34 build/stm32f4xx_hal_cortex.o
 .ARM.attributes
                0x00000536       0x34 build/stm32f4xx_hal.o
 .ARM.attributes
                0x0000056a       0x34 build/stm32f4xx_hal_crc.o
 .ARM.attributes
                0x0000059e       0x34 build/stm32f4xx_hal_dma2d.o
 .ARM.attributes
                0x000005d2       0x34 build/stm32f4xx_ll_fmc.o
 .ARM.attributes
                0x00000606       0x34 build/stm32f4xx_hal_sdram.o
 .ARM.attributes
                0x0000063a       0x34 build/stm32f4xx_hal_i2c.o
 .ARM.attributes
                0x0000066e       0x34 build/stm32f4xx_hal_i2c_ex.o
 .ARM.attributes
                0x000006a2       0x34 build/stm32f4xx_hal_ltdc.o
 .ARM.attributes
                0x000006d6       0x34 build/stm32f4xx_hal_spi.o
 .ARM.attributes
                0x0000070a       0x34 build/stm32f4xx_hal_uart.o
 .ARM.attributes
                0x0000073e       0x34 build/system_stm32f4xx.o
 .ARM.attributes
                0x00000772       0x34 build/list.o
 .ARM.attributes
                0x000007a6       0x34 build/queue.o
 .ARM.attributes
                0x000007da       0x34 build/tasks.o
 .ARM.attributes
                0x0000080e       0x34 build/cmsis_os.o
 .ARM.attributes
                0x00000842       0x34 build/port.o
 .ARM.attributes
                0x00000876       0x34 build/usbh_core.o
 .ARM.attributes
                0x000008aa       0x34 build/usbh_pipes.o
 .ARM.attributes
                0x000008de       0x34 build/sysmem.o
 .ARM.attributes
                0x00000912       0x34 build/syscalls.o
 .ARM.attributes
                0x00000946       0x21 build/startup_stm32f429xx.o
 .ARM.attributes
                0x00000967       0x34 C:/Program Files (x86)/Arm GNU Toolchain arm-none-eabi/14.3 rel1/bin/../lib/gcc/arm-none-eabi/14.3.1/../../../../arm-none-eabi/lib/thumb/v7e-m+fp/hard\libc_nano.a(libc_a-mallocr.o)
 .ARM.attributes
                0x0000099b       0x34 C:/Program Files (x86)/Arm GNU Toolchain arm-none-eabi/14.3 rel1/bin/../lib/gcc/arm-none-eabi/14.3.1/../../../../arm-none-eabi/lib/thumb/v7e-m+fp/hard\libc_nano.a(libc_a-mlock.o)
 .ARM.attributes
                0x000009cf       0x34 C:/Program Files (x86)/Arm GNU Toolchain arm-none-eabi/14.3 rel1/bin/../lib/gcc/arm-none-eabi/14.3.1/../../../../arm-none-eabi/lib/thumb/v7e-m+fp/hard\libc_nano.a(libc_a-findfp.o)
 .ARM.attributes
                0x00000a03       0x34 C:/Program Files (x86)/Arm GNU Toolchain arm-none-eabi/14.3 rel1/bin/../lib/gcc/arm-none-eabi/14.3.1/../../../../arm-none-eabi/lib/thumb/v7e-m+fp/hard\libc_nano.a(libc_a-fwalk.o)
 .ARM.attributes
                0x00000a37       0x34 C:/Program Files (x86)/Arm GNU Toolchain arm-none-eabi/14.3 rel1/bin/../lib/gcc/arm-none-eabi/14.3.1/../../../../arm-none-eabi/lib/thumb/v7e-m+fp/hard\libc_nano.a(libc_a-printf.o)
 .ARM.attributes
                0x00000a6b       0x34 C:/Program Files (x86)/Arm GNU Toolchain arm-none-eabi/14.3 rel1/bin/../lib/gcc/arm-none-eabi/14.3.1/../../../../arm-none-eabi/lib/thumb/v7e-m+fp/hard\libc_nano.a(libc_a-puts.o)
 .ARM.attributes
                0x00000a9f       0x34 C:/Program Files (x86)/Arm GNU Toolchain arm-none-eabi/14.3 rel1/bin/../lib/gcc/arm-none-eabi/14.3.1/../../../../arm-none-eabi/lib/thumb/v7e-m+fp/hard\libc_nano.a(libc_a-stdio.o)
 .ARM.attributes
                0x00000ad3       0x34 C:/Program Files (x86)/Arm GNU Toolchain arm-none-eabi/14.3 rel1/bin/../lib/gcc/arm-none-eabi/14.3.1/../../../../arm-none-eabi/lib/thumb/v7e-m+fp/hard\libc_nano.a(libc_a-wbuf.o)
 .ARM.attributes
                0x00000b07       0x34 C:/Program Files (x86)/Arm GNU Toolchain arm-none-eabi/14.3 rel1/bin/../lib/gcc/arm-none-eabi/14.3.1/../../../../arm-none-eabi/lib/thumb/v7e-m+fp/hard\libc_nano.a(libc_a-wsetup.o)
 .ARM.attributes
                0x00000b3b       0x34 C:/Program Files (x86)/Arm GNU Toolchain arm-none-eabi/14.3 rel1/bin/../lib/gcc/arm-none-eabi/14.3.1/../../../../arm-none-eabi/lib/thumb/v7e-m+fp/hard\libc_nano.a(libc_a-memset.o)
 .ARM.attributes
                0x00000b6f       0x34 C:/Program Files (x86)/Arm GNU Toolchain arm-none-eabi/14.3 rel1/bin/../lib/gcc/arm-none-eabi/14.3.1/../../../../arm-none-eabi/lib/thumb/v7e-m+fp/hard\libc_nano.a(libc_a-closer.o)
 .ARM.attributes
                0x00000ba3       0x34 C:/Program Files (x86)/Arm GNU Toolchain arm-none-eabi/14.3 rel1/bin/../lib/gcc/arm-none-eabi/14.3.1/../../../../arm-none-eabi/lib/thumb/v7e-m+fp/hard\libc_nano.a(libc_a-reent.o)
 .ARM.attributes
                0x00000bd7       0x34 C:/Program Files (x86)/Arm GNU Toolchain arm-none-eabi/14.3 rel1/bin/../lib/gcc/arm-none-eabi/14.3.1/../../../../arm-none-eabi/lib/thumb/v7e-m+fp/hard\libc_nano.a(libc_a-impure.o)
 .ARM.attributes
                0x00000c0b       0x34 C:/Program Files (x86)/Arm GNU Toolchain arm-none-eabi/14.3 rel1/bin/../lib/gcc/arm-none-eabi/14.3.1/../../../../arm-none-eabi/lib/thumb/v7e-m+fp/hard\libc_nano.a(libc_a-lseekr.o)
 .ARM.attributes
                0x00000c3f       0x34 C:/Program Files (x86)/Arm GNU Toolchain arm-none-eabi/14.3 rel1/bin/../lib/gcc/arm-none-eabi/14.3.1/../../../../arm-none-eabi/lib/thumb/v7e-m+fp/hard\libc_nano.a(libc_a-readr.o)
 .ARM.attributes
                0x00000c73       0x34 C:/Program Files (x86)/Arm GNU Toolchain arm-none-eabi/14.3 rel1/bin/../lib/gcc/arm-none-eabi/14.3.1/../../../../arm-none-eabi/lib/thumb/v7e-m+fp/hard\libc_nano.a(libc_a-sbrkr.o)
 .ARM.attributes
                0x00000ca7       0x34 C:/Program Files (x86)/Arm GNU Toolchain arm-none-eabi/14.3 rel1/bin/../lib/gcc/arm-none-eabi/14.3.1/../../../../arm-none-eabi/lib/thumb/v7e-m+fp/hard\libc_nano.a(libc_a-writer.o)
 .ARM.attributes
                0x00000cdb       0x34 C:/Program Files (x86)/Arm GNU Toolchain arm-none-eabi/14.3 rel1/bin/../lib/gcc/arm-none-eabi/14.3.1/../../../../arm-none-eabi/lib/thumb/v7e-m+fp/hard\libc_nano.a(libc_a-errno.o)
 .ARM.attributes
                0x00000d0f       0x34 C:/Program Files (x86)/Arm GNU Toolchain arm-none-eabi/14.3 rel1/bin/../lib/gcc/arm-none-eabi/14.3.1/../../../../arm-none-eabi/lib/thumb/v7e-m+fp/hard\libc_nano.a(libc_a-init.o)
 .ARM.attributes
                0x00000d43       0x34 C:/Program Files (x86)/Arm GNU Toolchain arm-none-eabi/14.3 rel1/bin/../lib/gcc/arm-none-eabi/14.3.1/../../../../arm-none-eabi/lib/thumb/v7e-m+fp/hard\libc_nano.a(libc_a-lock.o)
 .ARM.attributes
                0x00000d77       0x34 C:/Program Files (x86)/Arm GNU Toolchain arm-none-eabi/14.3 rel1/bin/../lib/gcc/arm-none-eabi/14.3.1/../../../../arm-none-eabi/lib/thumb/v7e-m+fp/hard\libc_nano.a(libc_a-memcpy-stub.o)
 .ARM.attributes
                0x00000dab       0x34 C:/Program Files (x86)/Arm GNU Toolchain arm-none-eabi/14.3 rel1/bin/../lib/gcc/arm-none-eabi/14.3.1/../../../../arm-none-eabi/lib/thumb/v7e-m+fp/hard\libc_nano.a(libc_a-freer.o)
 .ARM.attributes
                0x00000ddf       0x34 C:/Program Files (x86)/Arm GNU Toolchain arm-none-eabi/14.3 rel1/bin/../lib/gcc/arm-none-eabi/14.3.1/../../../../arm-none-eabi/lib/thumb/v7e-m+fp/hard\libc_nano.a(libc_a-nano-vfprintf.o)
 .ARM.attributes
                0x00000e13       0x34 C:/Program Files (x86)/Arm GNU Toolchain arm-none-eabi/14.3 rel1/bin/../lib/gcc/arm-none-eabi/14.3.1/../../../../arm-none-eabi/lib/thumb/v7e-m+fp/hard\libc_nano.a(libc_a-nano-vfprintf_i.o)
 .ARM.attributes
                0x00000e47       0x34 C:/Program Files (x86)/Arm GNU Toolchain arm-none-eabi/14.3 rel1/bin/../lib/gcc/arm-none-eabi/14.3.1/../../../../arm-none-eabi/lib/thumb/v7e-m+fp/hard\libc_nano.a(libc_a-fflush.o)
 .ARM.attributes
                0x00000e7b       0x34 C:/Program Files (x86)/Arm GNU Toolchain arm-none-eabi/14.3 rel1/bin/../lib/gcc/arm-none-eabi/14.3.1/../../../../arm-none-eabi/lib/thumb/v7e-m+fp/hard\libc_nano.a(libc_a-makebuf.o)
 .ARM.attributes
                0x00000eaf       0x34 C:/Program Files (x86)/Arm GNU Toolchain arm-none-eabi/14.3 rel1/bin/../lib/gcc/arm-none-eabi/14.3.1/../../../../arm-none-eabi/lib/thumb/v7e-m+fp/hard\libc_nano.a(libc_a-fstatr.o)
 .ARM.attributes
                0x00000ee3       0x34 C:/Program Files (x86)/Arm GNU Toolchain arm-none-eabi/14.3 rel1/bin/../lib/gcc/arm-none-eabi/14.3.1/../../../../arm-none-eabi/lib/thumb/v7e-m+fp/hard\libc_nano.a(libc_a-isattyr.o)
 .ARM.attributes
                0x00000f17       0x1c C:/Program Files (x86)/Arm GNU Toolchain arm-none-eabi/14.3 rel1/bin/../lib/gcc/arm-none-eabi/14.3.1/../../../../arm-none-eabi/lib/thumb/v7e-m+fp/hard\libc_nano.a(libc_a-memchr.o)
 .ARM.attributes
                0x00000f33       0x22 C:/Program Files (x86)/Arm GNU Toolchain arm-none-eabi/14.3 rel1/bin/../lib/gcc/arm-none-eabi/14.3.1/thumb/v7e-m+fp/hard\libgcc.a(_aeabi_uldivmod.o)
 .ARM.attributes
                0x00000f55       0x34 C:/Program Files (x86)/Arm GNU Toolchain arm-none-eabi/14.3 rel1/bin/../lib/gcc/arm-none-eabi/14.3.1/thumb/v7e-m+fp/hard\libgcc.a(_udivmoddi4.o)
 .ARM.attributes
                0x00000f89       0x22 C:/Program Files (x86)/Arm GNU Toolchain arm-none-eabi/14.3 rel1/bin/../lib/gcc/arm-none-eabi/14.3.1/thumb/v7e-m+fp/hard\libgcc.a(_dvmd_tls.o)
 .ARM.attributes
                0x00000fab       0x34 C:/Program Files (x86)/Arm GNU Toolchain arm-none-eabi/14.3 rel1/bin/../lib/gcc/arm-none-eabi/14.3.1/thumb/v7e-m+fp/hard/crtend.o
 .ARM.attributes
                0x00000fdf       0x22 C:/Program Files (x86)/Arm GNU Toolchain arm-none-eabi/14.3 rel1/bin/../lib/gcc/arm-none-eabi/14.3.1/thumb/v7e-m+fp/hard/crtn.o

.comment        0x00000000       0x46
 .comment       0x00000000       0x46 build/main.o
                                 0x47 (size before relaxing)
 .comment       0x00000046       0x47 build/gpio.o
 .comment       0x00000046       0x47 build/freertos.o
 .comment       0x00000046       0x47 build/crc.o
 .comment       0x00000046       0x47 build/dma2d.o
 .comment       0x00000046       0x47 build/fmc.o
 .comment       0x00000046       0x47 build/i2c.o
 .comment       0x00000046       0x47 build/ltdc.o
 .comment       0x00000046       0x47 build/spi.o
 .comment       0x00000046       0x47 build/tim.o
 .comment       0x00000046       0x47 build/usart.o
 .comment       0x00000046       0x47 build/stm32f4xx_it.o
 .comment       0x00000046       0x47 build/stm32f4xx_hal_msp.o
 .comment       0x00000046       0x47 build/stm32f4xx_hal_timebase_tim.o
 .comment       0x00000046       0x47 build/usbh_conf.o
 .comment       0x00000046       0x47 build/stm32f4xx_hal_tim.o
 .comment       0x00000046       0x47 build/stm32f4xx_hal_tim_ex.o
 .comment       0x00000046       0x47 build/stm32f4xx_hal_hcd.o
 .comment       0x00000046       0x47 build/stm32f4xx_ll_usb.o
 .comment       0x00000046       0x47 build/stm32f4xx_hal_rcc.o
 .comment       0x00000046       0x47 build/stm32f4xx_hal_rcc_ex.o
 .comment       0x00000046       0x47 build/stm32f4xx_hal_gpio.o
 .comment       0x00000046       0x47 build/stm32f4xx_hal_dma.o
 .comment       0x00000046       0x47 build/stm32f4xx_hal_cortex.o
 .comment       0x00000046       0x47 build/stm32f4xx_hal.o
 .comment       0x00000046       0x47 build/stm32f4xx_hal_crc.o
 .comment       0x00000046       0x47 build/stm32f4xx_hal_dma2d.o
 .comment       0x00000046       0x47 build/stm32f4xx_ll_fmc.o
 .comment       0x00000046       0x47 build/stm32f4xx_hal_sdram.o
 .comment       0x00000046       0x47 build/stm32f4xx_hal_i2c.o
 .comment       0x00000046       0x47 build/stm32f4xx_hal_i2c_ex.o
 .comment       0x00000046       0x47 build/stm32f4xx_hal_ltdc.o
 .comment       0x00000046       0x47 build/stm32f4xx_hal_spi.o
 .comment       0x00000046       0x47 build/stm32f4xx_hal_uart.o
 .comment       0x00000046       0x47 build/system_stm32f4xx.o
 .comment       0x00000046       0x47 build/list.o
 .comment       0x00000046       0x47 build/queue.o
 .comment       0x00000046       0x47 build/tasks.o
 .comment       0x00000046       0x47 build/cmsis_os.o
 .comment       0x00000046       0x47 build/port.o
 .comment       0x00000046       0x47 build/usbh_core.o
 .comment       0x00000046       0x47 build/usbh_pipes.o
 .comment       0x00000046       0x47 build/sysmem.o
 .comment       0x00000046       0x47 build/syscalls.o

.debug_info     0x00000000    0x3d37a
 .debug_info    0x00000000     0x147f build/main.o
 .debug_info    0x0000147f      0x9af build/gpio.o
 .debug_info    0x00001e2e      0xdd1 build/freertos.o
 .debug_info    0x00002bff      0x525 build/crc.o
 .debug_info    0x00003124      0xa92 build/dma2d.o
 .debug_info    0x00003bb6      0xc81 build/fmc.o
 .debug_info    0x00004837      0xc7c build/i2c.o
 .debug_info    0x000054b3     0x1119 build/ltdc.o
 .debug_info    0x000065cc      0xb79 build/spi.o
 .debug_info    0x00007145      0xee8 build/tim.o
 .debug_info    0x0000802d      0xe30 build/usart.o
 .debug_info    0x00008e5d     0x1906 build/stm32f4xx_it.o
 .debug_info    0x0000a763      0x5b2 build/stm32f4xx_hal_msp.o
 .debug_info    0x0000ad15      0xe3c build/stm32f4xx_hal_timebase_tim.o
 .debug_info    0x0000bb51     0x248a build/usbh_conf.o
 .debug_info    0x0000dfdb     0x5831 build/stm32f4xx_hal_tim.o
 .debug_info    0x0001380c     0x23af build/stm32f4xx_hal_tim_ex.o
 .debug_info    0x00015bbb     0x1b8e build/stm32f4xx_hal_hcd.o
 .debug_info    0x00017749     0x2202 build/stm32f4xx_ll_usb.o
 .debug_info    0x0001994b      0xef1 build/stm32f4xx_hal_rcc.o
 .debug_info    0x0001a83c      0xb18 build/stm32f4xx_hal_rcc_ex.o
 .debug_info    0x0001b354      0xa12 build/stm32f4xx_hal_gpio.o
 .debug_info    0x0001bd66      0xde6 build/stm32f4xx_hal_dma.o
 .debug_info    0x0001cb4c     0x14da build/stm32f4xx_hal_cortex.o
 .debug_info    0x0001e026      0xbd7 build/stm32f4xx_hal.o
 .debug_info    0x0001ebfd      0x483 build/stm32f4xx_hal_crc.o
 .debug_info    0x0001f080     0x17ec build/stm32f4xx_hal_dma2d.o
 .debug_info    0x0002086c     0x1ff9 build/stm32f4xx_ll_fmc.o
 .debug_info    0x00022865     0x131e build/stm32f4xx_hal_sdram.o
 .debug_info    0x00023b83     0x3f13 build/stm32f4xx_hal_i2c.o
 .debug_info    0x00027a96      0x7e7 build/stm32f4xx_hal_i2c_ex.o
 .debug_info    0x0002827d     0x1f8b build/stm32f4xx_hal_ltdc.o
 .debug_info    0x0002a208     0x2257 build/stm32f4xx_hal_spi.o
 .debug_info    0x0002c45f     0x46c1 build/stm32f4xx_hal_uart.o
 .debug_info    0x00030b20      0x5d5 build/system_stm32f4xx.o
 .debug_info    0x000310f5      0x30f build/list.o
 .debug_info    0x00031404     0x27bc build/queue.o
 .debug_info    0x00033bc0     0x2e62 build/tasks.o
 .debug_info    0x00036a22     0x2883 build/cmsis_os.o
 .debug_info    0x000392a5      0x5c2 build/port.o
 .debug_info    0x00039867     0x23b3 build/usbh_core.o
 .debug_info    0x0003bc1a      0xd51 build/usbh_pipes.o
 .debug_info    0x0003c96b      0x18c build/sysmem.o
 .debug_info    0x0003caf7      0x853 build/syscalls.o
 .debug_info    0x0003d34a       0x30 build/startup_stm32f429xx.o

.debug_abbrev   0x00000000     0x6ea6
 .debug_abbrev  0x00000000      0x305 build/main.o
 .debug_abbrev  0x00000305      0x17e build/gpio.o
 .debug_abbrev  0x00000483      0x27b build/freertos.o
 .debug_abbrev  0x000006fe      0x1cd build/crc.o
 .debug_abbrev  0x000008cb      0x208 build/dma2d.o
 .debug_abbrev  0x00000ad3      0x252 build/fmc.o
 .debug_abbrev  0x00000d25      0x21f build/i2c.o
 .debug_abbrev  0x00000f44      0x1fd build/ltdc.o
 .debug_abbrev  0x00001141      0x20f build/spi.o
 .debug_abbrev  0x00001350      0x247 build/tim.o
 .debug_abbrev  0x00001597      0x22d build/usart.o
 .debug_abbrev  0x000017c4      0x1df build/stm32f4xx_it.o
 .debug_abbrev  0x000019a3      0x122 build/stm32f4xx_hal_msp.o
 .debug_abbrev  0x00001ac5      0x22d build/stm32f4xx_hal_timebase_tim.o
 .debug_abbrev  0x00001cf2      0x3b9 build/usbh_conf.o
 .debug_abbrev  0x000020ab      0x2bd build/stm32f4xx_hal_tim.o
 .debug_abbrev  0x00002368      0x2b7 build/stm32f4xx_hal_tim_ex.o
 .debug_abbrev  0x0000261f      0x2eb build/stm32f4xx_hal_hcd.o
 .debug_abbrev  0x0000290a      0x344 build/stm32f4xx_ll_usb.o
 .debug_abbrev  0x00002c4e      0x2f3 build/stm32f4xx_hal_rcc.o
 .debug_abbrev  0x00002f41      0x20a build/stm32f4xx_hal_rcc_ex.o
 .debug_abbrev  0x0000314b      0x252 build/stm32f4xx_hal_gpio.o
 .debug_abbrev  0x0000339d      0x313 build/stm32f4xx_hal_dma.o
 .debug_abbrev  0x000036b0      0x416 build/stm32f4xx_hal_cortex.o
 .debug_abbrev  0x00003ac6      0x24d build/stm32f4xx_hal.o
 .debug_abbrev  0x00003d13      0x212 build/stm32f4xx_hal_crc.o
 .debug_abbrev  0x00003f25      0x299 build/stm32f4xx_hal_dma2d.o
 .debug_abbrev  0x000041be      0x1d5 build/stm32f4xx_ll_fmc.o
 .debug_abbrev  0x00004393      0x274 build/stm32f4xx_hal_sdram.o
 .debug_abbrev  0x00004607      0x33d build/stm32f4xx_hal_i2c.o
 .debug_abbrev  0x00004944      0x18a build/stm32f4xx_hal_i2c_ex.o
 .debug_abbrev  0x00004ace      0x298 build/stm32f4xx_hal_ltdc.o
 .debug_abbrev  0x00004d66      0x2d3 build/stm32f4xx_hal_spi.o
 .debug_abbrev  0x00005039      0x37b build/stm32f4xx_hal_uart.o
 .debug_abbrev  0x000053b4      0x11b build/system_stm32f4xx.o
 .debug_abbrev  0x000054cf      0x124 build/list.o
 .debug_abbrev  0x000055f3      0x431 build/queue.o
 .debug_abbrev  0x00005a24      0x415 build/tasks.o
 .debug_abbrev  0x00005e39      0x40a build/cmsis_os.o
 .debug_abbrev  0x00006243      0x2af build/port.o
 .debug_abbrev  0x000064f2      0x416 build/usbh_core.o
 .debug_abbrev  0x00006908      0x2ac build/usbh_pipes.o
 .debug_abbrev  0x00006bb4       0xeb build/sysmem.o
 .debug_abbrev  0x00006c9f      0x1ea build/syscalls.o
 .debug_abbrev  0x00006e89       0x1d build/startup_stm32f429xx.o

.debug_loc      0x00000000    0x2830e
 .debug_loc     0x00000000      0x1e5 build/main.o
 .debug_loc     0x000001e5       0x39 build/gpio.o
 .debug_loc     0x0000021e      0x11a build/freertos.o
 .debug_loc     0x00000338       0x4c build/crc.o
 .debug_loc     0x00000384       0xf1 build/dma2d.o
 .debug_loc     0x00000475      0x13e build/fmc.o
 .debug_loc     0x000005b3      0x122 build/i2c.o
 .debug_loc     0x000006d5      0x162 build/ltdc.o
 .debug_loc     0x00000837      0x120 build/spi.o
 .debug_loc     0x00000957      0x11a build/tim.o
 .debug_loc     0x00000a71      0x120 build/usart.o
 .debug_loc     0x00000b91       0xe0 build/stm32f4xx_it.o
 .debug_loc     0x00000c71       0x38 build/stm32f4xx_hal_msp.o
 .debug_loc     0x00000ca9      0x150 build/stm32f4xx_hal_timebase_tim.o
 .debug_loc     0x00000df9      0xd6e build/usbh_conf.o
 .debug_loc     0x00001b67     0x4c8a build/stm32f4xx_hal_tim.o
 .debug_loc     0x000067f1     0x1b32 build/stm32f4xx_hal_tim_ex.o
 .debug_loc     0x00008323     0x104b build/stm32f4xx_hal_hcd.o
 .debug_loc     0x0000936e     0x2ab4 build/stm32f4xx_ll_usb.o
 .debug_loc     0x0000be22      0x705 build/stm32f4xx_hal_rcc.o
 .debug_loc     0x0000c527      0x62a build/stm32f4xx_hal_rcc_ex.o
 .debug_loc     0x0000cb51      0x74c build/stm32f4xx_hal_gpio.o
 .debug_loc     0x0000d29d      0xdac build/stm32f4xx_hal_dma.o
 .debug_loc     0x0000e049      0xc3b build/stm32f4xx_hal_cortex.o
 .debug_loc     0x0000ec84      0x1d6 build/stm32f4xx_hal.o
 .debug_loc     0x0000ee5a      0x2bb build/stm32f4xx_hal_crc.o
 .debug_loc     0x0000f115     0x17ad build/stm32f4xx_hal_dma2d.o
 .debug_loc     0x000108c2      0xe7d build/stm32f4xx_ll_fmc.o
 .debug_loc     0x0001173f     0x1338 build/stm32f4xx_hal_sdram.o
 .debug_loc     0x00012a77     0x4caa build/stm32f4xx_hal_i2c.o
 .debug_loc     0x00017721      0x106 build/stm32f4xx_hal_i2c_ex.o
 .debug_loc     0x00017827     0x1de9 build/stm32f4xx_hal_ltdc.o
 .debug_loc     0x00019610     0x20d3 build/stm32f4xx_hal_spi.o
 .debug_loc     0x0001b6e3     0x4fbd build/stm32f4xx_hal_uart.o
 .debug_loc     0x000206a0       0xb0 build/system_stm32f4xx.o
 .debug_loc     0x00020750       0xeb build/list.o
 .debug_loc     0x0002083b     0x1eaf build/queue.o
 .debug_loc     0x000226ea     0x25f8 build/tasks.o
 .debug_loc     0x00024ce2     0x1d9a build/cmsis_os.o
 .debug_loc     0x00026a7c      0x1c6 build/port.o
 .debug_loc     0x00026c42      0xdc7 build/usbh_core.o
 .debug_loc     0x00027a09      0x2f2 build/usbh_pipes.o
 .debug_loc     0x00027cfb       0x90 build/sysmem.o
 .debug_loc     0x00027d8b      0x583 build/syscalls.o

.debug_aranges  0x00000000     0x22b8
 .debug_aranges
                0x00000000       0x50 build/main.o
 .debug_aranges
                0x00000050       0x20 build/gpio.o
 .debug_aranges
                0x00000070       0x58 build/freertos.o
 .debug_aranges
                0x000000c8       0x30 build/crc.o
 .debug_aranges
                0x000000f8       0x30 build/dma2d.o
 .debug_aranges
                0x00000128       0x40 build/fmc.o
 .debug_aranges
                0x00000168       0x30 build/i2c.o
 .debug_aranges
                0x00000198       0x30 build/ltdc.o
 .debug_aranges
                0x000001c8       0x30 build/spi.o
 .debug_aranges
                0x000001f8       0x38 build/tim.o
 .debug_aranges
                0x00000230       0x30 build/usart.o
 .debug_aranges
                0x00000260       0x80 build/stm32f4xx_it.o
 .debug_aranges
                0x000002e0       0x20 build/stm32f4xx_hal_msp.o
 .debug_aranges
                0x00000300       0x30 build/stm32f4xx_hal_timebase_tim.o
 .debug_aranges
                0x00000330       0xe0 build/usbh_conf.o
 .debug_aranges
                0x00000410      0x3d0 build/stm32f4xx_hal_tim.o
 .debug_aranges
                0x000007e0      0x168 build/stm32f4xx_hal_tim_ex.o
 .debug_aranges
                0x00000948      0x108 build/stm32f4xx_hal_hcd.o
 .debug_aranges
                0x00000a50      0x1a0 build/stm32f4xx_ll_usb.o
 .debug_aranges
                0x00000bf0       0x88 build/stm32f4xx_hal_rcc.o
 .debug_aranges
                0x00000c78       0x58 build/stm32f4xx_hal_rcc_ex.o
 .debug_aranges
                0x00000cd0       0x58 build/stm32f4xx_hal_gpio.o
 .debug_aranges
                0x00000d28       0x90 build/stm32f4xx_hal_dma.o
 .debug_aranges
                0x00000db8       0xf8 build/stm32f4xx_hal_cortex.o
 .debug_aranges
                0x00000eb0      0x100 build/stm32f4xx_hal.o
 .debug_aranges
                0x00000fb0       0x50 build/stm32f4xx_hal_crc.o
 .debug_aranges
                0x00001000      0x118 build/stm32f4xx_hal_dma2d.o
 .debug_aranges
                0x00001118       0xf0 build/stm32f4xx_ll_fmc.o
 .debug_aranges
                0x00001208       0xe8 build/stm32f4xx_hal_sdram.o
 .debug_aranges
                0x000012f0      0x2a8 build/stm32f4xx_hal_i2c.o
 .debug_aranges
                0x00001598       0x28 build/stm32f4xx_hal_i2c_ex.o
 .debug_aranges
                0x000015c0      0x158 build/stm32f4xx_hal_ltdc.o
 .debug_aranges
                0x00001718      0x1d0 build/stm32f4xx_hal_spi.o
 .debug_aranges
                0x000018e8      0x208 build/stm32f4xx_hal_uart.o
 .debug_aranges
                0x00001af0       0x28 build/system_stm32f4xx.o
 .debug_aranges
                0x00001b18       0x40 build/list.o
 .debug_aranges
                0x00001b58      0x128 build/queue.o
 .debug_aranges
                0x00001c80      0x1d8 build/tasks.o
 .debug_aranges
                0x00001e58      0x1d8 build/cmsis_os.o
 .debug_aranges
                0x00002030       0x80 build/port.o
 .debug_aranges
                0x000020b0       0xd8 build/usbh_core.o
 .debug_aranges
                0x00002188       0x40 build/usbh_pipes.o
 .debug_aranges
                0x000021c8       0x20 build/sysmem.o
 .debug_aranges
                0x000021e8       0xa8 build/syscalls.o
 .debug_aranges
                0x00002290       0x28 build/startup_stm32f429xx.o

.debug_ranges   0x00000000     0x2260
 .debug_ranges  0x00000000       0x58 build/main.o
 .debug_ranges  0x00000058       0x10 build/gpio.o
 .debug_ranges  0x00000068       0x48 build/freertos.o
 .debug_ranges  0x000000b0       0x20 build/crc.o
 .debug_ranges  0x000000d0       0x20 build/dma2d.o
 .debug_ranges  0x000000f0       0x30 build/fmc.o
 .debug_ranges  0x00000120       0x20 build/i2c.o
 .debug_ranges  0x00000140       0x20 build/ltdc.o
 .debug_ranges  0x00000160       0x20 build/spi.o
 .debug_ranges  0x00000180       0x28 build/tim.o